             VMA              LMA     Size Align Out     In      Symbol
               0                0        0     1 KERNEL_LOAD_ADDR = 0x80200000
        80200000         80200000     1874  4096 .text
        80200000         80200000       48     1         D:\rust\bogokernel\target\riscv64gc-unknown-none-elf\debug\deps\kernel-6d55ed35400b9dc4.8bzhb9fu7en3rtrx7zpckaf8v.10m4h80.rcgu.o:(.text.entry)
        80200000         80200000        0     1                 .Lpcrel_hi0
        80200000         80200000        0     1                 $x
        80200000         80200000        0     1                 _start
        80200022         80200022        0     1                 .Lpcrel_hi1
        8020002a         8020002a        0     1                 .Lpcrel_hi2
        8020003e         8020003e        0     1                 .Lpcrel_hi3
        80200048         80200048       72     1         D:\rust\bogokernel\target\riscv64gc-unknown-none-elf\debug\deps\kernel-6d55ed35400b9dc4.8bzhb9fu7en3rtrx7zpckaf8v.10m4h80.rcgu.o:(.text.trap)
        80200048         80200048        0     1                 $x
        80200048         80200048        0     1                 __trap_entry
        802000ba         802000ba      2b0     2         D:\rust\bogokernel\target\riscv64gc-unknown-none-elf\debug\deps\kernel-6d55ed35400b9dc4.8bzhb9fu7en3rtrx7zpckaf8v.10m4h80.rcgu.o:(.text.rust_trap)
        802000ba         802000ba        0     1                 .L0 
        802000ba         802000ba        0     1                 .L0 
        802000ba         802000ba        0     1                 $x
        802000ba         802000ba        0     1                 .L0 
        802000ba         802000ba      2b0     1                 rust_trap
        802000c0         802000c0        0     1                 .L0 
        802000c4         802000c4        0     1                 .L0 
        802000c4         802000c4        0     1                 .L0 
        802000c8         802000c8        0     1                 .L0 
        802000ce         802000ce        0     1                 .L0 
        802000ce         802000ce        0     1                 .L0 
        802000d6         802000d6        0     1                 .Lpcrel_hi4
        802000e6         802000e6        0     1                 .L0 
        802000e6         802000e6        0     1                 .L0 
        802000e6         802000e6        0     1                 .L0 
        802000ec         802000ec        0     1                 .L0 
        802000f2         802000f2        0     1                 .L0 
        802000f4         802000f4        0     1                 .L0 
        802000fe         802000fe        0     1                 .L0 
        802000fe         802000fe        0     1                 .L0 
        80200104         80200104        0     1                 .Lpcrel_hi5
        80200104         80200104        0     1                 .L0 
        80200114         80200114        0     1                 .L0 
        80200114         80200114        0     1                 .L0 
        8020011a         8020011a        0     1                 .L0 
        80200120         80200120        0     1                 .L0 
        80200120         80200120        0     1                 .L0 
        80200126         80200126        0     1                 .L0 
        8020012c         8020012c        0     1                 .L0 
        8020012c         8020012c        0     1                 .L0 
        80200132         80200132        0     1                 .L0 
        80200138         80200138        0     1                 .L0 
        80200138         80200138        0     1                 .L0 
        8020013e         8020013e        0     1                 .L0 
        80200144         80200144        0     1                 .L0 
        80200144         80200144        0     1                 .L0 
        8020014a         8020014a        0     1                 .L0 
        80200150         80200150        0     1                 .L0 
        80200150         80200150        0     1                 .L0 
        80200156         80200156        0     1                 .L0 
        8020015c         8020015c        0     1                 .L0 
        8020015c         8020015c        0     1                 .L0 
        80200162         80200162        0     1                 .L0 
        80200168         80200168        0     1                 .L0 
        80200168         80200168        0     1                 .L0 
        8020016e         8020016e        0     1                 .L0 
        80200174         80200174        0     1                 .L0 
        80200174         80200174        0     1                 .L0 
        8020017a         8020017a        0     1                 .L0 
        80200180         80200180        0     1                 .L0 
        80200180         80200180        0     1                 .L0 
        80200186         80200186        0     1                 .L0 
        8020018c         8020018c        0     1                 .L0 
        8020018e         8020018e        0     1                 .L0 
        8020018e         8020018e        0     1                 .L0 
        80200196         80200196        0     1                 .L0 
        8020019c         8020019c        0     1                 .L0 
        8020019c         8020019c        0     1                 .L0 
        802001a0         802001a0        0     1                 .L0 
        802001a2         802001a2        0     1                 .L0 
        802001a6         802001a6        0     1                 .L0 
        802001a8         802001a8        0     1                 .Lpcrel_hi25
        802001b8         802001b8        0     1                 .L0 
        802001b8         802001b8        0     1                 .L0 
        802001ba         802001ba        0     1                 .L0 
        802001ba         802001ba        0     1                 .L0 
        802001c0         802001c0        0     1                 .Lpcrel_hi22
        802001c0         802001c0        0     1                 .L0 
        802001c4         802001c4        0     1                 .Lpcrel_hi23
        802001c4         802001c4        0     1                 .L0 
        802001c8         802001c8        0     1                 .L0 
        802001d2         802001d2        0     1                 .L0 
        802001de         802001de        0     1                 .L0 
        802001e0         802001e0        0     1                 .L0 
        802001e0         802001e0        0     1                 .L0 
        802001e2         802001e2        0     1                 .Lpcrel_hi24
        802001f0         802001f0        0     1                 .L0 
        802001f0         802001f0        0     1                 .L0 
        802001f2         802001f2        0     1                 .Lpcrel_hi19
        802001f2         802001f2        0     1                 .L0 
        802001f6         802001f6        0     1                 .Lpcrel_hi20
        802001f6         802001f6        0     1                 .L0 
        802001fc         802001fc        0     1                 .L0 
        80200206         80200206        0     1                 .L0 
        80200214         80200214        0     1                 .Lpcrel_hi21
        80200220         80200220        0     1                 .L0 
        8020022c         8020022c        0     1                 .L0 
        80200230         80200230        0     1                 .L0 
        80200230         80200230        0     1                 .L0 
        80200232         80200232        0     1                 .L0 
        80200234         80200234        0     1                 .L0 
        8020023a         8020023a        0     1                 .L0 
        8020023a         8020023a        0     1                 .L0 
        80200244         80200244        0     1                 .L0 
        80200244         80200244        0     1                 .L0 
        80200248         80200248        0     1                 .L0 
        80200248         80200248        0     1                 .L0 
        8020025a         8020025a        0     1                 .L0 
        8020025c         8020025c        0     1                 .L0 
        80200260         80200260        0     1                 .L0 
        80200264         80200264        0     1                 .L0 
        80200264         80200264        0     1                 .Lpcrel_hi6
        80200272         80200272        0     1                 .L0 
        80200276         80200276        0     1                 .Lpcrel_hi8
        80200276         80200276        0     1                 .L0 
        8020027e         8020027e        0     1                 .Lpcrel_hi9
        80200286         80200286        0     1                 .L0 
        80200292         80200292        0     1                 .L0 
        80200294         80200294        0     1                 .L0 
        80200294         80200294        0     1                 .L0 
        80200298         80200298        0     1                 .L0 
        8020029a         8020029a        0     1                 .Lpcrel_hi11
        8020029e         8020029e        0     1                 .Lpcrel_hi12
        8020029e         8020029e        0     1                 .L0 
        802002a6         802002a6        0     1                 .L0 
        802002b0         802002b0        0     1                 .L0 
        802002be         802002be        0     1                 .Lpcrel_hi13
        802002d2         802002d2        0     1                 .L0 
        802002e2         802002e2        0     1                 .Lpcrel_hi14
        802002e2         802002e2        0     1                 .L0 
        802002e8         802002e8        0     1                 .Lpcrel_hi15
        802002ec         802002ec        0     1                 .L0 
        802002ec         802002ec        0     1                 .Lpcrel_hi16
        802002f6         802002f6        0     1                 .L0 
        802002f8         802002f8        0     1                 .L0 
        80200300         80200300        0     1                 .L0 
        80200308         80200308        0     1                 .L0 
        8020030c         8020030c        0     1                 .L0 
        80200316         80200316        0     1                 .L0 
        80200318         80200318        0     1                 .L0 
        80200318         80200318        0     1                 .Lpcrel_hi17
        80200330         80200330        0     1                 .Lpcrel_hi18
        80200344         80200344        0     1                 .L0 
        80200344         80200344        0     1                 .L0 
        8020034a         8020034a        0     1                 .L0 
        8020034a         8020034a        0     1                 .Lpcrel_hi7
        8020034a         8020034a        0     1                 .L0 
        8020035a         8020035a        0     1                 .Lpcrel_hi10
        8020036a         8020036a        0     1                 .L0 
        8020036a         8020036a        0     1                 .L0 
        8020036a         8020036a       4a     2         D:\rust\bogokernel\target\riscv64gc-unknown-none-elf\debug\deps\kernel-6d55ed35400b9dc4.8bzhb9fu7en3rtrx7zpckaf8v.10m4h80.rcgu.o:(.text._ZN66_$LT$riscv..register..scause..Trap$u20$as$u20$core..fmt..Debug$GT$3fmt17h13b3f40e7f5061dcE)
        8020036a         8020036a       4a     1                 _$LT$riscv..register..scause..Trap$u20$as$u20$core..fmt..Debug$GT$::fmt::h13b3f40e7f5061dc
        8020036a         8020036a        0     1                 .L0 
        8020036a         8020036a        0     1                 .L0 
        8020036a         8020036a        0     1                 $x
        8020036a         8020036a        0     1                 .L0 
        80200370         80200370        0     1                 .L0 
        80200378         80200378        0     1                 .L0 
        8020037a         8020037a        0     1                 .Lpcrel_hi26
        8020037a         8020037a        0     1                 .L0 
        8020037a         8020037a        0     1                 .L0 
        8020037e         8020037e        0     1                 .Lpcrel_hi27
        8020038e         8020038e        0     1                 .L0 
        80200390         80200390        0     1                 .Lpcrel_hi28
        80200390         80200390        0     1                 .L0 
        80200394         80200394        0     1                 .Lpcrel_hi29
        802003b4         802003b4        0     1                 .L0 
        802003b4         802003b4       70     2         D:\rust\bogokernel\target\riscv64gc-unknown-none-elf\debug\deps\kernel-6d55ed35400b9dc4.8bzhb9fu7en3rtrx7zpckaf8v.10m4h80.rcgu.o:(.text.after_user)
        802003b4         802003b4        0     1                 .L0 
        802003b4         802003b4        0     1                 .L0 
        802003b4         802003b4        0     1                 $x
        802003b4         802003b4        0     1                 .L0 
        802003b4         802003b4       70     1                 after_user
        802003b6         802003b6        0     1                 .L0 
        802003be         802003be        0     1                 .Lpcrel_hi30
        802003ce         802003ce        0     1                 .L0 
        802003ce         802003ce        0     1                 .L0 
        802003d8         802003d8        0     1                 .L0 
        802003dc         802003dc        0     1                 .L0 
        802003dc         802003dc        0     1                 .L0 
        802003e0         802003e0        0     1                 .L0 
        802003e0         802003e0        0     1                 .L0 
        802003e4         802003e4        0     1                 .L0 
        802003e8         802003e8        0     1                 .L0 
        802003e8         802003e8        0     1                 .L0 
        802003ee         802003ee        0     1                 .L0 
        802003f0         802003f0        0     1                 .L0 
        802003f4         802003f4        0     1                 .L0 
        802003f4         802003f4        0     1                 .L0 
        802003f8         802003f8        0     1                 .L0 
        802003f8         802003f8        0     1                 .L0 
        802003fc         802003fc        0     1                 .L0 
        80200402         80200402        0     1                 .L0 
        80200402         80200402        0     1                 .L0 
        80200406         80200406        0     1                 .L0 
        8020040a         8020040a        0     1                 .L0 
        80200412         80200412        0     1                 .L0 
        80200412         80200412        0     1                 .L0 
        80200416         80200416        0     1                 .L0 
        8020041e         8020041e        0     1                 .L0 
        8020041e         8020041e        0     1                 .L0 
        80200422         80200422        0     1                 .L0 
        80200424         80200424        0     1                 .L0 
        80200424         80200424      11e     2         D:\rust\bogokernel\target\riscv64gc-unknown-none-elf\debug\deps\kernel-6d55ed35400b9dc4.8bzhb9fu7en3rtrx7zpckaf8v.10m4h80.rcgu.o:(.text._RNvCs4pED7du1fNF_7___rustc17rust_begin_unwind)
        80200424         80200424        0     1                 .L0 
        80200424         80200424        0     1                 .L0 
        80200424         80200424        0     1                 $x
        80200424         80200424        0     1                 .L0 
        80200424         80200424      11e     1                 __rustc::rust_begin_unwind
        80200436         80200436        0     1                 .L0 
        8020043c         8020043c        0     1                 .Lpcrel_hi31
        8020044c         8020044c        0     1                 .L0 
        8020044c         8020044c        0     1                 .L0 
        80200456         80200456        0     1                 .L0 
        8020045a         8020045a        0     1                 .L0 
        8020045a         8020045a        0     1                 .L0 
        8020045e         8020045e        0     1                 .L0 
        8020045e         8020045e        0     1                 .L0 
        80200462         80200462        0     1                 .L0 
        80200466         80200466        0     1                 .L0 
        80200466         80200466        0     1                 .L0 
        8020046c         8020046c        0     1                 .L0 
        8020046e         8020046e        0     1                 .L0 
        80200472         80200472        0     1                 .L0 
        80200472         80200472        0     1                 .L0 
        80200476         80200476        0     1                 .L0 
        80200476         80200476        0     1                 .L0 
        8020047a         8020047a        0     1                 .L0 
        80200480         80200480        0     1                 .L0 
        80200480         80200480        0     1                 .L0 
        80200484         80200484        0     1                 .L0 
        80200488         80200488        0     1                 .L0 
        80200490         80200490        0     1                 .L0 
        80200490         80200490        0     1                 .L0 
        80200494         80200494        0     1                 .L0 
        8020049c         8020049c        0     1                 .L0 
        8020049c         8020049c        0     1                 .L0 
        802004a2         802004a2        0     1                 .L0 
        802004a2         802004a2        0     1                 .Lpcrel_hi32
        802004a8         802004a8        0     1                 .Lpcrel_hi33
        802004ae         802004ae        0     1                 .L0 
        802004ae         802004ae        0     1                 .Lpcrel_hi34
        802004ba         802004ba        0     1                 .L0 
        802004c2         802004c2        0     1                 .L0 
        802004ce         802004ce        0     1                 .L0 
        802004d2         802004d2        0     1                 .L0 
        802004d4         802004d4        0     1                 .L0 
        802004d6         802004d6        0     1                 .L0 
        802004e2         802004e2        0     1                 .L0 
        802004ea         802004ea        0     1                 .L0 
        802004ec         802004ec        0     1                 .Lpcrel_hi35
        80200504         80200504        0     1                 .L0 
        80200508         80200508        0     1                 .Lpcrel_hi36
        8020050c         8020050c        0     1                 .Lpcrel_hi37
        8020050c         8020050c        0     1                 .L0 
        80200512         80200512        0     1                 .L0 
        8020051c         8020051c        0     1                 .L0 
        80200528         80200528        0     1                 .L0 
        8020052a         8020052a        0     1                 .L0 
        8020053c         8020053c        0     1                 .L0 
        80200540         80200540        0     1                 .L0 
        80200542         80200542        0     1                 .L0 
        80200542         80200542       36     2         D:\rust\bogokernel\target\riscv64gc-unknown-none-elf\debug\deps\kernel-6d55ed35400b9dc4.8bzhb9fu7en3rtrx7zpckaf8v.10m4h80.rcgu.o:(.text._ZN76_$LT$core..panic..panic_info..PanicMessage$u20$as$u20$core..fmt..Display$GT$3fmt17h1db35bdad7d9691fE)
        80200542         80200542       36     1                 _$LT$core..panic..panic_info..PanicMessage$u20$as$u20$core..fmt..Display$GT$::fmt::h1db35bdad7d9691f
        80200542         80200542        0     1                 .L0 
        80200542         80200542        0     1                 .L0 
        80200542         80200542        0     1                 $x
        80200542         80200542        0     1                 .L0 
        80200548         80200548        0     1                 .L0 
        8020054c         8020054c        0     1                 .L0 
        80200558         80200558        0     1                 .L0 
        80200572         80200572        0     1                 .L0 
        80200578         80200578        0     1                 .L0 
        80200578         80200578       44     2         D:\rust\bogokernel\target\riscv64gc-unknown-none-elf\debug\deps\kernel-6d55ed35400b9dc4.8bzhb9fu7en3rtrx7zpckaf8v.10m4h80.rcgu.o:(.text._ZN6kernel10enter_user17hb9eba63d0fd53f1bE)
        80200578         80200578       44     1                 kernel::enter_user::hb9eba63d0fd53f1b
        80200578         80200578        0     1                 .L0 
        80200578         80200578        0     1                 .L0 
        80200578         80200578        0     1                 .Lpcrel_hi38
        80200578         80200578        0     1                 $x
        80200578         80200578        0     1                 .L0 
        8020057c         8020057c        0     1                 .L0 
        8020057c         8020057c        0     1                 .Lpcrel_hi39
        80200580         80200580        0     1                 .L0 
        80200588         80200588        0     1                 .L0 
        80200588         80200588        0     1                 .L0 
        80200594         80200594        0     1                 .Lpcrel_hi40
        802005a4         802005a4        0     1                 .L0 
        802005a4         802005a4        0     1                 .L0 
        802005aa         802005aa        0     1                 .L0 
        802005b2         802005b2        0     1                 .L0 
        802005bc         802005bc        0     1                 .L0 
        802005bc         802005bc       40     2         D:\rust\bogokernel\target\riscv64gc-unknown-none-elf\debug\deps\kernel-6d55ed35400b9dc4.8bzhb9fu7en3rtrx7zpckaf8v.10m4h80.rcgu.o:(.text.rust_start)
        802005bc         802005bc        0     1                 .L0 
        802005bc         802005bc        0     1                 .L0 
        802005bc         802005bc        0     1                 $x
        802005bc         802005bc        0     1                 .L0 
        802005bc         802005bc       40     1                 rust_start
        802005c0         802005c0        0     1                 .Lpcrel_hi41
        802005c0         802005c0        0     1                 .L0 
        802005fc         802005fc        0     1                 .L0 
        802005fc         802005fc       1c     2         D:\rust\bogokernel\target\riscv64gc-unknown-none-elf\debug\deps\kernel-6d55ed35400b9dc4.8bzhb9fu7en3rtrx7zpckaf8v.10m4h80.rcgu.o:(.text._ZN6kernel4trap4init17h5537feab4dd0d560E)
        802005fc         802005fc       1c     1                 kernel::trap::init::h5537feab4dd0d560
        802005fc         802005fc        0     1                 .L0 
        802005fc         802005fc        0     1                 .L0 
        802005fc         802005fc        0     1                 .Lpcrel_hi42
        802005fc         802005fc        0     1                 $x
        802005fc         802005fc        0     1                 .L0 
        8020060a         8020060a        0     1                 .L0 
        80200612         80200612        0     1                 .L0 
        80200618         80200618        0     1                 .L0 
        80200618         80200618       3c     2         D:\rust\bogokernel\target\riscv64gc-unknown-none-elf\debug\deps\kernel-6d55ed35400b9dc4.8bzhb9fu7en3rtrx7zpckaf8v.10m4h80.rcgu.o:(.text._ZN6kernel5timer4init17h23823bf2a4185eebE)
        80200618         80200618       3c     1                 kernel::timer::init::h23823bf2a4185eeb
        80200618         80200618        0     1                 .L0 
        80200618         80200618        0     1                 .L0 
        80200618         80200618        0     1                 $x
        80200618         80200618        0     1                 .L0 
        80200622         80200622        0     1                 .L0 
        80200622         80200622        0     1                 .L0 
        80200626         80200626        0     1                 .L0 
        80200632         80200632        0     1                 .L0 
        8020063a         8020063a        0     1                 .L0 
        80200642         80200642        0     1                 .L0 
        80200644         80200644        0     1                 .L0 
        80200644         80200644        0     1                 .Lpcrel_hi43
        80200654         80200654        0     1                 .L0 
        80200654         80200654        0     1                 .L0 
        80200654         80200654       34     2         D:\rust\bogokernel\target\riscv64gc-unknown-none-elf\debug\deps\kernel-6d55ed35400b9dc4.8bzhb9fu7en3rtrx7zpckaf8v.10m4h80.rcgu.o:(.text._ZN4core3fmt5Write9write_fmt17hcc6444eaf295aae2E)
        80200654         80200654       34     1                 core::fmt::Write::write_fmt::hcc6444eaf295aae2
        80200654         80200654        0     1                 .L0 
        80200654         80200654        0     1                 .L0 
        80200654         80200654        0     1                 $x
        80200654         80200654        0     1                 .L0 
        80200658         80200658        0     1                 .L0 
        80200670         80200670        0     1                 .Lpcrel_hi44
        80200688         80200688        0     1                 .L0 
        80200688         80200688      118     2         D:\rust\bogokernel\target\riscv64gc-unknown-none-elf\debug\deps\kernel-6d55ed35400b9dc4.8bzhb9fu7en3rtrx7zpckaf8v.10m4h80.rcgu.o:(.text._ZN4core3fmt5Write10write_char17h093465c5641e88f7E)
        80200688         80200688      118     1                 core::fmt::Write::write_char::h093465c5641e88f7
        80200688         80200688        0     1                 .L0 
        80200688         80200688        0     1                 .L0 
        80200688         80200688        0     1                 $x
        80200688         80200688        0     1                 .L0 
        80200690         80200690        0     1                 .L0 
        80200690         80200690        0     1                 .L0 
        80200694         80200694        0     1                 .L0 
        80200694         80200694        0     1                 .L0 
        80200696         80200696        0     1                 .L0 
        80200696         80200696        0     1                 .L0 
        8020069c         8020069c        0     1                 .L0 
        8020069c         8020069c        0     1                 .L0 
        802006a2         802006a2        0     1                 .L0 
        802006a2         802006a2        0     1                 .L0 
        802006a4         802006a4        0     1                 .L0 
        802006a4         802006a4        0     1                 .L0 
        802006a8         802006a8        0     1                 .L0 
        802006ae         802006ae        0     1                 .L0 
        802006ae         802006ae        0     1                 .L0 
        802006c6         802006c6        0     1                 .L0 
        802006c8         802006c8        0     1                 .L0 
        802006c8         802006c8        0     1                 .L0 
        802006d2         802006d2        0     1                 .L0 
        802006d2         802006d2        0     1                 .L0 
        802006d6         802006d6        0     1                 .L0 
        802006d6         802006d6        0     1                 .L0 
        802006da         802006da        0     1                 .L0 
        802006e2         802006e2        0     1                 .L0 
        802006e4         802006e4        0     1                 .L0 
        802006e8         802006e8        0     1                 .L0 
        802006f2         802006f2        0     1                 .L0 
        802006f2         802006f2        0     1                 .L0 
        802006f6         802006f6        0     1                 .L0 
        802006f6         802006f6        0     1                 .L0 
        802006fa         802006fa        0     1                 .L0 
        802006fe         802006fe        0     1                 .L0 
        80200704         80200704        0     1                 .L0 
        80200706         80200706        0     1                 .L0 
        8020070a         8020070a        0     1                 .L0 
        8020070a         8020070a        0     1                 .L0 
        8020070e         8020070e        0     1                 .L0 
        8020070e         8020070e        0     1                 .L0 
        80200712         80200712        0     1                 .L0 
        80200718         80200718        0     1                 .L0 
        80200718         80200718        0     1                 .L0 
        8020071c         8020071c        0     1                 .L0 
        80200720         80200720        0     1                 .L0 
        80200726         80200726        0     1                 .L0 
        80200728         80200728        0     1                 .L0 
        8020072a         8020072a        0     1                 .L0 
        8020072a         8020072a        0     1                 .L0 
        8020072e         8020072e        0     1                 .L0 
        80200736         80200736        0     1                 .L0 
        80200736         80200736        0     1                 .L0 
        8020073c         8020073c        0     1                 .L0 
        8020073c         8020073c        0     1                 .L0 
        80200742         80200742        0     1                 .L0 
        80200742         80200742        0     1                 .L0 
        80200764         80200764        0     1                 .L0 
        8020076a         8020076a        0     1                 .L0 
        8020079e         8020079e        0     1                 .L0 
        802007a0         802007a0        0     1                 .L0 
        802007a0         802007a0        0     1                 .L0 
        802007a0         802007a0       5e     2         D:\rust\bogokernel\target\riscv64gc-unknown-none-elf\debug\deps\kernel-6d55ed35400b9dc4.8bzhb9fu7en3rtrx7zpckaf8v.10m4h80.rcgu.o:(.text._ZN55_$LT$kernel..uart..Uart$u20$as$u20$core..fmt..Write$GT$9write_str17he0ce69f569a92bf9E)
        802007a0         802007a0       5e     1                 _$LT$kernel..uart..Uart$u20$as$u20$core..fmt..Write$GT$::write_str::he0ce69f569a92bf9
        802007a0         802007a0        0     1                 .L0 
        802007a0         802007a0        0     1                 .L0 
        802007a0         802007a0        0     1                 $x
        802007a0         802007a0        0     1                 .L0 
        802007a4         802007a4        0     1                 .L0 
        802007a6         802007a6        0     1                 .L0 
        802007ac         802007ac        0     1                 .L0 
        802007b6         802007b6        0     1                 .L0 
        802007b6         802007b6        0     1                 .L0 
        802007ba         802007ba        0     1                 .L0 
        802007ba         802007ba        0     1                 .L0 
        802007be         802007be        0     1                 .L0 
        802007c2         802007c2        0     1                 .L0 
        802007c8         802007c8        0     1                 .L0 
        802007ca         802007ca        0     1                 .L0 
        802007ce         802007ce        0     1                 .L0 
        802007ce         802007ce        0     1                 .L0 
        802007d2         802007d2        0     1                 .L0 
        802007d2         802007d2        0     1                 .L0 
        802007d6         802007d6        0     1                 .L0 
        802007dc         802007dc        0     1                 .L0 
        802007dc         802007dc        0     1                 .L0 
        802007e0         802007e0        0     1                 .L0 
        802007e4         802007e4        0     1                 .L0 
        802007ea         802007ea        0     1                 .L0 
        802007ec         802007ec        0     1                 .L0 
        802007ee         802007ee        0     1                 .L0 
        802007ee         802007ee        0     1                 .L0 
        802007f2         802007f2        0     1                 .L0 
        802007fa         802007fa        0     1                 .L0 
        802007fa         802007fa        0     1                 .L0 
        802007fe         802007fe        0     1                 .L0 
        802007fe         802007fe       c4     2         D:\rust\bogokernel\target\riscv64gc-unknown-none-elf\debug\deps\kernel-6d55ed35400b9dc4.8bzhb9fu7en3rtrx7zpckaf8v.10m4h80.rcgu.o:(.text.user_main)
        802007fe         802007fe        0     1                 .L0 
        802007fe         802007fe        0     1                 .L0 
        802007fe         802007fe        0     1                 $x
        802007fe         802007fe        0     1                 .L0 
        802007fe         802007fe       c4     1                 user_main
        802008ba         802008ba        0     1                 .L0 
        802008c2         802008c2        0     1                 .L0 
        802008c2         802008c2       2c     2         D:\rust\bogokernel\target\riscv64gc-unknown-none-elf\debug\deps\kernel-6d55ed35400b9dc4.8bzhb9fu7en3rtrx7zpckaf8v.10m4h80.rcgu.o:(.text._ZN42_$LT$$RF$T$u20$as$u20$core..fmt..Debug$GT$3fmt17hc924d3c0ccf2f6a5E)
        802008c2         802008c2       2c     1                 _$LT$$RF$T$u20$as$u20$core..fmt..Debug$GT$::fmt::hc924d3c0ccf2f6a5
        802008c2         802008c2        0     1                 .L0 
        802008c2         802008c2        0     1                 .L0 
        802008c2         802008c2        0     1                 $x
        802008c2         802008c2        0     1                 .L0 
        802008c4         802008c4        0     1                 .L0 
        802008c4         802008c4        0     1                 .Lpcrel_hi45
        802008cc         802008cc        0     1                 .Lpcrel_hi46
        802008ee         802008ee        0     1                 .L0 
        802008ee         802008ee       2c     2         D:\rust\bogokernel\target\riscv64gc-unknown-none-elf\debug\deps\kernel-6d55ed35400b9dc4.8bzhb9fu7en3rtrx7zpckaf8v.10m4h80.rcgu.o:(.text._ZN42_$LT$$RF$T$u20$as$u20$core..fmt..Debug$GT$3fmt17h8a3ef0349bc2fee8E)
        802008ee         802008ee       2c     1                 _$LT$$RF$T$u20$as$u20$core..fmt..Debug$GT$::fmt::h8a3ef0349bc2fee8
        802008ee         802008ee        0     1                 .L0 
        802008ee         802008ee        0     1                 .L0 
        802008ee         802008ee        0     1                 $x
        802008ee         802008ee        0     1                 .L0 
        802008f0         802008f0        0     1                 .L0 
        802008f0         802008f0        0     1                 .Lpcrel_hi47
        802008f8         802008f8        0     1                 .Lpcrel_hi48
        8020091a         8020091a        0     1                 .L0 
        8020091a         8020091a       14     2         D:\rust\bogokernel\target\riscv64gc-unknown-none-elf\debug\deps\kernel-6d55ed35400b9dc4.8bzhb9fu7en3rtrx7zpckaf8v.10m4h80.rcgu.o:(.text._ZN44_$LT$$RF$T$u20$as$u20$core..fmt..Display$GT$3fmt17h24549ded31a78bc4E)
        8020091a         8020091a       14     1                 _$LT$$RF$T$u20$as$u20$core..fmt..Display$GT$::fmt::h24549ded31a78bc4
        8020091a         8020091a        0     1                 .L0 
        8020091a         8020091a        0     1                 .L0 
        8020091a         8020091a        0     1                 $x
        8020091a         8020091a        0     1                 .L0 
        8020092e         8020092e        0     1                 .L0 
        8020092e         8020092e       66     2         C:\Users\Magnus\.rustup\toolchains\nightly-x86_64-pc-windows-msvc\lib\rustlib\riscv64gc-unknown-none-elf\lib\libcore-6873ca3f970f9a34.rlib(core-6873ca3f970f9a34.core.d22cbba136389eb0-cgu.0.rcgu.o):(.text._ZN4core3fmt3num53_$LT$impl$u20$core..fmt..LowerHex$u20$for$u20$i64$GT$3fmt17he8fd4bd007576b76E)
        8020092e         8020092e        0     1                 .L0 
        8020092e         8020092e        0     1                 .L0 
        8020092e         8020092e        0     1                 $x
        8020092e         8020092e        0     1                 .L0 
        8020092e         8020092e       66     1                 core::fmt::num::_$LT$impl$u20$core..fmt..LowerHex$u20$for$u20$i64$GT$::fmt::he8fd4bd007576b76
        8020092e         8020092e       66     1                 core::fmt::num::_$LT$impl$u20$core..fmt..LowerHex$u20$for$u20$usize$GT$::fmt::ha8b797b3e5938554
        8020092e         8020092e       66     1                 core::fmt::num::_$LT$impl$u20$core..fmt..LowerHex$u20$for$u20$u64$GT$::fmt::ha4d5fdb55cb9a94f
        8020092e         8020092e       66     1                 core::fmt::num::_$LT$impl$u20$core..fmt..LowerHex$u20$for$u20$isize$GT$::fmt::h0e912713f281bf06
        8020093c         8020093c        0     1                 .L0 
        8020093c         8020093c        0     1                 .L0 
        80200944         80200944        0     1                 .L0 
        8020094a         8020094a        0     1                 .L0 
        8020094e         8020094e        0     1                 .L0 
        8020094e         8020094e        0     1                 .L0 
        80200954         80200954        0     1                 .L0 
        80200954         80200954        0     1                 .L0 
        80200958         80200958        0     1                 .L0 
        80200958         80200958        0     1                 .L0 
        80200960         80200960        0     1                 .L0 
        80200962         80200962        0     1                 .L0 
        80200966         80200966        0     1                 .L0 
        80200966         80200966        0     1                 .L0 
        8020096c         8020096c        0     1                 .L0 
        80200976         80200976        0     1                 .Lpcrel_hi14
        80200994         80200994        0     1                 .L0 
        80200994         80200994      13a     2         C:\Users\Magnus\.rustup\toolchains\nightly-x86_64-pc-windows-msvc\lib\rustlib\riscv64gc-unknown-none-elf\lib\libcore-6873ca3f970f9a34.rlib(core-6873ca3f970f9a34.core.d22cbba136389eb0-cgu.0.rcgu.o):(.text._ZN4core3fmt3num3imp52_$LT$impl$u20$core..fmt..Display$u20$for$u20$u32$GT$3fmt17h64d4789b153fc004E)
        80200994         80200994        0     1                 .L0 
        80200994         80200994        0     1                 .L0 
        80200994         80200994        0     1                 $x
        80200994         80200994        0     1                 .L0 
        80200994         80200994      13a     1                 core::fmt::num::imp::_$LT$impl$u20$core..fmt..Display$u20$for$u20$u32$GT$::fmt::h64d4789b153fc004
        802009a8         802009a8        0     1                 .Lpcrel_hi76
        802009b2         802009b2        0     1                 .L0 
        802009b2         802009b2        0     1                 .L0 
        802009e0         802009e0        0     1                 .L0 
        80200a26         80200a26        0     1                 .L0 
        80200a2a         80200a2a        0     1                 .L0 
        80200a2e         80200a2e        0     1                 .L0 
        80200a32         80200a32        0     1                 .L0 
        80200a36         80200a36        0     1                 .L0 
        80200a3c         80200a3c        0     1                 .L0 
        80200a3e         80200a3e        0     1                 .L0 
        80200a42         80200a42        0     1                 .L0 
        80200a78         80200a78        0     1                 .L0 
        80200a7c         80200a7c        0     1                 .L0 
        80200a82         80200a82        0     1                 .L0 
        80200a88         80200a88        0     1                 .L0 
        80200a9a         80200a9a        0     1                 .L0 
        80200a9e         80200a9e        0     1                 .L0 
        80200aa4         80200aa4        0     1                 .L0 
        80200aa8         80200aa8        0     1                 .L0 
        80200aaa         80200aaa        0     1                 .L0 
        80200ac8         80200ac8        0     1                 .L0 
        80200ac8         80200ac8        0     1                 .L0 
        80200ace         80200ace        0     1                 .L0 
        80200ace         80200ace        0     1                 .L0 
        80200ace         80200ace      13c     2         C:\Users\Magnus\.rustup\toolchains\nightly-x86_64-pc-windows-msvc\lib\rustlib\riscv64gc-unknown-none-elf\lib\libcore-6873ca3f970f9a34.rlib(core-6873ca3f970f9a34.core.d22cbba136389eb0-cgu.0.rcgu.o):(.text._ZN4core3fmt3num3imp52_$LT$impl$u20$core..fmt..Display$u20$for$u20$u64$GT$3fmt17h459d20970ace85f7E)
        80200ace         80200ace        0     1                 .L0 
        80200ace         80200ace        0     1                 .L0 
        80200ace         80200ace        0     1                 $x
        80200ace         80200ace        0     1                 .L0 
        80200ace         80200ace      13c     1                 core::fmt::num::imp::_$LT$impl$u20$core..fmt..Display$u20$for$u20$u64$GT$::fmt::h459d20970ace85f7
        80200ace         80200ace      13c     1                 core::fmt::num::imp::_$LT$impl$u20$core..fmt..Display$u20$for$u20$usize$GT$::fmt::hec246c5a521f0b26
        80200ae2         80200ae2        0     1                 .Lpcrel_hi123
        80200aea         80200aea        0     1                 .L0 
        80200aea         80200aea        0     1                 .L0 
        80200aee         80200aee        0     1                 .L0 
        80200af4         80200af4        0     1                 .Lpcrel_hi124
        80200b5c         80200b5c        0     1                 .L0 
        80200b60         80200b60        0     1                 .L0 
        80200b64         80200b64        0     1                 .L0 
        80200b68         80200b68        0     1                 .L0 
        80200b6c         80200b6c        0     1                 .L0 
        80200b72         80200b72        0     1                 .L0 
        80200b7e         80200b7e        0     1                 .L0 
        80200b84         80200b84        0     1                 .L0 
        80200b88         80200b88        0     1                 .L0 
        80200bc0         80200bc0        0     1                 .L0 
        80200bc4         80200bc4        0     1                 .L0 
        80200bca         80200bca        0     1                 .L0 
        80200bd2         80200bd2        0     1                 .L0 
        80200be2         80200be2        0     1                 .L0 
        80200bec         80200bec        0     1                 .L0 
        80200bee         80200bee        0     1                 .L0 
        80200c0a         80200c0a        0     1                 .L0 
        80200c0a         80200c0a      18c     2         C:\Users\Magnus\.rustup\toolchains\nightly-x86_64-pc-windows-msvc\lib\rustlib\riscv64gc-unknown-none-elf\lib\libcore-6873ca3f970f9a34.rlib(core-6873ca3f970f9a34.core.d22cbba136389eb0-cgu.0.rcgu.o):(.text._ZN4core3str5count14do_count_chars17h780613030ee15a12E)
        80200c0a         80200c0a        0     1                 .L0 
        80200c0a         80200c0a        0     1                 .L0 
        80200c0a         80200c0a        0     1                 $x
        80200c0a         80200c0a        0     1                 .L0 
        80200c0a         80200c0a      18c     1                 core::str::count::do_count_chars::h780613030ee15a12
        80200c10         80200c10        0     1                 .L0 
        80200c1a         80200c1a        0     1                 .L0 
        80200c1e         80200c1e        0     1                 .L0 
        80200c1e         80200c1e        0     1                 .L0 
        80200c20         80200c20        0     1                 .L0 
        80200c20         80200c20        0     1                 .L0 
        80200c22         80200c22        0     1                 .L0 
        80200c2a         80200c2a        0     1                 .L0 
        80200c32         80200c32        0     1                 .L0 
        80200c34         80200c34        0     1                 .L0 
        80200c38         80200c38        0     1                 .L0 
        80200c3e         80200c3e        0     1                 .L0 
        80200c42         80200c42        0     1                 .L0 
        80200c46         80200c46        0     1                 .L0 
        80200c46         80200c46        0     1                 .L0 
        80200c4a         80200c4a        0     1                 .L0 
        80200c52         80200c52        0     1                 .L0 
        80200c52         80200c52        0     1                 .L0 
        80200c56         80200c56        0     1                 .L0 
        80200c5c         80200c5c        0     1                 .L0 
        80200c64         80200c64        0     1                 .L0 
        80200c66         80200c66        0     1                 .L0 
        80200c6a         80200c6a        0     1                 .L0 
        80200c6c         80200c6c        0     1                 .L0 
        80200c6c         80200c6c        0     1                 .L0 
        80200c70         80200c70        0     1                 .L0 
        80200c80         80200c80        0     1                 .L0 
        80200c88         80200c88        0     1                 .L0 
        80200c8a         80200c8a        0     1                 .L0 
        80200c8e         80200c8e        0     1                 .L0 
        80200cb6         80200cb6        0     1                 .L0 
        80200cba         80200cba        0     1                 .L0 
        80200cc4         80200cc4        0     1                 .L0 
        80200cd2         80200cd2        0     1                 .L0 
        80200cd8         80200cd8        0     1                 .L0 
        80200cdc         80200cdc        0     1                 .L0 
        80200cf0         80200cf0        0     1                 .L0 
        80200cf0         80200cf0        0     1                 .L0 
        80200cf6         80200cf6        0     1                 .L0 
        80200cf6         80200cf6        0     1                 .L0 
        80200cfc         80200cfc        0     1                 .L0 
        80200d0a         80200d0a        0     1                 .L0 
        80200d36         80200d36        0     1                 .L0 
        80200d38         80200d38        0     1                 .L0 
        80200d44         80200d44        0     1                 .L0 
        80200d48         80200d48        0     1                 .L0 
        80200d4c         80200d4c        0     1                 .L0 
        80200d54         80200d54        0     1                 .L0 
        80200d5e         80200d5e        0     1                 .L0 
        80200d66         80200d66        0     1                 .L0 
        80200d68         80200d68        0     1                 .L0 
        80200d76         80200d76        0     1                 .L0 
        80200d78         80200d78        0     1                 .L0 
        80200d78         80200d78        0     1                 .L0 
        80200d7c         80200d7c        0     1                 .L0 
        80200d7c         80200d7c        0     1                 .L0 
        80200d88         80200d88        0     1                 .L0 
        80200d96         80200d96        0     1                 .L0 
        80200d96         80200d96        8     2         C:\Users\Magnus\.rustup\toolchains\nightly-x86_64-pc-windows-msvc\lib\rustlib\riscv64gc-unknown-none-elf\lib\libcore-6873ca3f970f9a34.rlib(core-6873ca3f970f9a34.core.d22cbba136389eb0-cgu.0.rcgu.o):(.text._ZN4core3fmt9Formatter9write_str17h20e3c650320b7f1bE)
        80200d96         80200d96        0     1                 .L0 
        80200d96         80200d96        0     1                 .L0 
        80200d96         80200d96        0     1                 $x
        80200d96         80200d96        0     1                 .L0 
        80200d96         80200d96        8     1                 core::fmt::Formatter::write_str::h20e3c650320b7f1b
        80200d96         80200d96        8     1                 _$LT$core..fmt..Formatter$u20$as$u20$core..fmt..Write$GT$::write_str::hd830e570034a73d5
        80200d9e         80200d9e        0     1                 .L0 
        80200d9e         80200d9e      250     2         C:\Users\Magnus\.rustup\toolchains\nightly-x86_64-pc-windows-msvc\lib\rustlib\riscv64gc-unknown-none-elf\lib\libcore-6873ca3f970f9a34.rlib(core-6873ca3f970f9a34.core.d22cbba136389eb0-cgu.0.rcgu.o):(.text._ZN4core3fmt9Formatter12pad_integral17he1be340114daf620E)
        80200d9e         80200d9e        0     1                 .L0 
        80200d9e         80200d9e        0     1                 .L0 
        80200d9e         80200d9e        0     1                 $x
        80200d9e         80200d9e        0     1                 .L0 
        80200d9e         80200d9e      250     1                 core::fmt::Formatter::pad_integral::he1be340114daf620
        80200dc6         80200dc6        0     1                 .L0 
        80200dc8         80200dc8        0     1                 .L0 
        80200dc8         80200dc8        0     1                 .L0 
        80200dd8         80200dd8        0     1                 .L0 
        80200dda         80200dda        0     1                 .L0 
        80200de4         80200de4        0     1                 .L0 
        80200dec         80200dec        0     1                 .L0 
        80200df0         80200df0        0     1                 .L0 
        80200df0         80200df0        0     1                 .L0 
        80200df4         80200df4        0     1                 .L0 
        80200df6         80200df6        0     1                 .L0 
        80200df6         80200df6        0     1                 .L0 
        80200dfa         80200dfa        0     1                 .L0 
        80200e06         80200e06        0     1                 .L0 
        80200e0e         80200e0e        0     1                 .L0 
        80200e10         80200e10        0     1                 .L0 
        80200e14         80200e14        0     1                 .L0 
        80200e14         80200e14        0     1                 .L0 
        80200e1a         80200e1a        0     1                 .L0 
        80200e1e         80200e1e        0     1                 .L0 
        80200e2a         80200e2a        0     1                 .L0 
        80200e2e         80200e2e        0     1                 .L0 
        80200e36         80200e36        0     1                 .L0 
        80200e38         80200e38        0     1                 .L0 
        80200e38         80200e38        0     1                 .L0 
        80200e40         80200e40        0     1                 .L0 
        80200e42         80200e42        0     1                 .L0 
        80200e44         80200e44        0     1                 .L0 
        80200e44         80200e44        0     1                 .L0 
        80200e50         80200e50        0     1                 .L0 
        80200e58         80200e58        0     1                 .L0 
        80200e5e         80200e5e        0     1                 .L0 
        80200e62         80200e62        0     1                 .L0 
        80200e7c         80200e7c        0     1                 .L0 
        80200e7c         80200e7c        0     1                 .L0 
        80200e7e         80200e7e        0     1                 .L0 
        80200ea4         80200ea4        0     1                 .L0 
        80200eb0         80200eb0        0     1                 .L0 
        80200eb6         80200eb6        0     1                 .L0 
        80200ebc         80200ebc        0     1                 .L0 
        80200ed0         80200ed0        0     1                 .L0 
        80200ed8         80200ed8        0     1                 .L0 
        80200ede         80200ede        0     1                 .L0 
        80200ef4         80200ef4        0     1                 .L0 
        80200f02         80200f02        0     1                 .L0 
        80200f02         80200f02        0     1                 .L0 
        80200f0a         80200f0a        0     1                 .L0 
        80200f0a         80200f0a        0     1                 .L0 
        80200f0e         80200f0e        0     1                 .L0 
        80200f10         80200f10        0     1                 .L0 
        80200f18         80200f18        0     1                 .L0 
        80200f18         80200f18        0     1                 .L0 
        80200f1c         80200f1c        0     1                 .L0 
        80200f20         80200f20        0     1                 .L0 
        80200f20         80200f20        0     1                 .L0 
        80200f24         80200f24        0     1                 .L0 
        80200f24         80200f24        0     1                 .L0 
        80200f2e         80200f2e        0     1                 .L0 
        80200f2e         80200f2e        0     1                 .L0 
        80200f3c         80200f3c        0     1                 .L0 
        80200f3e         80200f3e        0     1                 .L0 
        80200f40         80200f40        0     1                 .L0 
        80200f46         80200f46        0     1                 .L0 
        80200f62         80200f62        0     1                 .L0 
        80200f66         80200f66        0     1                 .L0 
        80200f6a         80200f6a        0     1                 .L0 
        80200f6a         80200f6a        0     1                 .L0 
        80200f6e         80200f6e        0     1                 .L0 
        80200f70         80200f70        0     1                 .L0 
        80200f76         80200f76        0     1                 .L0 
        80200f76         80200f76        0     1                 .L0 
        80200f78         80200f78        0     1                 .L0 
        80200f78         80200f78        0     1                 .L0 
        80200f9a         80200f9a        0     1                 .L0 
        80200fb0         80200fb0        0     1                 .L0 
        80200fbe         80200fbe        0     1                 .L0 
        80200fc0         80200fc0        0     1                 .L0 
        80200fd2         80200fd2        0     1                 .L0 
        80200fda         80200fda        0     1                 .L0 
        80200fde         80200fde        0     1                 .L0 
        80200fde         80200fde        0     1                 .L0 
        80200fe2         80200fe2        0     1                 .L0 
        80200fe4         80200fe4        0     1                 .L0 
        80200fea         80200fea        0     1                 .L0 
        80200fea         80200fea        0     1                 .L0 
        80200fee         80200fee        0     1                 .L0 
        80200fee         80200fee       ce     2         C:\Users\Magnus\.rustup\toolchains\nightly-x86_64-pc-windows-msvc\lib\rustlib\riscv64gc-unknown-none-elf\lib\libcore-6873ca3f970f9a34.rlib(core-6873ca3f970f9a34.core.d22cbba136389eb0-cgu.0.rcgu.o):(.text._ZN43_$LT$char$u20$as$u20$core..fmt..Display$GT$3fmt17h482cdef3316a710dE)
        80200fee         80200fee        0     1                 .L0 
        80200fee         80200fee        0     1                 .L0 
        80200fee         80200fee        0     1                 $x
        80200fee         80200fee        0     1                 .L0 
        80200fee         80200fee       ce     1                 _$LT$char$u20$as$u20$core..fmt..Display$GT$::fmt::h482cdef3316a710d
        80200ff6         80200ff6        0     1                 .L0 
        80201006         80201006        0     1                 .L0 
        8020100a         8020100a        0     1                 .L0 
        8020100a         8020100a        0     1                 .L0 
        8020100e         8020100e        0     1                 .L0 
        8020100e         8020100e        0     1                 .L0 
        80201014         80201014        0     1                 .L0 
        80201016         80201016        0     1                 .L0 
        80201016         80201016        0     1                 .L0 
        8020101e         8020101e        0     1                 .L0 
        8020101e         8020101e        0     1                 .L0 
        80201024         80201024        0     1                 .L0 
        80201024         80201024        0     1                 .L0 
        8020103e         8020103e        0     1                 .L0 
        80201040         80201040        0     1                 .L0 
        80201040         80201040        0     1                 .L0 
        80201044         80201044        0     1                 .L0 
        80201044         80201044        0     1                 .L0 
        80201046         80201046        0     1                 .L0 
        80201068         80201068        0     1                 .L0 
        80201070         80201070        0     1                 .L0 
        802010a6         802010a6        0     1                 .L0 
        802010bc         802010bc        0     1                 .L0 
        802010bc         802010bc      1c4     2         C:\Users\Magnus\.rustup\toolchains\nightly-x86_64-pc-windows-msvc\lib\rustlib\riscv64gc-unknown-none-elf\lib\libcore-6873ca3f970f9a34.rlib(core-6873ca3f970f9a34.core.d22cbba136389eb0-cgu.0.rcgu.o):(.text._ZN4core3fmt9Formatter3pad17h17daf6158814cf2fE)
        802010bc         802010bc        0     1                 .L0 
        802010bc         802010bc        0     1                 .L0 
        802010bc         802010bc        0     1                 $x
        802010bc         802010bc        0     1                 .L0 
        802010bc         802010bc      1c4     1                 core::fmt::Formatter::pad::h17daf6158814cf2f
        802010da         802010da        0     1                 .L0 
        802010e8         802010e8        0     1                 .L0 
        802010e8         802010e8        0     1                 .L0 
        802010f0         802010f0        0     1                 .L0 
        802010f0         802010f0        0     1                 .L0 
        802010f4         802010f4        0     1                 .L0 
        802010f4         802010f4        0     1                 .L0 
        802010f8         802010f8        0     1                 .L0 
        802010fa         802010fa        0     1                 .L0 
        802010fa         802010fa        0     1                 .L0 
        802010fe         802010fe        0     1                 .L0 
        8020110a         8020110a        0     1                 .L0 
        80201112         80201112        0     1                 .L0 
        80201114         80201114        0     1                 .L0 
        80201118         80201118        0     1                 .L0 
        80201118         80201118        0     1                 .L0 
        80201120         80201120        0     1                 .L0 
        80201126         80201126        0     1                 .L0 
        8020112e         8020112e        0     1                 .L0 
        80201132         80201132        0     1                 .L0 
        80201132         80201132        0     1                 .L0 
        80201138         80201138        0     1                 .L0 
        80201138         80201138        0     1                 .L0 
        8020113a         8020113a        0     1                 .L0 
        8020113c         8020113c        0     1                 .L0 
        8020113c         8020113c        0     1                 .L0 
        80201140         80201140        0     1                 .L0 
        80201140         80201140        0     1                 .L0 
        80201144         80201144        0     1                 .L0 
        80201158         80201158        0     1                 .L0 
        8020115c         8020115c        0     1                 .L0 
        8020115c         8020115c        0     1                 .L0 
        80201160         80201160        0     1                 .L0 
        80201162         80201162        0     1                 .L0 
        80201168         80201168        0     1                 .L0 
        80201168         80201168        0     1                 .L0 
        8020116a         8020116a        0     1                 .L0 
        8020116a         8020116a        0     1                 .L0 
        8020116e         8020116e        0     1                 .L0 
        80201172         80201172        0     1                 .L0 
        80201176         80201176        0     1                 .L0 
        8020117a         8020117a        0     1                 .L0 
        8020117e         8020117e        0     1                 .L0 
        80201182         80201182        0     1                 .L0 
        80201182         80201182        0     1                 .L0 
        80201188         80201188        0     1                 .L0 
        8020118c         8020118c        0     1                 .L0 
        8020118e         8020118e        0     1                 .L0 
        80201192         80201192        0     1                 .L0 
        80201194         80201194        0     1                 .L0 
        80201194         80201194        0     1                 .L0 
        80201196         80201196        0     1                 .L0 
        8020119e         8020119e        0     1                 .L0 
        802011c6         802011c6        0     1                 .L0 
        802011d6         802011d6        0     1                 .L0 
        802011d6         802011d6        0     1                 .L0 
        802011e0         802011e0        0     1                 .L0 
        802011e2         802011e2        0     1                 .L0 
        802011e2         802011e2        0     1                 .L0 
        802011e6         802011e6        0     1                 .L0 
        802011e6         802011e6        0     1                 .L0 
        80201204         80201204        0     1                 .L0 
        80201208         80201208        0     1                 .L0 
        8020120c         8020120c        0     1                 .L0 
        8020120c         8020120c        0     1                 .L0 
        80201210         80201210        0     1                 .L0 
        80201212         80201212        0     1                 .L0 
        80201218         80201218        0     1                 .L0 
        80201218         80201218        0     1                 .L0 
        8020121c         8020121c        0     1                 .L0 
        8020121c         8020121c        0     1                 .L0 
        80201228         80201228        0     1                 .L0 
        8020122a         8020122a        0     1                 .L0 
        8020124c         8020124c        0     1                 .L0 
        80201256         80201256        0     1                 .L0 
        80201264         80201264        0     1                 .L0 
        80201264         80201264        0     1                 .L0 
        80201270         80201270        0     1                 .L0 
        80201270         80201270        0     1                 .L0 
        80201274         80201274        0     1                 .L0 
        80201276         80201276        0     1                 .L0 
        80201276         80201276        0     1                 .L0 
        80201280         80201280        0     1                 .L0 
        80201280         80201280       10     2         C:\Users\Magnus\.rustup\toolchains\nightly-x86_64-pc-windows-msvc\lib\rustlib\riscv64gc-unknown-none-elf\lib\libcore-6873ca3f970f9a34.rlib(core-6873ca3f970f9a34.core.d22cbba136389eb0-cgu.0.rcgu.o):(.text._ZN42_$LT$str$u20$as$u20$core..fmt..Display$GT$3fmt17haec16f4c8fa75143E)
        80201280         80201280        0     1                 .L0 
        80201280         80201280        0     1                 .L0 
        80201280         80201280        0     1                 $x
        80201280         80201280        0     1                 .L0 
        80201280         80201280       10     1                 _$LT$str$u20$as$u20$core..fmt..Display$GT$::fmt::haec16f4c8fa75143
        80201290         80201290        0     1                 .L0 
        80201290         80201290      122     2         C:\Users\Magnus\.rustup\toolchains\nightly-x86_64-pc-windows-msvc\lib\rustlib\riscv64gc-unknown-none-elf\lib\libcore-6873ca3f970f9a34.rlib(core-6873ca3f970f9a34.core.d22cbba136389eb0-cgu.0.rcgu.o):(.text._ZN4core3fmt9Formatter25debug_tuple_field1_finish17ha73284ca7fda3d02E)
        80201290         80201290        0     1                 .L0 
        80201290         80201290        0     1                 .L0 
        80201290         80201290        0     1                 $x
        80201290         80201290        0     1                 .L0 
        80201290         80201290      122     1                 core::fmt::Formatter::debug_tuple_field1_finish::ha73284ca7fda3d02
        802012b0         802012b0        0     1                 .L0 
        802012c2         802012c2        0     1                 .L0 
        802012c2         802012c2        0     1                 .L0 
        802012c4         802012c4        0     1                 .L0 
        802012c4         802012c4        0     1                 .L0 
        802012de         802012de        0     1                 .L0 
        802012de         802012de        0     1                 .L0 
        802012e8         802012e8        0     1                 .Lpcrel_hi213
        802012e8         802012e8        0     1                 .L0 
        802012e8         802012e8        0     1                 .L0 
        802012f8         802012f8        0     1                 .L0 
        802012f8         802012f8        0     1                 .L0 
        802012fa         802012fa        0     1                 .L0 
        802012fe         802012fe        0     1                 .L0 
        80201304         80201304        0     1                 .L0 
        80201304         80201304        0     1                 .L0 
        80201308         80201308        0     1                 .L0 
        80201308         80201308        0     1                 .Lpcrel_hi214
        80201308         80201308        0     1                 .L0 
        80201316         80201316        0     1                 .L0 
        80201316         80201316        0     1                 .L0 
        80201318         80201318        0     1                 .L0 
        8020131e         8020131e        0     1                 .L0 
        80201326         80201326        0     1                 .L0 
        80201332         80201332        0     1                 .Lpcrel_hi215
        80201336         80201336        0     1                 .L0 
        8020133a         8020133a        0     1                 .L0 
        8020133e         8020133e        0     1                 .L0 
        80201342         80201342        0     1                 .L0 
        8020134e         8020134e        0     1                 .L0 
        80201356         80201356        0     1                 .L0 
        80201356         80201356        0     1                 .L0 
        80201358         80201358        0     1                 .L0 
        80201358         80201358        0     1                 .L0 
        80201362         80201362        0     1                 .Lpcrel_hi216
        8020136e         8020136e        0     1                 .L0 
        8020136e         8020136e        0     1                 .L0 
        80201370         80201370        0     1                 .L0 
        80201370         80201370        0     1                 .L0 
        80201374         80201374        0     1                 .L0 
        8020137e         8020137e        0     1                 .L0 
        8020137e         8020137e        0     1                 .L0 
        80201388         80201388        0     1                 .Lpcrel_hi218
        80201396         80201396        0     1                 .L0 
        80201396         80201396        0     1                 .L0 
        80201398         80201398        0     1                 .L0 
        80201398         80201398        0     1                 .L0 
        802013a2         802013a2        0     1                 .Lpcrel_hi217
        802013b0         802013b0        0     1                 .L0 
        802013b2         802013b2        0     1                 .L0 
        802013b2         802013b2        0     1                 .L0 
        802013b2         802013b2       60     2         C:\Users\Magnus\.rustup\toolchains\nightly-x86_64-pc-windows-msvc\lib\rustlib\riscv64gc-unknown-none-elf\lib\libcore-6873ca3f970f9a34.rlib(core-6873ca3f970f9a34.core.d22cbba136389eb0-cgu.0.rcgu.o):(.text._ZN4core3fmt9Formatter12pad_integral12write_prefix17h4f41090082e0dffbE)
        802013b2         802013b2       60     1                 core::fmt::Formatter::pad_integral::write_prefix::h4f41090082e0dffb
        802013b2         802013b2        0     1                 .L0 
        802013b2         802013b2        0     1                 .L0 
        802013b2         802013b2        0     1                 $x
        802013b2         802013b2        0     1                 .L0 
        802013cc         802013cc        0     1                 .L0 
        802013d0         802013d0        0     1                 .L0 
        802013de         802013de        0     1                 .L0 
        802013de         802013de        0     1                 .L0 
        802013e0         802013e0        0     1                 .L0 
        802013e2         802013e2        0     1                 .L0 
        802013e4         802013e4        0     1                 .L0 
        802013e8         802013e8        0     1                 .L0 
        80201412         80201412        0     1                 .L0 
        80201412         80201412      194     2         C:\Users\Magnus\.rustup\toolchains\nightly-x86_64-pc-windows-msvc\lib\rustlib\riscv64gc-unknown-none-elf\lib\libcore-6873ca3f970f9a34.rlib(core-6873ca3f970f9a34.core.d22cbba136389eb0-cgu.0.rcgu.o):(.text._ZN4core3fmt5write17h9939f78699402f1cE)
        80201412         80201412        0     1                 .L0 
        80201412         80201412        0     1                 .L0 
        80201412         80201412        0     1                 $x
        80201412         80201412        0     1                 .L0 
        80201412         80201412      194     1                 core::fmt::write::h9939f78699402f1c
        80201438         80201438        0     1                 .L0 
        80201444         80201444        0     1                 .L0 
        80201446         80201446        0     1                 .L0 
        8020144a         8020144a        0     1                 .L0 
        8020144a         8020144a        0     1                 .L0 
        8020144e         8020144e        0     1                 .L0 
        80201474         80201474        0     1                 .L0 
        80201474         80201474        0     1                 .L0 
        8020147a         8020147a        0     1                 .L0 
        80201488         80201488        0     1                 .L0 
        8020148c         8020148c        0     1                 .L0 
        8020148c         8020148c        0     1                 .L0 
        80201490         80201490        0     1                 .L0 
        80201496         80201496        0     1                 .L0 
        80201498         80201498        0     1                 .L0 
        8020149c         8020149c        0     1                 .L0 
        802014a0         802014a0        0     1                 .L0 
        802014a4         802014a4        0     1                 .L0 
        802014ac         802014ac        0     1                 .L0 
        802014b0         802014b0        0     1                 .L0 
        802014b4         802014b4        0     1                 .L0 
        802014b4         802014b4        0     1                 .L0 
        802014ba         802014ba        0     1                 .L0 
        802014ba         802014ba        0     1                 .L0 
        802014be         802014be        0     1                 .L0 
        802014c2         802014c2        0     1                 .L0 
        802014c6         802014c6        0     1                 .L0 
        802014c8         802014c8        0     1                 .L0 
        802014ca         802014ca        0     1                 .L0 
        802014d0         802014d0        0     1                 .L0 
        802014d6         802014d6        0     1                 .L0 
        802014da         802014da        0     1                 .L0 
        802014de         802014de        0     1                 .L0 
        802014e4         802014e4        0     1                 .L0 
        802014e8         802014e8        0     1                 .L0 
        802014f4         802014f4        0     1                 .L0 
        802014fa         802014fa        0     1                 .L0 
        802014fa         802014fa        0     1                 .L0 
        802014fc         802014fc        0     1                 .L0 
        802014fc         802014fc        0     1                 .L0 
        80201506         80201506        0     1                 .L0 
        8020150c         8020150c        0     1                 .L0 
        8020150c         8020150c        0     1                 .L0 
        80201510         80201510        0     1                 .L0 
        80201510         80201510        0     1                 .L0 
        80201512         80201512        0     1                 .L0 
        8020152c         8020152c        0     1                 .L0 
        8020152c         8020152c        0     1                 .L0 
        80201532         80201532        0     1                 .L0 
        80201542         80201542        0     1                 .L0 
        80201544         80201544        0     1                 .L0 
        80201544         80201544        0     1                 .L0 
        8020154e         8020154e        0     1                 .L0 
        80201550         80201550        0     1                 .L0 
        80201550         80201550        0     1                 .L0 
        80201554         80201554        0     1                 .L0 
        80201558         80201558        0     1                 .L0 
        80201558         80201558        0     1                 .L0 
        8020155c         8020155c        0     1                 .L0 
        80201562         80201562        0     1                 .L0 
        80201568         80201568        0     1                 .L0 
        8020156a         8020156a        0     1                 .L0 
        8020156a         8020156a        0     1                 .L0 
        80201570         80201570        0     1                 .L0 
        80201578         80201578        0     1                 .L0 
        8020157a         8020157a        0     1                 .L0 
        80201584         80201584        0     1                 .L0 
        80201588         80201588        0     1                 .L0 
        8020158e         8020158e        0     1                 .L0 
        802015a6         802015a6        0     1                 .L0 
        802015a6         802015a6       12     2         C:\Users\Magnus\.rustup\toolchains\nightly-x86_64-pc-windows-msvc\lib\rustlib\riscv64gc-unknown-none-elf\lib\libcore-6873ca3f970f9a34.rlib(core-6873ca3f970f9a34.core.d22cbba136389eb0-cgu.0.rcgu.o):(.text._ZN4core3fmt5Write9write_fmt17h09001017fa9aac5eE)
        802015a6         802015a6       12     1                 core::fmt::Write::write_fmt::h09001017fa9aac5e
        802015a6         802015a6        0     1                 .L0 
        802015a6         802015a6        0     1                 .L0 
        802015a6         802015a6        0     1                 $x
        802015a6         802015a6        0     1                 .L0 
        802015a8         802015a8        0     1                 .Lpcrel_hi265
        802015a8         802015a8        0     1                 .L0 
        802015b8         802015b8        0     1                 .L0 
        802015b8         802015b8      1f6     2         C:\Users\Magnus\.rustup\toolchains\nightly-x86_64-pc-windows-msvc\lib\rustlib\riscv64gc-unknown-none-elf\lib\libcore-6873ca3f970f9a34.rlib(core-6873ca3f970f9a34.core.d22cbba136389eb0-cgu.0.rcgu.o):(.text._ZN68_$LT$core..fmt..builders..PadAdapter$u20$as$u20$core..fmt..Write$GT$9write_str17h4a32a46ee5ba0180E)
        802015b8         802015b8        0     1                 .L0 
        802015b8         802015b8        0     1                 .L0 
        802015b8         802015b8        0     1                 $x
        802015b8         802015b8        0     1                 .L0 
        802015b8         802015b8      1f6     1                 _$LT$core..fmt..builders..PadAdapter$u20$as$u20$core..fmt..Write$GT$::write_str::h4a32a46ee5ba0180
[...]
           13820            13820        0     1                 .L0 
           13850            13850        0     1                 .L0 
           13890            13890        0     1                 .L0 
           138c0            138c0        0     1                 .L0 
           138f0            138f0        0     1                 .L0 
           13930            13930        0     1                 .L0 
           13960            13960        0     1                 .L0 
           13990            13990        0     1                 .L0 
           139d0            139d0        0     1                 .L0 
           13a00            13a00        0     1                 .L0 
           13a30            13a30        0     1                 .L0 
           13a70            13a70        0     1                 .L0 
           13aa0            13aa0        0     1                 .L0 
           13ad0            13ad0        0     1                 .L0 
           13b00            13b00        0     1                 .L0 
           13b50            13b50        0     1                 .L0 
           13b80            13b80        0     1                 .L0 
           13bd0            13bd0        0     1                 .L0 
           13c00            13c00        0     1                 .L0 
           13c30            13c30        0     1                 .L0 
           13c60            13c60        0     1                 .L0 
           13c90            13c90        0     1                 .L0 
           13ce0            13ce0        0     1                 .L0 
           13d10            13d10        0     1                 .L0 
           13d40            13d40        0     1                 .L0 
           13d70            13d70        0     1                 .L0 
           13da0            13da0        0     1                 .L0 
           13de0            13de0        0     1                 .L0 
           13e10            13e10        0     1                 .L0 
           13e40            13e40        0     1                 .L0 
           13e70            13e70        0     1                 .L0 
           13ec0            13ec0        0     1                 .L0 
           13ef0            13ef0        0     1                 .L0 
           13f20            13f20        0     1                 .L0 
           13f50            13f50        0     1                 .L0 
           13fa0            13fa0        0     1                 .L0 
           13fd0            13fd0        0     1                 .L0 
           14000            14000        0     1                 .L0 
           14040            14040        0     1                 .L0 
           14070            14070        0     1                 .L0 
           140c0            140c0        0     1                 .L0 
           14120            14120        0     1                 .L0 
           14170            14170        0     1                 .L0 
           141a0            141a0        0     1                 .L0 
           141d0            141d0        0     1                 .L0 
           14210            14210        0     1                 .L0 
           14240            14240        0     1                 .L0 
           14270            14270        0     1                 .L0 
           142c0            142c0        0     1                 .L0 
           142f0            142f0        0     1                 .L0 
           14320            14320        0     1                 .L0 
           14360            14360        0     1                 .L0 
           14390            14390        0     1                 .L0 
           143c0            143c0        0     1                 .L0 
           14400            14400        0     1                 .L0 
           14430            14430        0     1                 .L0 
           14460            14460        0     1                 .L0 
           14490            14490        0     1                 .L0 
           144e0            144e0        0     1                 .L0 
           14510            14510        0     1                 .L0 
           14540            14540        0     1                 .L0 
           14570            14570        0     1                 .L0 
           145a0            145a0        0     1                 .L0 
           145d0            145d0        0     1                 .L0 
           14620            14620        0     1                 .L0 
           14650            14650        0     1                 .L0 
           146a0            146a0        0     1                 .L0 
           146d0            146d0        0     1                 .L0 
           14700            14700        0     1                 .L0 
           14730            14730        0     1                 .L0 
           14760            14760        0     1                 .L0 
           147a0            147a0        0     1                 .L0 
           147e0            147e0        0     1                 .L0 
           14830            14830        0     1                 .L0 
           14880            14880        0     1                 .L0 
           148b0            148b0        0     1                 .L0 
           148e0            148e0        0     1                 .L0 
           14910            14910        0     1                 .L0 
           14940            14940        0     1                 .L0 
           14970            14970        0     1                 .L0 
           149a0            149a0        0     1                 .L0 
           149e0            149e0        0     1                 .L0 
           14a10            14a10        0     1                 .L0 
           14a40            14a40        0     1                 .L0 
           14a70            14a70        0     1                 .L0 
           14aa0            14aa0        0     1                 .L0 
           14ad0            14ad0        0     1                 .L0 
           14b00            14b00        0     1                 .L0 
           14b40            14b40        0     1                 .L0 
           14b70            14b70        0     1                 .L0 
           16ca0            16ca0       30     1         C:\Users\Magnus\.rustup\toolchains\nightly-x86_64-pc-windows-msvc\lib\rustlib\riscv64gc-unknown-none-elf\lib\libcompiler_builtins-68e6dafd27578d1b.rlib(compiler_builtins-68e6dafd27578d1b.compiler_builtins.28f9de005c366824-cgu.158.rcgu.o):(.debug_ranges)
           16ca0            16ca0        0     1                 .L0 
           16ca0            16ca0        0     1                 $d
           16cd0            16cd0       30     1         C:\Users\Magnus\.rustup\toolchains\nightly-x86_64-pc-windows-msvc\lib\rustlib\riscv64gc-unknown-none-elf\lib\libcompiler_builtins-68e6dafd27578d1b.rlib(compiler_builtins-68e6dafd27578d1b.compiler_builtins.28f9de005c366824-cgu.207.rcgu.o):(.debug_ranges)
           16cd0            16cd0        0     1                 .L0 
           16cd0            16cd0        0     1                 $d
           16d00            16d00      1a0     1         C:\Users\Magnus\.rustup\toolchains\nightly-x86_64-pc-windows-msvc\lib\rustlib\riscv64gc-unknown-none-elf\lib\libcompiler_builtins-68e6dafd27578d1b.rlib(compiler_builtins-68e6dafd27578d1b.compiler_builtins.28f9de005c366824-cgu.223.rcgu.o):(.debug_ranges)
           16d00            16d00        0     1                 .L0 
           16d00            16d00        0     1                 $d
           16d40            16d40        0     1                 .L0 
           16d80            16d80        0     1                 .L0 
           16dc0            16dc0        0     1                 .L0 
           16e00            16e00        0     1                 .L0 
           16e40            16e40        0     1                 .L0 
           16e70            16e70        0     1                 .L0 
           16ea0            16ea0      300     1         C:\Users\Magnus\.rustup\toolchains\nightly-x86_64-pc-windows-msvc\lib\rustlib\riscv64gc-unknown-none-elf\lib\libcompiler_builtins-68e6dafd27578d1b.rlib(compiler_builtins-68e6dafd27578d1b.compiler_builtins.28f9de005c366824-cgu.013.rcgu.o):(.debug_ranges)
           16ea0            16ea0        0     1                 .L0 
           16ea0            16ea0        0     1                 $d
           16ed0            16ed0        0     1                 .L0 
           16f00            16f00        0     1                 .L0 
           16f40            16f40        0     1                 .L0 
           16f70            16f70        0     1                 .L0 
           16fa0            16fa0        0     1                 .L0 
           16fd0            16fd0        0     1                 .L0 
           17000            17000        0     1                 .L0 
           17030            17030        0     1                 .L0 
           17060            17060        0     1                 .L0 
           170a0            170a0        0     1                 .L0 
           170d0            170d0        0     1                 .L0 
           17100            17100        0     1                 .L0 
           17130            17130        0     1                 .L0 
           17160            17160        0     1                 .L0 
           171a0            171a0      9f0     1         C:\Users\Magnus\.rustup\toolchains\nightly-x86_64-pc-windows-msvc\lib\rustlib\riscv64gc-unknown-none-elf\lib\libcompiler_builtins-68e6dafd27578d1b.rlib(compiler_builtins-68e6dafd27578d1b.compiler_builtins.28f9de005c366824-cgu.008.rcgu.o):(.debug_ranges)
           171a0            171a0        0     1                 .L0 
           171a0            171a0        0     1                 $d
           171d0            171d0        0     1                 .L0 
           17200            17200        0     1                 .L0 
           17230            17230        0     1                 .L0 
           17270            17270        0     1                 .L0 
           172b0            172b0        0     1                 .L0 
           172e0            172e0        0     1                 .L0 
           17310            17310        0     1                 .L0 
           17340            17340        0     1                 .L0 
           17370            17370        0     1                 .L0 
           173a0            173a0        0     1                 .L0 
           173d0            173d0        0     1                 .L0 
           17400            17400        0     1                 .L0 
           17430            17430        0     1                 .L0 
           17460            17460        0     1                 .L0 
           17490            17490        0     1                 .L0 
           174c0            174c0        0     1                 .L0 
           174f0            174f0        0     1                 .L0 
           17550            17550        0     1                 .L0 
           17580            17580        0     1                 .L0 
           175c0            175c0        0     1                 .L0 
           175f0            175f0        0     1                 .L0 
           17620            17620        0     1                 .L0 
           17650            17650        0     1                 .L0 
           17680            17680        0     1                 .L0 
           176c0            176c0        0     1                 .L0 
           17700            17700        0     1                 .L0 
           17730            17730        0     1                 .L0 
           17760            17760        0     1                 .L0 
           177a0            177a0        0     1                 .L0 
           177e0            177e0        0     1                 .L0 
           17840            17840        0     1                 .L0 
           17870            17870        0     1                 .L0 
           178b0            178b0        0     1                 .L0 
           178f0            178f0        0     1                 .L0 
           17930            17930        0     1                 .L0 
           17960            17960        0     1                 .L0 
           17990            17990        0     1                 .L0 
           179c0            179c0        0     1                 .L0 
           179f0            179f0        0     1                 .L0 
           17a20            17a20        0     1                 .L0 
           17a50            17a50        0     1                 .L0 
           17a80            17a80        0     1                 .L0 
           17ac0            17ac0        0     1                 .L0 
           17b00            17b00        0     1                 .L0 
           17b30            17b30        0     1                 .L0 
           17b90            17b90       90     1         C:\Users\Magnus\.rustup\toolchains\nightly-x86_64-pc-windows-msvc\lib\rustlib\riscv64gc-unknown-none-elf\lib\libcompiler_builtins-68e6dafd27578d1b.rlib(compiler_builtins-68e6dafd27578d1b.compiler_builtins.28f9de005c366824-cgu.343.rcgu.o):(.debug_ranges)
           17b90            17b90        0     1                 .L0 
           17b90            17b90        0     1                 $d
           17bc0            17bc0        0     1                 .L0 
           17bf0            17bf0        0     1                 .L0 
               0                0    3f1c4     1 .debug_str
               0                0    3f1c4     1         <internal>:(.debug_str)
               0                0       a1     1 .comment
               0                0       a1     1         <internal>:(.comment)
               0                0       74     1 .riscv.attributes
               0                0       74     1         <internal>:(.riscv.attributes)
               0                0      210     8 .debug_frame
               0                0      210     8         D:\rust\bogokernel\target\riscv64gc-unknown-none-elf\debug\deps\kernel-6d55ed35400b9dc4.8bzhb9fu7en3rtrx7zpckaf8v.10m4h80.rcgu.o:(.debug_frame)
               0                0        0     1                 .L0 
               0                0        0     1                 $d
               0                0    1f9b0     1 .debug_line
               0                0      f44     1         D:\rust\bogokernel\target\riscv64gc-unknown-none-elf\debug\deps\kernel-6d55ed35400b9dc4.8bzhb9fu7en3rtrx7zpckaf8v.10m4h80.rcgu.o:(.debug_line)
               0                0        0     1                 .Lline_table_start0
               0                0        0     1                 $d
             f44              f44    1c8cd     1         C:\Users\Magnus\.rustup\toolchains\nightly-x86_64-pc-windows-msvc\lib\rustlib\riscv64gc-unknown-none-elf\lib\libcore-6873ca3f970f9a34.rlib(core-6873ca3f970f9a34.core.d22cbba136389eb0-cgu.0.rcgu.o):(.debug_line)
             f44              f44        0     1                 .Lline_table_start0
             f44              f44        0     1                 $d
           1d811            1d811      410     1         C:\Users\Magnus\.rustup\toolchains\nightly-x86_64-pc-windows-msvc\lib\rustlib\riscv64gc-unknown-none-elf\lib\libcompiler_builtins-68e6dafd27578d1b.rlib(compiler_builtins-68e6dafd27578d1b.compiler_builtins.28f9de005c366824-cgu.158.rcgu.o):(.debug_line)
           1d811            1d811        0     1                 .Lline_table_start0
           1d811            1d811        0     1                 $d
           1daef            1daef        0     1                 .Lline_table_start1
           1dc21            1dc21      18a     1         C:\Users\Magnus\.rustup\toolchains\nightly-x86_64-pc-windows-msvc\lib\rustlib\riscv64gc-unknown-none-elf\lib\libcompiler_builtins-68e6dafd27578d1b.rlib(compiler_builtins-68e6dafd27578d1b.compiler_builtins.28f9de005c366824-cgu.207.rcgu.o):(.debug_line)
           1dc21            1dc21        0     1                 .Lline_table_start0
           1dc21            1dc21        0     1                 $d
           1dd10            1dd10        0     1                 .Lline_table_start1
           1ddab            1ddab      4a4     1         C:\Users\Magnus\.rustup\toolchains\nightly-x86_64-pc-windows-msvc\lib\rustlib\riscv64gc-unknown-none-elf\lib\libcompiler_builtins-68e6dafd27578d1b.rlib(compiler_builtins-68e6dafd27578d1b.compiler_builtins.28f9de005c366824-cgu.223.rcgu.o):(.debug_line)
           1ddab            1ddab        0     1                 .Lline_table_start0
           1ddab            1ddab        0     1                 $d
           1e05b            1e05b        0     1                 .Lline_table_start1
           1e1a5            1e1a5        0     1                 .Lline_table_start2
           1e24f            1e24f      11c     1         C:\Users\Magnus\.rustup\toolchains\nightly-x86_64-pc-windows-msvc\lib\rustlib\riscv64gc-unknown-none-elf\lib\libcompiler_builtins-68e6dafd27578d1b.rlib(compiler_builtins-68e6dafd27578d1b.compiler_builtins.28f9de005c366824-cgu.247.rcgu.o):(.debug_line)
           1e24f            1e24f        0     1                 .Lline_table_start0
           1e24f            1e24f        0     1                 $d
           1e310            1e310        0     1                 .Lline_table_start1
           1e36b            1e36b      7d7     1         C:\Users\Magnus\.rustup\toolchains\nightly-x86_64-pc-windows-msvc\lib\rustlib\riscv64gc-unknown-none-elf\lib\libcompiler_builtins-68e6dafd27578d1b.rlib(compiler_builtins-68e6dafd27578d1b.compiler_builtins.28f9de005c366824-cgu.013.rcgu.o):(.debug_line)
           1e36b            1e36b        0     1                 .Lline_table_start0
           1e36b            1e36b        0     1                 $d
           1eb42            1eb42       72     1         C:\Users\Magnus\.rustup\toolchains\nightly-x86_64-pc-windows-msvc\lib\rustlib\riscv64gc-unknown-none-elf\lib\libcompiler_builtins-68e6dafd27578d1b.rlib(compiler_builtins-68e6dafd27578d1b.compiler_builtins.28f9de005c366824-cgu.323.rcgu.o):(.debug_line)
           1eb42            1eb42        0     1                 .Lline_table_start0
           1eb42            1eb42        0     1                 $d
           1ebb4            1ebb4      b02     1         C:\Users\Magnus\.rustup\toolchains\nightly-x86_64-pc-windows-msvc\lib\rustlib\riscv64gc-unknown-none-elf\lib\libcompiler_builtins-68e6dafd27578d1b.rlib(compiler_builtins-68e6dafd27578d1b.compiler_builtins.28f9de005c366824-cgu.008.rcgu.o):(.debug_line)
           1ebb4            1ebb4        0     1                 .Lline_table_start0
           1ebb4            1ebb4        0     1                 $d
           1f6b6            1f6b6      2fa     1         C:\Users\Magnus\.rustup\toolchains\nightly-x86_64-pc-windows-msvc\lib\rustlib\riscv64gc-unknown-none-elf\lib\libcompiler_builtins-68e6dafd27578d1b.rlib(compiler_builtins-68e6dafd27578d1b.compiler_builtins.28f9de005c366824-cgu.343.rcgu.o):(.debug_line)
           1f6b6            1f6b6        0     1                 .Lline_table_start0
           1f6b6            1f6b6        0     1                 $d
           1f8a5            1f8a5        0     1                 .Lline_table_start1
               0                0    11010     8 .symtab
               0                0    11010     8         <internal>:(.symtab)
               0                0       b9     1 .shstrtab
               0                0       b9     1         <internal>:(.shstrtab)
               0                0     4df5     1 .strtab
               0                0     4df5     1         <internal>:(.strtab)
