             VMA              LMA     Size Align Out     In      Symbol
               0                0        0     1 KERNEL_LOAD_ADDR = 0x80200000
        80200000         80200000     4ad4  4096 .text
        80200000         80200000        0     1         __text_start = .
        80200000         80200000       48     1         D:\rust\bogokernel\target\riscv64gc-unknown-none-elf\debug\deps\kernel-366f73143009ccb7.0lsw8yqgixrfijas9w6yuwf6e.15y7fjq.rcgu.o:(.text.entry)
        80200000         80200000        0     1                 .Lpcrel_hi0
        80200000         80200000        0     1                 $x
        80200000         80200000        0     1                 _start
        80200022         80200022        0     1                 .Lpcrel_hi1
        8020002a         8020002a        0     1                 .Lpcrel_hi2
        8020003e         8020003e        0     1                 .Lpcrel_hi3
        80200048         80200048       80     1         D:\rust\bogokernel\target\riscv64gc-unknown-none-elf\debug\deps\kernel-366f73143009ccb7.0lsw8yqgixrfijas9w6yuwf6e.15y7fjq.rcgu.o:(.text.trap)
        80200048         80200048        0     1                 $x
        80200048         80200048        0     1                 __trap_entry
        802000c8         802000c8       b0     2         D:\rust\bogokernel\target\riscv64gc-unknown-none-elf\debug\deps\kernel-366f73143009ccb7.0lsw8yqgixrfijas9w6yuwf6e.15y7fjq.rcgu.o:(.text._ZN5alloc7raw_vec20RawVecInner$LT$A$GT$14current_memory17hb4799e63784acee5E)
        802000c8         802000c8       b0     1                 alloc::raw_vec::RawVecInner$LT$A$GT$::current_memory::hb4799e63784acee5
        802000c8         802000c8        0     1                 .L0 
        802000c8         802000c8        0     1                 .L0 
        802000c8         802000c8        0     1                 $x
        802000c8         802000c8        0     1                 .L0 
        802000d4         802000d4        0     1                 .L0 
        802000de         802000de        0     1                 .L0 
        802000de         802000de        0     1                 .L0 
        802000e2         802000e2        0     1                 .L0 
        802000e4         802000e4        0     1                 .L0 
        802000e4         802000e4        0     1                 .L0 
        802000e8         802000e8        0     1                 .L0 
        802000e8         802000e8        0     1                 .L0 
        802000f8         802000f8        0     1                 .L0 
        802000f8         802000f8        0     1                 .L0 
        802000fa         802000fa        0     1                 .L0 
        80200104         80200104        0     1                 .L0 
        80200104         80200104        0     1                 .L0 
        8020011a         8020011a        0     1                 .L0 
        8020011a         8020011a        0     1                 .Lpcrel_hi4
        80200126         80200126        0     1                 .L0 
        80200128         80200128        0     1                 .L0 
        80200132         80200132        0     1                 .L0 
        8020013a         8020013a        0     1                 .L0 
        8020013a         8020013a        0     1                 .Lpcrel_hi5
        8020013a         8020013a        0     1                 .L0 
        80200144         80200144        0     1                 .L0 
        80200144         80200144        0     1                 .Lpcrel_hi6
        80200144         80200144        0     1                 .L0 
        80200150         80200150        0     1                 .L0 
        80200152         80200152        0     1                 .L0 
        8020015c         8020015c        0     1                 .L0 
        80200164         80200164        0     1                 .L0 
        80200164         80200164        0     1                 .Lpcrel_hi7
        8020016c         8020016c        0     1                 .L0 
        80200178         80200178        0     1                 .L0 
        80200178         80200178      15e     2         D:\rust\bogokernel\target\riscv64gc-unknown-none-elf\debug\deps\kernel-366f73143009ccb7.0lsw8yqgixrfijas9w6yuwf6e.15y7fjq.rcgu.o:(.text.unlikely._ZN5alloc7raw_vec11finish_grow17h1ca2902d49513219E)
        80200178         80200178      15e     1                 alloc::raw_vec::finish_grow::h1ca2902d49513219
        80200178         80200178        0     1                 .L0 
        80200178         80200178        0     1                 .L0 
        80200178         80200178        0     1                 $x
        80200178         80200178        0     1                 .L0 
        80200186         80200186        0     1                 .L0 
        8020018a         8020018a        0     1                 .L0 
        8020018c         8020018c        0     1                 .L0 
        8020018c         8020018c        0     1                 .L0 
        80200190         80200190        0     1                 .L0 
        80200190         80200190        0     1                 .L0 
        80200192         80200192        0     1                 .L0 
        80200192         80200192        0     1                 .L0 
        80200194         80200194        0     1                 .L0 
        80200194         80200194        0     1                 .L0 
        80200198         80200198        0     1                 .L0 
        80200198         80200198        0     1                 .L0 
        8020019a         8020019a        0     1                 .L0 
        802001a4         802001a4        0     1                 .L0 
        802001a6         802001a6        0     1                 .L0 
        802001a6         802001a6        0     1                 .L0 
        802001a8         802001a8        0     1                 .L0 
        802001a8         802001a8        0     1                 .L0 
        802001b0         802001b0        0     1                 .L0 
        802001b0         802001b0        0     1                 .L0 
        802001be         802001be        0     1                 .L0 
        802001be         802001be        0     1                 .Lpcrel_hi17
        802001be         802001be        0     1                 .L0 
        802001c8         802001c8        0     1                 .L0 
        802001c8         802001c8        0     1                 .L0 
        802001ca         802001ca        0     1                 .L0 
        802001ca         802001ca        0     1                 .L0 
        802001d2         802001d2        0     1                 .L0 
        802001d2         802001d2        0     1                 .L0 
        802001e0         802001e0        0     1                 .L0 
        802001e0         802001e0        0     1                 .Lpcrel_hi12
        802001e0         802001e0        0     1                 .L0 
        802001e8         802001e8        0     1                 .L0 
        802001f6         802001f6        0     1                 .L0 
        802001fa         802001fa        0     1                 .L0 
        802001fc         802001fc        0     1                 .L0 
        8020020c         8020020c        0     1                 .L0 
        8020021c         8020021c        0     1                 .L0 
        80200220         80200220        0     1                 .L0 
        80200224         80200224        0     1                 .L0 
        80200224         80200224        0     1                 .Lpcrel_hi8
        80200224         80200224        0     1                 .L0 
        80200230         80200230        0     1                 .L0 
        80200232         80200232        0     1                 .L0 
        8020023c         8020023c        0     1                 .L0 
        80200244         80200244        0     1                 .L0 
        80200244         80200244        0     1                 .Lpcrel_hi9
        8020024c         8020024c        0     1                 .L0 
        8020024c         8020024c        0     1                 .L0 
        8020024e         8020024e        0     1                 .L0 
        8020024e         8020024e        0     1                 .Lpcrel_hi13
        8020024e         8020024e        0     1                 .L0 
        8020025a         8020025a        0     1                 .L0 
        8020025c         8020025c        0     1                 .L0 
        80200266         80200266        0     1                 .L0 
        8020026e         8020026e        0     1                 .L0 
        8020026e         8020026e        0     1                 .Lpcrel_hi14
        80200276         80200276        0     1                 .L0 
        80200276         80200276        0     1                 .L0 
        80200278         80200278        0     1                 .Lpcrel_hi15
        80200278         80200278        0     1                 .L0 
        80200284         80200284        0     1                 .L0 
        80200286         80200286        0     1                 .L0 
        80200290         80200290        0     1                 .L0 
        80200298         80200298        0     1                 .L0 
        80200298         80200298        0     1                 .Lpcrel_hi16
        80200298         80200298        0     1                 .L0 
        802002a2         802002a2        0     1                 .L0 
        802002a2         802002a2        0     1                 .Lpcrel_hi10
        802002a2         802002a2        0     1                 .L0 
        802002ae         802002ae        0     1                 .L0 
        802002b0         802002b0        0     1                 .L0 
        802002ba         802002ba        0     1                 .L0 
        802002c2         802002c2        0     1                 .L0 
        802002c2         802002c2        0     1                 .Lpcrel_hi11
        802002ca         802002ca        0     1                 .L0 
        802002d6         802002d6        0     1                 .L0 
        802002d6         802002d6       56     2         D:\rust\bogokernel\target\riscv64gc-unknown-none-elf\debug\deps\kernel-366f73143009ccb7.0lsw8yqgixrfijas9w6yuwf6e.15y7fjq.rcgu.o:(.text._ZN4core3ptr19copy_nonoverlapping18precondition_check17h529162edfe8fcd99E)
        802002d6         802002d6       56     1                 core::ptr::copy_nonoverlapping::precondition_check::h529162edfe8fcd99
        802002d6         802002d6        0     1                 .L0 
        802002d6         802002d6        0     1                 .L0 
        802002d6         802002d6        0     1                 $x
        802002d6         802002d6        0     1                 .L0 
        802002de         802002de        0     1                 .L0 
        802002e4         802002e4        0     1                 .L0 
        802002e4         802002e4        0     1                 .L0 
        802002e8         802002e8        0     1                 .L0 
        802002ee         802002ee        0     1                 .L0 
        802002f0         802002f0        0     1                 .L0 
        802002f4         802002f4        0     1                 .L0 
        802002f8         802002f8        0     1                 .Lpcrel_hi18
        802002f8         802002f8        0     1                 .L0 
        80200304         80200304        0     1                 .L0 
        80200306         80200306        0     1                 .L0 
        80200310         80200310        0     1                 .L0 
        80200318         80200318        0     1                 .L0 
        80200318         80200318        0     1                 .Lpcrel_hi19
        8020032c         8020032c        0     1                 .L0 
        8020032c         8020032c       d4     2         D:\rust\bogokernel\target\riscv64gc-unknown-none-elf\debug\deps\kernel-366f73143009ccb7.0lsw8yqgixrfijas9w6yuwf6e.15y7fjq.rcgu.o:(.text._ZN5alloc7raw_vec19RawVec$LT$T$C$A$GT$8grow_one17hf0e8f77474e3d7e2E)
        8020032c         8020032c       d4     1                 alloc::raw_vec::RawVec$LT$T$C$A$GT$::grow_one::hf0e8f77474e3d7e2
        8020032c         8020032c        0     1                 .L0 
        8020032c         8020032c        0     1                 .L0 
        8020032c         8020032c        0     1                 $x
        8020032c         8020032c        0     1                 .L0 
        80200338         80200338        0     1                 .L0 
        8020033a         8020033a        0     1                 .L0 
        8020033a         8020033a        0     1                 .L0 
        8020033c         8020033c        0     1                 .L0 
        80200340         80200340        0     1                 .L0 
        80200346         80200346        0     1                 .L0 
        80200346         80200346        0     1                 .L0 
        8020034a         8020034a        0     1                 .L0 
        8020034c         8020034c        0     1                 .L0 
        8020034c         8020034c        0     1                 .L0 
        8020035a         8020035a        0     1                 .L0 
        8020035a         8020035a        0     1                 .L0 
        8020035e         8020035e        0     1                 .L0 
        8020035e         8020035e        0     1                 .L0 
        80200360         80200360        0     1                 .L0 
        8020036a         8020036a        0     1                 .L0 
        8020036e         8020036e        0     1                 .L0 
        8020036e         8020036e        0     1                 .L0 
        8020038a         8020038a        0     1                 .L0 
        8020038c         8020038c        0     1                 .L0 
        8020038e         8020038e        0     1                 .L0 
        80200392         80200392        0     1                 .L0 
        80200392         80200392        0     1                 .L0 
        80200394         80200394        0     1                 .L0 
        80200394         80200394        0     1                 .Lpcrel_hi20
        80200394         80200394        0     1                 .L0 
        802003a0         802003a0        0     1                 .L0 
        802003a2         802003a2        0     1                 .L0 
        802003ac         802003ac        0     1                 .L0 
        802003b4         802003b4        0     1                 .L0 
        802003b4         802003b4        0     1                 .Lpcrel_hi21
        802003c8         802003c8        0     1                 .L0 
        802003ce         802003ce        0     1                 .L0 
        802003da         802003da        0     1                 .L0 
        802003e0         802003e0        0     1                 .L0 
        802003e4         802003e4        0     1                 .L0 
        802003e4         802003e4        0     1                 .L0 
        802003f0         802003f0        0     1                 .L0 
        802003f0         802003f0        0     1                 .Lpcrel_hi22
        80200400         80200400        0     1                 .L0 
        80200400         80200400        0     1                 .L0 
        80200400         80200400       24     2         D:\rust\bogokernel\target\riscv64gc-unknown-none-elf\debug\deps\kernel-366f73143009ccb7.0lsw8yqgixrfijas9w6yuwf6e.15y7fjq.rcgu.o:(.text._ZN6kernel10enter_user17hfa530fead5019f7cE)
        80200400         80200400       24     1                 kernel::enter_user::hfa530fead5019f7c
        80200400         80200400        0     1                 .L0 
        80200400         80200400        0     1                 .L0 
        80200400         80200400        0     1                 $x
        80200400         80200400        0     1                 .L0 
        80200404         80200404        0     1                 .L0 
        8020040c         8020040c        0     1                 .L0 
        80200412         80200412        0     1                 .L0 
        8020041a         8020041a        0     1                 .L0 
        80200424         80200424        0     1                 .L0 
        80200424         80200424      19a     2         D:\rust\bogokernel\target\riscv64gc-unknown-none-elf\debug\deps\kernel-366f73143009ccb7.0lsw8yqgixrfijas9w6yuwf6e.15y7fjq.rcgu.o:(.text._ZN61_$LT$riscv_pac..result..Error$u20$as$u20$core..fmt..Debug$GT$3fmt17h04c61a78f846b018E)
        80200424         80200424      19a     1                 _$LT$riscv_pac..result..Error$u20$as$u20$core..fmt..Debug$GT$::fmt::h04c61a78f846b018
        80200424         80200424        0     1                 .L0 
        80200424         80200424        0     1                 .L0 
        80200424         80200424        0     1                 $x
        80200424         80200424        0     1                 .L0 
        8020042c         8020042c        0     1                 .Lpcrel_hi23
        8020043e         8020043e        0     1                 .L0 
        8020044a         8020044a        0     1                 .Lpcrel_hi24
        8020044a         8020044a        0     1                 .L0 
        8020044a         8020044a        0     1                 .L0 
        80200454         80200454        0     1                 .Lpcrel_hi25
        80200458         80200458        0     1                 .Lpcrel_hi26
        8020045c         8020045c        0     1                 .Lpcrel_hi27
        80200460         80200460        0     1                 .Lpcrel_hi28
        80200464         80200464        0     1                 .Lpcrel_hi29
        80200494         80200494        0     1                 .L0 
        80200494         80200494        0     1                 .L0 
        80200498         80200498        0     1                 .Lpcrel_hi47
        80200498         80200498        0     1                 .L0 
        8020049c         8020049c        0     1                 .Lpcrel_hi48
        802004b4         802004b4        0     1                 .L0 
        802004b6         802004b6        0     1                 .L0 
        802004b6         802004b6        0     1                 .L0 
        802004be         802004be        0     1                 .Lpcrel_hi37
        802004be         802004be        0     1                 .L0 
        802004be         802004be        0     1                 .L0 
        802004c8         802004c8        0     1                 .Lpcrel_hi38
        802004cc         802004cc        0     1                 .Lpcrel_hi39
        802004d0         802004d0        0     1                 .Lpcrel_hi40
        802004d4         802004d4        0     1                 .Lpcrel_hi41
        802004f2         802004f2        0     1                 .L0 
        802004f2         802004f2        0     1                 .L0 
        802004fa         802004fa        0     1                 .Lpcrel_hi42
        802004fa         802004fa        0     1                 .L0 
        80200504         80200504        0     1                 .Lpcrel_hi43
        80200508         80200508        0     1                 .Lpcrel_hi44
        8020050c         8020050c        0     1                 .Lpcrel_hi45
        80200510         80200510        0     1                 .Lpcrel_hi46
        8020053a         8020053a        0     1                 .L0 
        8020053c         8020053c        0     1                 .L0 
        8020053c         8020053c        0     1                 .L0 
        80200548         80200548        0     1                 .Lpcrel_hi30
        80200548         80200548        0     1                 .L0 
        80200552         80200552        0     1                 .Lpcrel_hi31
        80200556         80200556        0     1                 .Lpcrel_hi32
        8020055c         8020055c        0     1                 .Lpcrel_hi33
        80200560         80200560        0     1                 .Lpcrel_hi34
        80200564         80200564        0     1                 .Lpcrel_hi35
        80200568         80200568        0     1                 .Lpcrel_hi36
        802005a8         802005a8        0     1                 .L0 
        802005a8         802005a8        0     1                 .Lpcrel_hi49
        802005be         802005be        0     1                 .L0 
        802005be         802005be       2a     2         D:\rust\bogokernel\target\riscv64gc-unknown-none-elf\debug\deps\kernel-366f73143009ccb7.0lsw8yqgixrfijas9w6yuwf6e.15y7fjq.rcgu.o:(.text._ZN4core3fmt3num52_$LT$impl$u20$core..fmt..Debug$u20$for$u20$usize$GT$3fmt17h2d675aedec41fdc4E)
        802005be         802005be       2a     1                 core::fmt::num::_$LT$impl$u20$core..fmt..Debug$u20$for$u20$usize$GT$::fmt::h2d675aedec41fdc4
        802005be         802005be        0     1                 .L0 
        802005be         802005be        0     1                 .L0 
        802005be         802005be        0     1                 $x
        802005be         802005be        0     1                 .L0 
        802005c2         802005c2        0     1                 .L0 
        802005ca         802005ca        0     1                 .L0 
        802005d0         802005d0        0     1                 .L0 
        802005e8         802005e8        0     1                 .L0 
        802005e8         802005e8      11e     2         D:\rust\bogokernel\target\riscv64gc-unknown-none-elf\debug\deps\kernel-366f73143009ccb7.0lsw8yqgixrfijas9w6yuwf6e.15y7fjq.rcgu.o:(.text._RNvCs4pED7du1fNF_7___rustc17rust_begin_unwind)
        802005e8         802005e8        0     1                 .L0 
        802005e8         802005e8        0     1                 .L0 
        802005e8         802005e8        0     1                 $x
        802005e8         802005e8        0     1                 .L0 
        802005e8         802005e8      11e     1                 __rustc::rust_begin_unwind
        802005fa         802005fa        0     1                 .L0 
        80200600         80200600        0     1                 .Lpcrel_hi50
        80200610         80200610        0     1                 .L0 
        80200610         80200610        0     1                 .L0 
        8020061a         8020061a        0     1                 .L0 
        8020061e         8020061e        0     1                 .L0 
        8020061e         8020061e        0     1                 .L0 
        80200622         80200622        0     1                 .L0 
        80200622         80200622        0     1                 .L0 
        80200626         80200626        0     1                 .L0 
        8020062a         8020062a        0     1                 .L0 
        8020062a         8020062a        0     1                 .L0 
        80200630         80200630        0     1                 .L0 
        80200632         80200632        0     1                 .L0 
        80200636         80200636        0     1                 .L0 
        80200636         80200636        0     1                 .L0 
        8020063a         8020063a        0     1                 .L0 
        8020063a         8020063a        0     1                 .L0 
        8020063e         8020063e        0     1                 .L0 
        80200644         80200644        0     1                 .L0 
        80200644         80200644        0     1                 .L0 
        80200648         80200648        0     1                 .L0 
        8020064c         8020064c        0     1                 .L0 
        80200654         80200654        0     1                 .L0 
        80200654         80200654        0     1                 .L0 
        80200658         80200658        0     1                 .L0 
        80200660         80200660        0     1                 .L0 
        80200660         80200660        0     1                 .L0 
        80200666         80200666        0     1                 .L0 
        80200666         80200666        0     1                 .Lpcrel_hi51
        8020066c         8020066c        0     1                 .Lpcrel_hi52
        80200672         80200672        0     1                 .L0 
        80200672         80200672        0     1                 .Lpcrel_hi53
        8020067e         8020067e        0     1                 .L0 
        80200686         80200686        0     1                 .L0 
        80200692         80200692        0     1                 .L0 
        80200696         80200696        0     1                 .L0 
        80200698         80200698        0     1                 .L0 
        8020069a         8020069a        0     1                 .L0 
        802006a6         802006a6        0     1                 .L0 
        802006ae         802006ae        0     1                 .L0 
        802006b0         802006b0        0     1                 .Lpcrel_hi54
        802006c8         802006c8        0     1                 .L0 
        802006cc         802006cc        0     1                 .Lpcrel_hi55
        802006d0         802006d0        0     1                 .Lpcrel_hi56
        802006d0         802006d0        0     1                 .L0 
        802006d6         802006d6        0     1                 .L0 
        802006e0         802006e0        0     1                 .L0 
        802006ec         802006ec        0     1                 .L0 
        802006ee         802006ee        0     1                 .L0 
        80200700         80200700        0     1                 .L0 
        80200704         80200704        0     1                 .L0 
        80200706         80200706        0     1                 .L0 
        80200706         80200706       36     2         D:\rust\bogokernel\target\riscv64gc-unknown-none-elf\debug\deps\kernel-366f73143009ccb7.0lsw8yqgixrfijas9w6yuwf6e.15y7fjq.rcgu.o:(.text._ZN76_$LT$core..panic..panic_info..PanicMessage$u20$as$u20$core..fmt..Display$GT$3fmt17h1db35bdad7d9691fE)
        80200706         80200706       36     1                 _$LT$core..panic..panic_info..PanicMessage$u20$as$u20$core..fmt..Display$GT$::fmt::h1db35bdad7d9691f
        80200706         80200706        0     1                 .L0 
        80200706         80200706        0     1                 .L0 
        80200706         80200706        0     1                 $x
        80200706         80200706        0     1                 .L0 
        8020070c         8020070c        0     1                 .L0 
        80200710         80200710        0     1                 .L0 
        8020071c         8020071c        0     1                 .L0 
        80200736         80200736        0     1                 .L0 
        8020073c         8020073c        0     1                 .L0 
        8020073c         8020073c      8b8     2         D:\rust\bogokernel\target\riscv64gc-unknown-none-elf\debug\deps\kernel-366f73143009ccb7.0lsw8yqgixrfijas9w6yuwf6e.15y7fjq.rcgu.o:(.text.rust_start)
        8020073c         8020073c        0     1                 .L0 
        8020073c         8020073c        0     1                 .L0 
        8020073c         8020073c        0     1                 $x
        8020073c         8020073c        0     1                 .L0 
        8020073c         8020073c      8b8     1                 rust_start
        8020075a         8020075a        0     1                 .L0 
        80200762         80200762        0     1                 .Lpcrel_hi57
        80200770         80200770        0     1                 .L0 
        80200770         80200770        0     1                 .L0 
        8020077a         8020077a        0     1                 .L0 
        8020077e         8020077e        0     1                 .L0 
        8020077e         8020077e        0     1                 .L0 
        80200782         80200782        0     1                 .L0 
        80200782         80200782        0     1                 .L0 
        80200786         80200786        0     1                 .L0 
        8020078a         8020078a        0     1                 .L0 
        8020078a         8020078a        0     1                 .L0 
        80200790         80200790        0     1                 .L0 
        80200792         80200792        0     1                 .L0 
        80200796         80200796        0     1                 .L0 
        80200796         80200796        0     1                 .L0 
        8020079a         8020079a        0     1                 .L0 
        8020079a         8020079a        0     1                 .L0 
        8020079e         8020079e        0     1                 .L0 
        802007a4         802007a4        0     1                 .L0 
        802007a4         802007a4        0     1                 .L0 
        802007a8         802007a8        0     1                 .L0 
        802007ac         802007ac        0     1                 .L0 
        802007b2         802007b2        0     1                 .L0 
        802007b4         802007b4        0     1                 .L0 
        802007b6         802007b6        0     1                 .L0 
        802007b6         802007b6        0     1                 .L0 
        802007ba         802007ba        0     1                 .L0 
        802007c2         802007c2        0     1                 .L0 
        802007c2         802007c2        0     1                 .Lpcrel_hi58
        802007c2         802007c2        0     1                 .L0 
        802007d2         802007d2        0     1                 .Lpcrel_hi59
        802007e2         802007e2        0     1                 .L0 
        802007e4         802007e4        0     1                 .L0 
        802007e8         802007e8        0     1                 .L0 
        802007ea         802007ea        0     1                 .Lpcrel_hi60
        802007fc         802007fc        0     1                 .L0 
        80200806         80200806        0     1                 .L0 
        80200806         80200806        0     1                 .L0 
        8020080a         8020080a        0     1                 .L0 
        8020080a         8020080a        0     1                 .L0 
        8020080e         8020080e        0     1                 .L0 
        8020080e         8020080e        0     1                 .L0 
        80200812         80200812        0     1                 .L0 
        80200816         80200816        0     1                 .L0 
        80200816         80200816        0     1                 .L0 
        8020081c         8020081c        0     1                 .L0 
        8020081e         8020081e        0     1                 .L0 
        80200822         80200822        0     1                 .L0 
        80200822         80200822        0     1                 .L0 
        80200826         80200826        0     1                 .L0 
        80200826         80200826        0     1                 .L0 
        8020082a         8020082a        0     1                 .L0 
        80200830         80200830        0     1                 .L0 
        80200830         80200830        0     1                 .L0 
        80200834         80200834        0     1                 .L0 
        80200838         80200838        0     1                 .L0 
        8020083e         8020083e        0     1                 .L0 
        80200840         80200840        0     1                 .L0 
        80200842         80200842        0     1                 .L0 
        80200842         80200842        0     1                 .L0 
        80200846         80200846        0     1                 .L0 
        8020084e         8020084e        0     1                 .L0 
        8020084e         8020084e        0     1                 .L0 
        80200850         80200850        0     1                 .Lpcrel_hi61
        80200850         80200850        0     1                 .L0 
        8020085c         8020085c        0     1                 .Lpcrel_hi62
        80200868         80200868        0     1                 .L0 
        8020086c         8020086c        0     1                 .L0 
        80200870         80200870        0     1                 .L0 
        8020087e         8020087e        0     1                 .L0 
        80200888         80200888        0     1                 .L0 
        80200888         80200888        0     1                 .L0 
        8020088c         8020088c        0     1                 .L0 
        8020088c         8020088c        0     1                 .L0 
        80200890         80200890        0     1                 .L0 
        80200890         80200890        0     1                 .L0 
        80200894         80200894        0     1                 .L0 
        80200898         80200898        0     1                 .L0 
        80200898         80200898        0     1                 .L0 
        8020089e         8020089e        0     1                 .L0 
        802008a0         802008a0        0     1                 .L0 
        802008a4         802008a4        0     1                 .L0 
        802008a4         802008a4        0     1                 .L0 
        802008a8         802008a8        0     1                 .L0 
        802008a8         802008a8        0     1                 .L0 
        802008ac         802008ac        0     1                 .L0 
        802008b2         802008b2        0     1                 .L0 
        802008b2         802008b2        0     1                 .L0 
        802008b6         802008b6        0     1                 .L0 
        802008ba         802008ba        0     1                 .L0 
        802008c0         802008c0        0     1                 .L0 
        802008c2         802008c2        0     1                 .L0 
        802008c4         802008c4        0     1                 .L0 
        802008c4         802008c4        0     1                 .L0 
        802008c8         802008c8        0     1                 .L0 
        802008d0         802008d0        0     1                 .L0 
        802008d0         802008d0        0     1                 .L0 
        802008da         802008da        0     1                 .L0 
        802008da         802008da        0     1                 .L0 
        802008de         802008de        0     1                 .Lpcrel_hi63
        802008ee         802008ee        0     1                 .L0 
        802008ee         802008ee        0     1                 .L0 
        80200902         80200902        0     1                 .L0 
        80200904         80200904        0     1                 .L0 
        80200908         80200908        0     1                 .L0 
        8020090c         8020090c        0     1                 .L0 
        8020090e         8020090e        0     1                 .Lpcrel_hi64
        80200920         80200920        0     1                 .L0 
        8020092a         8020092a        0     1                 .L0 
        8020092a         8020092a        0     1                 .L0 
        8020092e         8020092e        0     1                 .L0 
        8020092e         8020092e        0     1                 .L0 
        80200932         80200932        0     1                 .L0 
        80200932         80200932        0     1                 .L0 
        80200936         80200936        0     1                 .L0 
        8020093a         8020093a        0     1                 .L0 
        8020093a         8020093a        0     1                 .L0 
        80200940         80200940        0     1                 .L0 
        80200942         80200942        0     1                 .L0 
        80200946         80200946        0     1                 .L0 
        80200946         80200946        0     1                 .L0 
        8020094a         8020094a        0     1                 .L0 
        8020094a         8020094a        0     1                 .L0 
        8020094e         8020094e        0     1                 .L0 
        80200954         80200954        0     1                 .L0 
        80200954         80200954        0     1                 .L0 
        80200958         80200958        0     1                 .L0 
        8020095c         8020095c        0     1                 .L0 
        80200962         80200962        0     1                 .L0 
        80200964         80200964        0     1                 .L0 
        80200966         80200966        0     1                 .L0 
        80200966         80200966        0     1                 .L0 
        8020096a         8020096a        0     1                 .L0 
        80200972         80200972        0     1                 .L0 
        80200972         80200972        0     1                 .Lpcrel_hi65
        80200972         80200972        0     1                 .L0 
        80200980         80200980        0     1                 .L0 
        80200980         80200980        0     1                 .L0 
        80200984         80200984        0     1                 .L0 
        8020098e         8020098e        0     1                 .Lpcrel_hi68
        8020099a         8020099a        0     1                 .L0 
        802009d0         802009d0        0     1                 .L0 
        802009da         802009da        0     1                 .L0 
        802009de         802009de        0     1                 .L0 
        802009de         802009de        0     1                 .L0 
        802009e4         802009e4        0     1                 .L0 
        802009e6         802009e6        0     1                 .L0 
        802009e8         802009e8        0     1                 .L0 
        802009e8         802009e8        0     1                 .L0 
        802009f0         802009f0        0     1                 .L0 
        802009fc         802009fc        0     1                 .L0 
        80200a0a         80200a0a        0     1                 .L0 
        80200a14         80200a14        0     1                 .L0 
        80200a16         80200a16        0     1                 .L0 
        80200a1c         80200a1c        0     1                 .L0 
        80200a1c         80200a1c        0     1                 .L0 
        80200a30         80200a30        0     1                 .L0 
        80200a30         80200a30        0     1                 .L0 
        80200a3a         80200a3a        0     1                 .L0 
        80200a3a         80200a3a        0     1                 .L0 
        80200a9a         80200a9a        0     1                 .L0 
        80200a9e         80200a9e        0     1                 .L0 
        80200aa2         80200aa2        0     1                 .Lpcrel_hi73
        80200aa2         80200aa2        0     1                 .L0 
        80200ab0         80200ab0        0     1                 .L0 
        80200aba         80200aba        0     1                 .L0 
        80200aba         80200aba        0     1                 .L0 
        80200abe         80200abe        0     1                 .L0 
        80200abe         80200abe        0     1                 .L0 
        80200ac2         80200ac2        0     1                 .L0 
        80200ac2         80200ac2        0     1                 .L0 
        80200ac6         80200ac6        0     1                 .L0 
        80200aca         80200aca        0     1                 .L0 
        80200acc         80200acc        0     1                 .L0 
        80200ace         80200ace        0     1                 .L0 
        80200ad2         80200ad2        0     1                 .L0 
        80200ad2         80200ad2        0     1                 .L0 
        80200ad6         80200ad6        0     1                 .L0 
        80200ad6         80200ad6        0     1                 .L0 
        80200ada         80200ada        0     1                 .L0 
        80200ae0         80200ae0        0     1                 .L0 
        80200ae0         80200ae0        0     1                 .L0 
        80200ae4         80200ae4        0     1                 .L0 
        80200ae8         80200ae8        0     1                 .L0 
        80200aee         80200aee        0     1                 .L0 
        80200af0         80200af0        0     1                 .L0 
        80200af2         80200af2        0     1                 .L0 
        80200af2         80200af2        0     1                 .L0 
        80200af6         80200af6        0     1                 .L0 
        80200afe         80200afe        0     1                 .L0 
        80200afe         80200afe        0     1                 .Lpcrel_hi69
        80200afe         80200afe        0     1                 .L0 
        80200b14         80200b14        0     1                 .Lpcrel_hi70
        80200b26         80200b26        0     1                 .L0 
        80200b26         80200b26        0     1                 .Lpcrel_hi71
        80200b38         80200b38        0     1                 .Lpcrel_hi72
        80200b48         80200b48        0     1                 .L0 
        80200b48         80200b48        0     1                 .Lpcrel_hi74
        80200b48         80200b48        0     1                 .L0 
        80200b4c         80200b4c        0     1                 .Lpcrel_hi75
        80200b5c         80200b5c        0     1                 .Lpcrel_hi76
        80200b6c         80200b6c        0     1                 .L0 
        80200b6c         80200b6c        0     1                 .L0 
        80200b70         80200b70        0     1                 .L0 
        80200b74         80200b74        0     1                 .L0 
        80200b76         80200b76        0     1                 .L0 
        80200b94         80200b94        0     1                 .L0 
        80200b9e         80200b9e        0     1                 .L0 
        80200ba2         80200ba2        0     1                 .Lpcrel_hi79
        80200bb4         80200bb4        0     1                 .L0 
        80200bbe         80200bbe        0     1                 .L0 
        80200bbe         80200bbe        0     1                 .L0 
        80200bc2         80200bc2        0     1                 .L0 
        80200bc2         80200bc2        0     1                 .L0 
        80200bc6         80200bc6        0     1                 .L0 
        80200bc6         80200bc6        0     1                 .L0 
        80200bca         80200bca        0     1                 .L0 
        80200bca         80200bca        0     1                 .L0 
        80200bd0         80200bd0        0     1                 .L0 
        80200bd0         80200bd0        0     1                 .L0 
        80200bd2         80200bd2        0     1                 .L0 
        80200bd6         80200bd6        0     1                 .L0 
        80200bd6         80200bd6        0     1                 .L0 
        80200bda         80200bda        0     1                 .L0 
        80200bda         80200bda        0     1                 .L0 
        80200bde         80200bde        0     1                 .L0 
        80200be4         80200be4        0     1                 .L0 
        80200be4         80200be4        0     1                 .L0 
        80200be8         80200be8        0     1                 .L0 
        80200bec         80200bec        0     1                 .L0 
        80200bf2         80200bf2        0     1                 .L0 
        80200bf4         80200bf4        0     1                 .L0 
        80200bf6         80200bf6        0     1                 .L0 
        80200bf6         80200bf6        0     1                 .L0 
        80200bfa         80200bfa        0     1                 .L0 
        80200c02         80200c02        0     1                 .L0 
        80200c02         80200c02        0     1                 .L0 
        80200c14         80200c14        0     1                 .L0 
        80200c14         80200c14        0     1                 .L0 
        80200c1c         80200c1c        0     1                 .L0 
        80200c1c         80200c1c        0     1                 .L0 
        80200c2e         80200c2e        0     1                 .L0 
        80200c2e         80200c2e        0     1                 .L0 
        80200c3c         80200c3c        0     1                 .L0 
        80200c3c         80200c3c        0     1                 .L0 
        80200c40         80200c40        0     1                 .L0 
        80200c40         80200c40        0     1                 .L0 
        80200c44         80200c44        0     1                 .Lpcrel_hi84
        80200c44         80200c44        0     1                 .L0 
        80200c48         80200c48        0     1                 .Lpcrel_hi85
        80200c48         80200c48        0     1                 .L0 
        80200c50         80200c50        0     1                 .L0 
        80200c54         80200c54        0     1                 .L0 
        80200c5e         80200c5e        0     1                 .L0 
        80200c6c         80200c6c        0     1                 .Lpcrel_hi86
        80200c82         80200c82        0     1                 .L0 
        80200c82         80200c82        0     1                 .L0 
        80200c92         80200c92        0     1                 .L0 
        80200c92         80200c92        0     1                 .L0 
        80200c9a         80200c9a        0     1                 .L0 
        80200c9a         80200c9a        0     1                 .L0 
        80200cae         80200cae        0     1                 .L0 
        80200cae         80200cae        0     1                 .L0 
        80200cbe         80200cbe        0     1                 .L0 
        80200cbe         80200cbe        0     1                 .L0 
        80200cc2         80200cc2        0     1                 .L0 
        80200cc4         80200cc4        0     1                 .L0 
        80200cc8         80200cc8        0     1                 .L0 
        80200cc8         80200cc8        0     1                 .L0 
        80200ccc         80200ccc        0     1                 .L0 
        80200ccc         80200ccc        0     1                 .L0 
        80200cd0         80200cd0        0     1                 .L0 
        80200cd2         80200cd2        0     1                 .L0 
        80200cd2         80200cd2        0     1                 .L0 
        80200cd4         80200cd4        0     1                 .L0 
        80200cde         80200cde        0     1                 .L0 
        80200ce0         80200ce0        0     1                 .L0 
        80200ce4         80200ce4        0     1                 .L0 
        80200ce6         80200ce6        0     1                 .L0 
        80200ce8         80200ce8        0     1                 .L0 
        80200cee         80200cee        0     1                 .L0 
        80200cee         80200cee        0     1                 .L0 
        80200cf8         80200cf8        0     1                 .L0 
        80200cfa         80200cfa        0     1                 .L0 
        80200cfc         80200cfc        0     1                 .L0 
        80200cfe         80200cfe        0     1                 .L0 
        80200d00         80200d00        0     1                 .L0 
        80200d06         80200d06        0     1                 .L0 
        80200d06         80200d06        0     1                 .L0 
        80200d10         80200d10        0     1                 .L0 
        80200d12         80200d12        0     1                 .L0 
        80200d16         80200d16        0     1                 .L0 
        80200d1a         80200d1a        0     1                 .L0 
        80200d1a         80200d1a        0     1                 .L0 
        80200d20         80200d20        0     1                 .L0 
        80200d20         80200d20        0     1                 .L0 
        80200d2a         80200d2a        0     1                 .L0 
        80200d2c         80200d2c        0     1                 .L0 
        80200d30         80200d30        0     1                 .L0 
        80200d32         80200d32        0     1                 .L0 
        80200d32         80200d32        0     1                 .L0 
        80200d38         80200d38        0     1                 .L0 
        80200d38         80200d38        0     1                 .L0 
        80200d42         80200d42        0     1                 .L0 
        80200d44         80200d44        0     1                 .L0 
        80200d48         80200d48        0     1                 .L0 
        80200d4c         80200d4c        0     1                 .L0 
        80200d4c         80200d4c        0     1                 .L0 
        80200d52         80200d52        0     1                 .L0 
        80200d52         80200d52        0     1                 .L0 
        80200d5c         80200d5c        0     1                 .L0 
        80200d5e         80200d5e        0     1                 .L0 
        80200d62         80200d62        0     1                 .L0 
        80200d66         80200d66        0     1                 .L0 
        80200d66         80200d66        0     1                 .L0 
        80200d6c         80200d6c        0     1                 .L0 
        80200d6c         80200d6c        0     1                 .L0 
        80200d76         80200d76        0     1                 .L0 
        80200d78         80200d78        0     1                 .L0 
        80200d7e         80200d7e        0     1                 .L0 
        80200d82         80200d82        0     1                 .L0 
        80200d82         80200d82        0     1                 .L0 
        80200d88         80200d88        0     1                 .L0 
        80200d88         80200d88        0     1                 .L0 
        80200d92         80200d92        0     1                 .L0 
        80200d9a         80200d9a        0     1                 .L0 
        80200d9c         80200d9c        0     1                 .L0 
        80200da0         80200da0        0     1                 .L0 
        80200da0         80200da0        0     1                 .L0 
        80200da6         80200da6        0     1                 .L0 
        80200da6         80200da6        0     1                 .L0 
        80200daa         80200daa        0     1                 .L0 
        80200daa         80200daa        0     1                 .L0 
        80200db0         80200db0        0     1                 .L0 
        80200db0         80200db0        0     1                 .L0 
        80200db2         80200db2        0     1                 .L0 
        80200db2         80200db2        0     1                 .L0 
        80200db8         80200db8        0     1                 .L0 
        80200db8         80200db8        0     1                 .L0 
        80200dba         80200dba        0     1                 .L0 
        80200dba         80200dba        0     1                 .L0 
        80200dc0         80200dc0        0     1                 .L0 
        80200dc0         80200dc0        0     1                 .L0 
        80200dc2         80200dc2        0     1                 .L0 
        80200dc2         80200dc2        0     1                 .L0 
        80200dc8         80200dc8        0     1                 .L0 
        80200dc8         80200dc8        0     1                 .L0 
        80200dca         80200dca        0     1                 .L0 
        80200dca         80200dca        0     1                 .L0 
        80200dd0         80200dd0        0     1                 .L0 
        80200dd0         80200dd0        0     1                 .L0 
        80200dd2         80200dd2        0     1                 .L0 
        80200dd2         80200dd2        0     1                 .L0 
        80200dd8         80200dd8        0     1                 .L0 
        80200dd8         80200dd8        0     1                 .L0 
        80200dda         80200dda        0     1                 .L0 
        80200dda         80200dda        0     1                 .L0 
        80200de2         80200de2        0     1                 .Lpcrel_hi94
        80200df2         80200df2        0     1                 .L0 
        80200df2         80200df2        0     1                 .L0 
        80200df6         80200df6        0     1                 .L0 
        80200df6         80200df6        0     1                 .L0 
        80200dfa         80200dfa        0     1                 .L0 
        80200dfa         80200dfa        0     1                 .L0 
        80200dfe         80200dfe        0     1                 .L0 
        80200e02         80200e02        0     1                 .L0 
        80200e02         80200e02        0     1                 .Lpcrel_hi91
        80200e02         80200e02        0     1                 .L0 
        80200e14         80200e14        0     1                 .L0 
        80200e14         80200e14        0     1                 .Lpcrel_hi66
        80200e2a         80200e2a        0     1                 .Lpcrel_hi67
        80200e3c         80200e3c        0     1                 .L0 
        80200e40         80200e40        0     1                 .Lpcrel_hi95
        80200e44         80200e44        0     1                 .Lpcrel_hi96
        80200e44         80200e44        0     1                 .L0 
        80200e4c         80200e4c        0     1                 .L0 
        80200e56         80200e56        0     1                 .L0 
        80200e64         80200e64        0     1                 .Lpcrel_hi97
        80200e7a         80200e7a        0     1                 .L0 
        80200e7a         80200e7a        0     1                 .Lpcrel_hi98
        80200e7a         80200e7a        0     1                 .L0 
        80200e7e         80200e7e        0     1                 .Lpcrel_hi99
        80200e8e         80200e8e        0     1                 .Lpcrel_hi101
        80200e9e         80200e9e        0     1                 .L0 
        80200e9e         80200e9e        0     1                 .L0 
        80200ec4         80200ec4        0     1                 .L0 
        80200ec4         80200ec4        0     1                 .Lpcrel_hi100
        80200eee         80200eee        0     1                 .L0 
        80200eee         80200eee        0     1                 .Lpcrel_hi92
        80200f02         80200f02        0     1                 .L0 
        80200f0c         80200f0c        0     1                 .Lpcrel_hi93
        80200f0c         80200f0c        0     1                 .L0 
        80200f16         80200f16        0     1                 .L0 
        80200f16         80200f16        0     1                 .Lpcrel_hi77
        80200f16         80200f16        0     1                 .L0 
        80200f2c         80200f2c        0     1                 .Lpcrel_hi78
        80200f3e         80200f3e        0     1                 .L0 
        80200f3e         80200f3e        0     1                 .Lpcrel_hi80
        80200f52         80200f52        0     1                 .L0 
        80200f5c         80200f5c        0     1                 .Lpcrel_hi81
        80200f64         80200f64        0     1                 .L0 
        80200f64         80200f64        0     1                 .L0 
        80200f66         80200f66        0     1                 .L0 
        80200f66         80200f66        0     1                 .Lpcrel_hi82
        80200f66         80200f66        0     1                 .L0 
        80200f7a         80200f7a        0     1                 .L0 
        80200f84         80200f84        0     1                 .Lpcrel_hi83
        80200f8c         80200f8c        0     1                 .L0 
        80200f8c         80200f8c        0     1                 .L0 
        80200f8e         80200f8e        0     1                 .L0 
        80200f8e         80200f8e        0     1                 .L0 
        80200f9a         80200f9a        0     1                 .L0 
        80200f9a         80200f9a        0     1                 .Lpcrel_hi87
        80200fa2         80200fa2        0     1                 .L0 
        80200fa4         80200fa4        0     1                 .L0 
        80200fae         80200fae        0     1                 .L0 
        80200fb6         80200fb6        0     1                 .L0 
        80200fb6         80200fb6        0     1                 .Lpcrel_hi88
        80200fbe         80200fbe        0     1                 .L0 
        80200fbe         80200fbe        0     1                 .L0 
        80200fc0         80200fc0        0     1                 .L0 
        80200fc0         80200fc0        0     1                 .Lpcrel_hi89
        80200fc0         80200fc0        0     1                 .L0 
        80200fcc         80200fcc        0     1                 .L0 
        80200fce         80200fce        0     1                 .L0 
        80200fd8         80200fd8        0     1                 .L0 
        80200fe0         80200fe0        0     1                 .L0 
        80200fe0         80200fe0        0     1                 .Lpcrel_hi90
        80200fe8         80200fe8        0     1                 .L0 
        80200ff4         80200ff4        0     1                 .L0 
        80200ff4         80200ff4       70     2         D:\rust\bogokernel\target\riscv64gc-unknown-none-elf\debug\deps\kernel-366f73143009ccb7.0lsw8yqgixrfijas9w6yuwf6e.15y7fjq.rcgu.o:(.text.after_user)
        80200ff4         80200ff4        0     1                 .L0 
        80200ff4         80200ff4        0     1                 .L0 
        80200ff4         80200ff4        0     1                 $x
        80200ff4         80200ff4        0     1                 .L0 
        80200ff4         80200ff4       70     1                 after_user
        80200ff6         80200ff6        0     1                 .L0 
        80200ffe         80200ffe        0     1                 .Lpcrel_hi102
        8020100e         8020100e        0     1                 .L0 
        8020100e         8020100e        0     1                 .L0 
        80201018         80201018        0     1                 .L0 
        8020101c         8020101c        0     1                 .L0 
        8020101c         8020101c        0     1                 .L0 
        80201020         80201020        0     1                 .L0 
        80201020         80201020        0     1                 .L0 
        80201024         80201024        0     1                 .L0 
        80201028         80201028        0     1                 .L0 
        80201028         80201028        0     1                 .L0 
        8020102e         8020102e        0     1                 .L0 
        80201030         80201030        0     1                 .L0 
        80201034         80201034        0     1                 .L0 
        80201034         80201034        0     1                 .L0 
        80201038         80201038        0     1                 .L0 
        80201038         80201038        0     1                 .L0 
        8020103c         8020103c        0     1                 .L0 
        80201042         80201042        0     1                 .L0 
        80201042         80201042        0     1                 .L0 
        80201046         80201046        0     1                 .L0 
        8020104a         8020104a        0     1                 .L0 
        80201052         80201052        0     1                 .L0 
        80201052         80201052        0     1                 .L0 
        80201056         80201056        0     1                 .L0 
        8020105e         8020105e        0     1                 .L0 
        8020105e         8020105e        0     1                 .L0 
        80201062         80201062        0     1                 .L0 
        80201064         80201064        0     1                 .L0 
        80201064         80201064      1a8     2         D:\rust\bogokernel\target\riscv64gc-unknown-none-elf\debug\deps\kernel-366f73143009ccb7.0lsw8yqgixrfijas9w6yuwf6e.15y7fjq.rcgu.o:(.text._ZN6kernel4sv396map_4k17ha6eaf82de7b0b101E)
        80201064         80201064      1a8     1                 kernel::sv39::map_4k::ha6eaf82de7b0b101
        80201064         80201064        0     1                 .L0 
        80201064         80201064        0     1                 .L0 
        80201064         80201064        0     1                 $x
        80201064         80201064        0     1                 .L0 
        80201074         80201074        0     1                 .L0 
        8020107c         8020107c        0     1                 .L0 
        8020107c         8020107c        0     1                 .L0 
        80201084         80201084        0     1                 .L0 
        8020108a         8020108a        0     1                 .L0 
        8020108a         8020108a        0     1                 .L0 
        80201090         80201090        0     1                 .L0 
        80201090         80201090        0     1                 .Lpcrel_hi104
        80201090         80201090        0     1                 .L0 
        8020109c         8020109c        0     1                 .L0 
        8020109c         8020109c        0     1                 .L0 
        802010a0         802010a0        0     1                 .L0 
        802010aa         802010aa        0     1                 .Lpcrel_hi107
        802010b4         802010b4        0     1                 .L0 
        802010c2         802010c2        0     1                 .L0 
        802010ca         802010ca        0     1                 .L0 
        802010cc         802010cc        0     1                 .L0 
        802010d8         802010d8        0     1                 .L0 
        802010de         802010de        0     1                 .L0 
        802010e4         802010e4        0     1                 .L0 
        802010e4         802010e4        0     1                 .L0 
        802010ee         802010ee        0     1                 .L0 
        802010f4         802010f4        0     1                 .L0 
        802010f4         802010f4        0     1                 .Lpcrel_hi110
        802010f4         802010f4        0     1                 .L0 
        80201100         80201100        0     1                 .L0 
        80201100         80201100        0     1                 .L0 
        80201104         80201104        0     1                 .L0 
        8020110e         8020110e        0     1                 .Lpcrel_hi113
        80201118         80201118        0     1                 .L0 
        80201126         80201126        0     1                 .L0 
        8020112e         8020112e        0     1                 .L0 
        80201130         80201130        0     1                 .L0 
        8020113c         8020113c        0     1                 .L0 
        80201142         80201142        0     1                 .L0 
        80201148         80201148        0     1                 .L0 
        80201148         80201148        0     1                 .L0 
        80201150         80201150        0     1                 .L0 
        8020115c         8020115c        0     1                 .L0 
        8020116c         8020116c        0     1                 .L0 
        8020116c         8020116c        0     1                 .Lpcrel_hi105
        80201182         80201182        0     1                 .Lpcrel_hi106
        80201194         80201194        0     1                 .L0 
        80201194         80201194        0     1                 .Lpcrel_hi111
        802011aa         802011aa        0     1                 .Lpcrel_hi112
        802011bc         802011bc        0     1                 .L0 
        802011bc         802011bc        0     1                 .Lpcrel_hi103
        802011c4         802011c4        0     1                 .L0 
        802011c6         802011c6        0     1                 .L0 
        802011c6         802011c6        0     1                 .Lpcrel_hi108
        802011c6         802011c6        0     1                 .L0 
        802011ce         802011ce        0     1                 .L0 
        802011da         802011da        0     1                 .L0 
        802011da         802011da        0     1                 .Lpcrel_hi109
        802011ea         802011ea        0     1                 .L0 
        802011ea         802011ea        0     1                 .Lpcrel_hi114
        802011fc         802011fc        0     1                 .Lpcrel_hi115
        8020120c         8020120c        0     1                 .L0 
        8020120c         8020120c        0     1                 .L0 
        8020120c         8020120c      282     2         D:\rust\bogokernel\target\riscv64gc-unknown-none-elf\debug\deps\kernel-366f73143009ccb7.0lsw8yqgixrfijas9w6yuwf6e.15y7fjq.rcgu.o:(.text.rust_trap)
        8020120c         8020120c        0     1                 .L0 
        8020120c         8020120c        0     1                 .L0 
        8020120c         8020120c        0     1                 $x
        8020120c         8020120c        0     1                 .L0 
        8020120c         8020120c      282     1                 rust_trap
        80201212         80201212        0     1                 .L0 
        80201216         80201216        0     1                 .L0 
        8020121e         8020121e        0     1                 .L0 
        8020121e         8020121e        0     1                 .L0 
        80201222         80201222        0     1                 .L0 
        80201226         80201226        0     1                 .L0 
        80201226         80201226        0     1                 .L0 
        8020122a         8020122a        0     1                 .L0 
        8020123e         8020123e        0     1                 .L0 
        80201242         80201242        0     1                 .L0 
        80201242         80201242        0     1                 .L0 
        80201246         80201246        0     1                 .L0 
        80201246         80201246        0     1                 .L0 
        8020124c         8020124c        0     1                 .L0 
        8020124c         8020124c        0     1                 .L0 
        80201250         80201250        0     1                 .L0 
        80201250         80201250        0     1                 .L0 
        80201254         80201254        0     1                 .L0 
        80201264         80201264        0     1                 .L0 
        8020126a         8020126a        0     1                 .L0 
        8020126a         8020126a        0     1                 .L0 
        80201272         80201272        0     1                 .L0 
        80201272         80201272        0     1                 .L0 
        80201276         80201276        0     1                 .L0 
        80201276         80201276        0     1                 .L0 
        8020127c         8020127c        0     1                 .L0 
        8020127e         8020127e        0     1                 .L0 
        80201282         80201282        0     1                 .L0 
        80201288         80201288        0     1                 .L0 
        80201288         80201288        0     1                 .L0 
        8020128c         8020128c        0     1                 .L0 
        8020128e         8020128e        0     1                 .L0 
        80201292         80201292        0     1                 .L0 
        80201294         80201294        0     1                 .Lpcrel_hi138
        802012a4         802012a4        0     1                 .L0 
        802012a4         802012a4        0     1                 .L0 
        802012a6         802012a6        0     1                 .L0 
        802012a8         802012a8        0     1                 .L0 
        802012ac         802012ac        0     1                 .L0 
        802012ac         802012ac        0     1                 .L0 
        802012b6         802012b6        0     1                 .L0 
        802012b6         802012b6        0     1                 .L0 
        802012ba         802012ba        0     1                 .L0 
        802012ba         802012ba        0     1                 .L0 
        802012cc         802012cc        0     1                 .L0 
        802012ce         802012ce        0     1                 .L0 
        802012d2         802012d2        0     1                 .L0 
        802012d6         802012d6        0     1                 .L0 
        802012d6         802012d6        0     1                 .Lpcrel_hi119
        802012e4         802012e4        0     1                 .L0 
        802012ea         802012ea        0     1                 .Lpcrel_hi121
        802012ea         802012ea        0     1                 .L0 
        802012f2         802012f2        0     1                 .Lpcrel_hi122
        802012fa         802012fa        0     1                 .L0 
        80201306         80201306        0     1                 .L0 
        80201308         80201308        0     1                 .L0 
        80201308         80201308        0     1                 .L0 
        8020130c         8020130c        0     1                 .L0 
        8020130e         8020130e        0     1                 .Lpcrel_hi124
        80201312         80201312        0     1                 .Lpcrel_hi125
        80201312         80201312        0     1                 .L0 
        8020131a         8020131a        0     1                 .L0 
        80201324         80201324        0     1                 .L0 
        80201324         80201324        0     1                 .L0 
        80201332         80201332        0     1                 .Lpcrel_hi126
        80201348         80201348        0     1                 .L0 
        80201348         80201348        0     1                 .L0 
        80201350         80201350        0     1                 .Lpcrel_hi127
        80201350         80201350        0     1                 .L0 
        80201356         80201356        0     1                 .Lpcrel_hi128
        8020135a         8020135a        0     1                 .L0 
        8020135a         8020135a        0     1                 .Lpcrel_hi129
        80201362         80201362        0     1                 .L0 
        80201366         80201366        0     1                 .L0 
        80201378         80201378        0     1                 .L0 
        8020137a         8020137a        0     1                 .L0 
        8020137a         8020137a        0     1                 .Lpcrel_hi130
        80201392         80201392        0     1                 .Lpcrel_hi131
        802013a6         802013a6        0     1                 .L0 
        802013a6         802013a6        0     1                 .L0 
        802013ac         802013ac        0     1                 .L0 
        802013ac         802013ac        0     1                 .L0 
        802013b2         802013b2        0     1                 .L0 
        802013b2         802013b2        0     1                 .L0 
        802013b6         802013b6        0     1                 .L0 
        802013bc         802013bc        0     1                 .Lpcrel_hi116
        802013bc         802013bc        0     1                 .L0 
        802013c0         802013c0        0     1                 .Lpcrel_hi117
        802013c4         802013c4        0     1                 .Lpcrel_hi118
        802013e2         802013e2        0     1                 .L0 
        802013e8         802013e8        0     1                 .L0 
        802013e8         802013e8        0     1                 .Lpcrel_hi135
        802013ec         802013ec        0     1                 .Lpcrel_hi136
        802013ec         802013ec        0     1                 .L0 
        802013f0         802013f0        0     1                 .L0 
        802013fa         802013fa        0     1                 .L0 
        80201406         80201406        0     1                 .L0 
        80201408         80201408        0     1                 .L0 
        80201408         80201408        0     1                 .L0 
        8020140a         8020140a        0     1                 .Lpcrel_hi137
        80201418         80201418        0     1                 .L0 
        80201418         80201418        0     1                 .L0 
        8020141a         8020141a        0     1                 .Lpcrel_hi132
        8020141a         8020141a        0     1                 .L0 
        8020141e         8020141e        0     1                 .L0 
        8020141e         8020141e        0     1                 .Lpcrel_hi133
        80201424         80201424        0     1                 .L0 
        8020142e         8020142e        0     1                 .L0 
        8020143c         8020143c        0     1                 .Lpcrel_hi134
        80201448         80201448        0     1                 .L0 
        80201454         80201454        0     1                 .L0 
        80201458         80201458        0     1                 .L0 
        80201460         80201460        0     1                 .L0 
        8020146e         8020146e        0     1                 .L0 
        8020146e         8020146e        0     1                 .Lpcrel_hi120
        8020146e         8020146e        0     1                 .L0 
        8020147e         8020147e        0     1                 .Lpcrel_hi123
        8020148e         8020148e        0     1                 .L0 
        8020148e         8020148e        0     1                 .L0 
        8020148e         8020148e       48     2         D:\rust\bogokernel\target\riscv64gc-unknown-none-elf\debug\deps\kernel-366f73143009ccb7.0lsw8yqgixrfijas9w6yuwf6e.15y7fjq.rcgu.o:(.text._ZN72_$LT$riscv..interrupt..Trap$LT$I$C$E$GT$$u20$as$u20$core..fmt..Debug$GT$3fmt17hc8c0c768da14aa6eE)
        8020148e         8020148e       48     1                 _$LT$riscv..interrupt..Trap$LT$I$C$E$GT$$u20$as$u20$core..fmt..Debug$GT$::fmt::hc8c0c768da14aa6e
        8020148e         8020148e        0     1                 .L0 
        8020148e         8020148e        0     1                 .L0 
        8020148e         8020148e        0     1                 $x
        8020148e         8020148e        0     1                 .L0 
        80201494         80201494        0     1                 .L0 
        8020149a         8020149a        0     1                 .L0 
        8020149c         8020149c        0     1                 .Lpcrel_hi139
        8020149c         8020149c        0     1                 .L0 
        8020149c         8020149c        0     1                 .L0 
        802014a0         802014a0        0     1                 .Lpcrel_hi140
        802014b0         802014b0        0     1                 .L0 
        802014b2         802014b2        0     1                 .Lpcrel_hi141
        802014b2         802014b2        0     1                 .L0 
        802014b6         802014b6        0     1                 .Lpcrel_hi142
        802014d6         802014d6        0     1                 .L0 
        802014d6         802014d6      124     2         D:\rust\bogokernel\target\riscv64gc-unknown-none-elf\debug\deps\kernel-366f73143009ccb7.0lsw8yqgixrfijas9w6yuwf6e.15y7fjq.rcgu.o:(.text._RNvCs4pED7du1fNF_7___rustc14___rust_realloc)
        802014d6         802014d6        0     1                 .L0 
        802014d6         802014d6        0     1                 .L0 
        802014d6         802014d6        0     1                 $x
        802014d6         802014d6        0     1                 .L0 
        802014d6         802014d6      124     1                 __rustc::__rust_realloc
        802014ee         802014ee        0     1                 .L0 
        802014ee         802014ee        0     1                 .L0 
        802014fc         802014fc        0     1                 .L0 
        802014fc         802014fc        0     1                 .L0 
        8020150a         8020150a        0     1                 .L0 
        8020150a         8020150a        0     1                 .Lpcrel_hi147
        8020150a         8020150a        0     1                 .L0 
        80201520         80201520        0     1                 .L0 
        80201520         80201520        0     1                 .L0 
        80201522         80201522        0     1                 .L0 
        80201522         80201522        0     1                 .L0 
        80201526         80201526        0     1                 .L0 
        80201528         80201528        0     1                 .L0 
        80201528         80201528        0     1                 .L0 
        8020152e         8020152e        0     1                 .L0 
        8020152e         8020152e        0     1                 .L0 
        80201532         80201532        0     1                 .L0 
        80201538         80201538        0     1                 .L0 
        8020153c         8020153c        0     1                 .L0 
        80201540         80201540        0     1                 .L0 
        80201540         80201540        0     1                 .L0 
        8020154e         8020154e        0     1                 .L0 
        80201560         80201560        0     1                 .L0 
        80201572         80201572        0     1                 .L0 
        80201572         80201572        0     1                 .Lpcrel_hi148
        8020157e         8020157e        0     1                 .L0 
        80201580         80201580        0     1                 .L0 
        8020158a         8020158a        0     1                 .L0 
        80201592         80201592        0     1                 .L0 
        80201592         80201592        0     1                 .Lpcrel_hi149
        80201592         80201592        0     1                 .L0 
        8020159c         8020159c        0     1                 .L0 
        8020159c         8020159c        0     1                 .Lpcrel_hi143
        8020159c         8020159c        0     1                 .L0 
        802015a8         802015a8        0     1                 .L0 
        802015aa         802015aa        0     1                 .L0 
        802015b4         802015b4        0     1                 .L0 
        802015bc         802015bc        0     1                 .L0 
        802015bc         802015bc        0     1                 .Lpcrel_hi144
        802015c4         802015c4        0     1                 .L0 
[...]
           1ef40            1ef40        0     1                 .L0 
           1ef90            1ef90        0     1                 .L0 
           1efc0            1efc0        0     1                 .L0 
           1eff0            1eff0        0     1                 .L0 
           1f020            1f020        0     1                 .L0 
           1f050            1f050        0     1                 .L0 
           1f090            1f090        0     1                 .L0 
           1f0d0            1f0d0        0     1                 .L0 
           1f120            1f120        0     1                 .L0 
           1f170            1f170        0     1                 .L0 
           1f1a0            1f1a0        0     1                 .L0 
           1f1d0            1f1d0        0     1                 .L0 
           1f200            1f200        0     1                 .L0 
           1f230            1f230        0     1                 .L0 
           1f260            1f260        0     1                 .L0 
           1f290            1f290        0     1                 .L0 
           1f2d0            1f2d0        0     1                 .L0 
           1f300            1f300        0     1                 .L0 
           1f330            1f330        0     1                 .L0 
           1f360            1f360        0     1                 .L0 
           1f390            1f390        0     1                 .L0 
           1f3c0            1f3c0        0     1                 .L0 
           1f3f0            1f3f0        0     1                 .L0 
           1f430            1f430        0     1                 .L0 
           1f460            1f460        0     1                 .L0 
           21590            21590       30     1         C:\Users\Magnus\.rustup\toolchains\nightly-x86_64-pc-windows-msvc\lib\rustlib\riscv64gc-unknown-none-elf\lib\libcompiler_builtins-68e6dafd27578d1b.rlib(compiler_builtins-68e6dafd27578d1b.compiler_builtins.28f9de005c366824-cgu.158.rcgu.o):(.debug_ranges)
           21590            21590        0     1                 .L0 
           21590            21590        0     1                 $d
           215c0            215c0       30     1         C:\Users\Magnus\.rustup\toolchains\nightly-x86_64-pc-windows-msvc\lib\rustlib\riscv64gc-unknown-none-elf\lib\libcompiler_builtins-68e6dafd27578d1b.rlib(compiler_builtins-68e6dafd27578d1b.compiler_builtins.28f9de005c366824-cgu.207.rcgu.o):(.debug_ranges)
           215c0            215c0        0     1                 .L0 
           215c0            215c0        0     1                 $d
           215f0            215f0      9f0     1         C:\Users\Magnus\.rustup\toolchains\nightly-x86_64-pc-windows-msvc\lib\rustlib\riscv64gc-unknown-none-elf\lib\libcompiler_builtins-68e6dafd27578d1b.rlib(compiler_builtins-68e6dafd27578d1b.compiler_builtins.28f9de005c366824-cgu.008.rcgu.o):(.debug_ranges)
           215f0            215f0        0     1                 .L0 
           215f0            215f0        0     1                 $d
           21620            21620        0     1                 .L0 
           21650            21650        0     1                 .L0 
           21680            21680        0     1                 .L0 
           216c0            216c0        0     1                 .L0 
           21700            21700        0     1                 .L0 
           21730            21730        0     1                 .L0 
           21760            21760        0     1                 .L0 
           21790            21790        0     1                 .L0 
           217c0            217c0        0     1                 .L0 
           217f0            217f0        0     1                 .L0 
           21820            21820        0     1                 .L0 
           21850            21850        0     1                 .L0 
           21880            21880        0     1                 .L0 
           218b0            218b0        0     1                 .L0 
           218e0            218e0        0     1                 .L0 
           21910            21910        0     1                 .L0 
           21940            21940        0     1                 .L0 
           219a0            219a0        0     1                 .L0 
           219d0            219d0        0     1                 .L0 
           21a10            21a10        0     1                 .L0 
           21a40            21a40        0     1                 .L0 
           21a70            21a70        0     1                 .L0 
           21aa0            21aa0        0     1                 .L0 
           21ad0            21ad0        0     1                 .L0 
           21b10            21b10        0     1                 .L0 
           21b50            21b50        0     1                 .L0 
           21b80            21b80        0     1                 .L0 
           21bb0            21bb0        0     1                 .L0 
           21bf0            21bf0        0     1                 .L0 
           21c30            21c30        0     1                 .L0 
           21c90            21c90        0     1                 .L0 
           21cc0            21cc0        0     1                 .L0 
           21d00            21d00        0     1                 .L0 
           21d40            21d40        0     1                 .L0 
           21d80            21d80        0     1                 .L0 
           21db0            21db0        0     1                 .L0 
           21de0            21de0        0     1                 .L0 
           21e10            21e10        0     1                 .L0 
           21e40            21e40        0     1                 .L0 
           21e70            21e70        0     1                 .L0 
           21ea0            21ea0        0     1                 .L0 
           21ed0            21ed0        0     1                 .L0 
           21f10            21f10        0     1                 .L0 
           21f50            21f50        0     1                 .L0 
           21f80            21f80        0     1                 .L0 
           21fe0            21fe0      1a0     1         C:\Users\Magnus\.rustup\toolchains\nightly-x86_64-pc-windows-msvc\lib\rustlib\riscv64gc-unknown-none-elf\lib\libcompiler_builtins-68e6dafd27578d1b.rlib(compiler_builtins-68e6dafd27578d1b.compiler_builtins.28f9de005c366824-cgu.223.rcgu.o):(.debug_ranges)
           21fe0            21fe0        0     1                 .L0 
           21fe0            21fe0        0     1                 $d
           22020            22020        0     1                 .L0 
           22060            22060        0     1                 .L0 
           220a0            220a0        0     1                 .L0 
           220e0            220e0        0     1                 .L0 
           22120            22120        0     1                 .L0 
           22150            22150        0     1                 .L0 
           22180            22180      300     1         C:\Users\Magnus\.rustup\toolchains\nightly-x86_64-pc-windows-msvc\lib\rustlib\riscv64gc-unknown-none-elf\lib\libcompiler_builtins-68e6dafd27578d1b.rlib(compiler_builtins-68e6dafd27578d1b.compiler_builtins.28f9de005c366824-cgu.013.rcgu.o):(.debug_ranges)
           22180            22180        0     1                 .L0 
           22180            22180        0     1                 $d
           221b0            221b0        0     1                 .L0 
           221e0            221e0        0     1                 .L0 
           22220            22220        0     1                 .L0 
           22250            22250        0     1                 .L0 
           22280            22280        0     1                 .L0 
           222b0            222b0        0     1                 .L0 
           222e0            222e0        0     1                 .L0 
           22310            22310        0     1                 .L0 
           22340            22340        0     1                 .L0 
           22380            22380        0     1                 .L0 
           223b0            223b0        0     1                 .L0 
           223e0            223e0        0     1                 .L0 
           22410            22410        0     1                 .L0 
           22440            22440        0     1                 .L0 
           22480            22480       90     1         C:\Users\Magnus\.rustup\toolchains\nightly-x86_64-pc-windows-msvc\lib\rustlib\riscv64gc-unknown-none-elf\lib\libcompiler_builtins-68e6dafd27578d1b.rlib(compiler_builtins-68e6dafd27578d1b.compiler_builtins.28f9de005c366824-cgu.343.rcgu.o):(.debug_ranges)
           22480            22480        0     1                 .L0 
           22480            22480        0     1                 $d
           224b0            224b0        0     1                 .L0 
           224e0            224e0        0     1                 .L0 
               0                0    596ae     1 .debug_str
               0                0    596ae     1         <internal>:(.debug_str)
               0                0       a1     1 .comment
               0                0       a1     1         <internal>:(.comment)
               0                0       74     1 .riscv.attributes
               0                0       74     1         <internal>:(.riscv.attributes)
               0                0      ee0     8 .debug_frame
               0                0      3f0     8         D:\rust\bogokernel\target\riscv64gc-unknown-none-elf\debug\deps\kernel-366f73143009ccb7.0lsw8yqgixrfijas9w6yuwf6e.15y7fjq.rcgu.o:(.debug_frame)
               0                0        0     1                 .L0 
               0                0        0     1                 $d
             3f0              3f0      488     8         D:\rust\bogokernel\target\riscv64gc-unknown-none-elf\debug\deps\liblinked_list_allocator-fde430cc1c82fdfa.rlib(linked_list_allocator-fde430cc1c82fdfa.linked_list_allocator.48228f020a9ae77e-cgu.0.rcgu.o):(.debug_frame)
             3f0              3f0        0     1                 .L0 
             3f0              3f0        0     1                 $d
             878              878       78     8         D:\rust\bogokernel\target\riscv64gc-unknown-none-elf\debug\deps\libspinning_top-74f701bdc242520b.rlib(spinning_top-74f701bdc242520b.spinning_top.c4465a07ef79aa37-cgu.0.rcgu.o):(.debug_frame)
             878              878        0     1                 .L0 
             878              878        0     1                 $d
             8f0              8f0      548     8         D:\rust\bogokernel\target\riscv64gc-unknown-none-elf\debug\deps\libriscv-12f97313a2f4b3b2.rlib(riscv-12f97313a2f4b3b2.riscv.78458f0e7726b2ae-cgu.0.rcgu.o):(.debug_frame)
             8f0              8f0        0     1                 .L0 
             8f0              8f0        0     1                 $d
             e38              e38       a8     8         D:\rust\bogokernel\target\riscv64gc-unknown-none-elf\debug\deps\libriscv_pac-e3a0a477a6af16c9.rlib(riscv_pac-e3a0a477a6af16c9.riscv_pac.eba0cecd549cb8d4-cgu.0.rcgu.o):(.debug_frame)
             e38              e38        0     1                 .L0 
             e38              e38        0     1                 $d
               0                0    28bb3     1 .debug_line
               0                0     24c7     1         D:\rust\bogokernel\target\riscv64gc-unknown-none-elf\debug\deps\kernel-366f73143009ccb7.0lsw8yqgixrfijas9w6yuwf6e.15y7fjq.rcgu.o:(.debug_line)
               0                0        0     1                 .Lline_table_start0
               0                0        0     1                 $d
            24c7             24c7     132b     1         D:\rust\bogokernel\target\riscv64gc-unknown-none-elf\debug\deps\liblinked_list_allocator-fde430cc1c82fdfa.rlib(linked_list_allocator-fde430cc1c82fdfa.linked_list_allocator.48228f020a9ae77e-cgu.0.rcgu.o):(.debug_line)
            24c7             24c7        0     1                 .Lline_table_start0
            24c7             24c7        0     1                 $d
            37f2             37f2      275     1         D:\rust\bogokernel\target\riscv64gc-unknown-none-elf\debug\deps\libspinning_top-74f701bdc242520b.rlib(spinning_top-74f701bdc242520b.spinning_top.c4465a07ef79aa37-cgu.0.rcgu.o):(.debug_line)
            37f2             37f2        0     1                 .Lline_table_start0
            37f2             37f2        0     1                 $d
            3a67             3a67      d14     1         D:\rust\bogokernel\target\riscv64gc-unknown-none-elf\debug\deps\libriscv-12f97313a2f4b3b2.rlib(riscv-12f97313a2f4b3b2.riscv.78458f0e7726b2ae-cgu.0.rcgu.o):(.debug_line)
            3a67             3a67        0     1                 .Lline_table_start0
            3a67             3a67        0     1                 $d
            477b             477b      302     1         D:\rust\bogokernel\target\riscv64gc-unknown-none-elf\debug\deps\libriscv_pac-e3a0a477a6af16c9.rlib(riscv_pac-e3a0a477a6af16c9.riscv_pac.eba0cecd549cb8d4-cgu.0.rcgu.o):(.debug_line)
            477b             477b        0     1                 .Lline_table_start0
            477b             477b        0     1                 $d
            4a7d             4a7d     54df     1         C:\Users\Magnus\.rustup\toolchains\nightly-x86_64-pc-windows-msvc\lib\rustlib\riscv64gc-unknown-none-elf\lib\liballoc-3317f9e748cf927c.rlib(alloc-3317f9e748cf927c.alloc.d03166e6a028c926-cgu.0.rcgu.o):(.debug_line)
            4a7d             4a7d        0     1                 .Lline_table_start0
            4a7d             4a7d        0     1                 $d
            9f5c             9f5c    1c8cd     1         C:\Users\Magnus\.rustup\toolchains\nightly-x86_64-pc-windows-msvc\lib\rustlib\riscv64gc-unknown-none-elf\lib\libcore-6873ca3f970f9a34.rlib(core-6873ca3f970f9a34.core.d22cbba136389eb0-cgu.0.rcgu.o):(.debug_line)
            9f5c             9f5c        0     1                 .Lline_table_start0
            9f5c             9f5c        0     1                 $d
           26829            26829      410     1         C:\Users\Magnus\.rustup\toolchains\nightly-x86_64-pc-windows-msvc\lib\rustlib\riscv64gc-unknown-none-elf\lib\libcompiler_builtins-68e6dafd27578d1b.rlib(compiler_builtins-68e6dafd27578d1b.compiler_builtins.28f9de005c366824-cgu.158.rcgu.o):(.debug_line)
           26829            26829        0     1                 .Lline_table_start0
           26829            26829        0     1                 $d
           26b07            26b07        0     1                 .Lline_table_start1
           26c39            26c39      18a     1         C:\Users\Magnus\.rustup\toolchains\nightly-x86_64-pc-windows-msvc\lib\rustlib\riscv64gc-unknown-none-elf\lib\libcompiler_builtins-68e6dafd27578d1b.rlib(compiler_builtins-68e6dafd27578d1b.compiler_builtins.28f9de005c366824-cgu.207.rcgu.o):(.debug_line)
           26c39            26c39        0     1                 .Lline_table_start0
           26c39            26c39        0     1                 $d
           26d28            26d28        0     1                 .Lline_table_start1
           26dc3            26dc3       72     1         C:\Users\Magnus\.rustup\toolchains\nightly-x86_64-pc-windows-msvc\lib\rustlib\riscv64gc-unknown-none-elf\lib\libcompiler_builtins-68e6dafd27578d1b.rlib(compiler_builtins-68e6dafd27578d1b.compiler_builtins.28f9de005c366824-cgu.210.rcgu.o):(.debug_line)
           26dc3            26dc3        0     1                 .Lline_table_start0
           26dc3            26dc3        0     1                 $d
           26e35            26e35      b02     1         C:\Users\Magnus\.rustup\toolchains\nightly-x86_64-pc-windows-msvc\lib\rustlib\riscv64gc-unknown-none-elf\lib\libcompiler_builtins-68e6dafd27578d1b.rlib(compiler_builtins-68e6dafd27578d1b.compiler_builtins.28f9de005c366824-cgu.008.rcgu.o):(.debug_line)
           26e35            26e35        0     1                 .Lline_table_start0
           26e35            26e35        0     1                 $d
           27937            27937      4a4     1         C:\Users\Magnus\.rustup\toolchains\nightly-x86_64-pc-windows-msvc\lib\rustlib\riscv64gc-unknown-none-elf\lib\libcompiler_builtins-68e6dafd27578d1b.rlib(compiler_builtins-68e6dafd27578d1b.compiler_builtins.28f9de005c366824-cgu.223.rcgu.o):(.debug_line)
           27937            27937        0     1                 .Lline_table_start0
           27937            27937        0     1                 $d
           27be7            27be7        0     1                 .Lline_table_start1
           27d31            27d31        0     1                 .Lline_table_start2
           27ddb            27ddb      11c     1         C:\Users\Magnus\.rustup\toolchains\nightly-x86_64-pc-windows-msvc\lib\rustlib\riscv64gc-unknown-none-elf\lib\libcompiler_builtins-68e6dafd27578d1b.rlib(compiler_builtins-68e6dafd27578d1b.compiler_builtins.28f9de005c366824-cgu.247.rcgu.o):(.debug_line)
           27ddb            27ddb        0     1                 .Lline_table_start0
           27ddb            27ddb        0     1                 $d
           27e9c            27e9c        0     1                 .Lline_table_start1
           27ef7            27ef7      7d7     1         C:\Users\Magnus\.rustup\toolchains\nightly-x86_64-pc-windows-msvc\lib\rustlib\riscv64gc-unknown-none-elf\lib\libcompiler_builtins-68e6dafd27578d1b.rlib(compiler_builtins-68e6dafd27578d1b.compiler_builtins.28f9de005c366824-cgu.013.rcgu.o):(.debug_line)
           27ef7            27ef7        0     1                 .Lline_table_start0
           27ef7            27ef7        0     1                 $d
           286ce            286ce       72     1         C:\Users\Magnus\.rustup\toolchains\nightly-x86_64-pc-windows-msvc\lib\rustlib\riscv64gc-unknown-none-elf\lib\libcompiler_builtins-68e6dafd27578d1b.rlib(compiler_builtins-68e6dafd27578d1b.compiler_builtins.28f9de005c366824-cgu.323.rcgu.o):(.debug_line)
           286ce            286ce        0     1                 .Lline_table_start0
           286ce            286ce        0     1                 $d
           28740            28740      2fa     1         C:\Users\Magnus\.rustup\toolchains\nightly-x86_64-pc-windows-msvc\lib\rustlib\riscv64gc-unknown-none-elf\lib\libcompiler_builtins-68e6dafd27578d1b.rlib(compiler_builtins-68e6dafd27578d1b.compiler_builtins.28f9de005c366824-cgu.343.rcgu.o):(.debug_line)
           28740            28740        0     1                 .Lline_table_start0
           28740            28740        0     1                 $d
           2892f            2892f        0     1                 .Lline_table_start1
           28a3a            28a3a      179     1         C:\Users\Magnus\.rustup\toolchains\nightly-x86_64-pc-windows-msvc\lib\rustlib\riscv64gc-unknown-none-elf\lib\libcompiler_builtins-68e6dafd27578d1b.rlib(compiler_builtins-68e6dafd27578d1b.compiler_builtins.28f9de005c366824-cgu.350.rcgu.o):(.debug_line)
           28a3a            28a3a        0     1                 .Lline_table_start0
           28a3a            28a3a        0     1                 $d
           28b18            28b18        0     1                 .Lline_table_start1
               0                0    289b0     8 .symtab
               0                0    289b0     8         <internal>:(.symtab)
               0                0       c9     1 .shstrtab
               0                0       c9     1         <internal>:(.shstrtab)
               0                0     cc92     1 .strtab
               0                0     cc92     1         <internal>:(.strtab)
