             VMA              LMA     Size Align Out     In      Symbol
               0                0        0     1 KERNEL_LOAD_ADDR = 0x80200000
        80200000         80200000     589e  4096 .text
        80200000         80200000        0     1         __text_start = .
        80200000         80200000       48     1         D:\rust\bogokernel\target\riscv64gc-unknown-none-elf\debug\deps\kernel-5b83ab333134c29e.50p94zbq6d47s1tz21weevnay.1y8o9lo.rcgu.o:(.text.entry)
        80200000         80200000        0     1                 .Lpcrel_hi0
        80200000         80200000        0     1                 $x
        80200000         80200000        0     1                 _start
        80200022         80200022        0     1                 .Lpcrel_hi1
        8020002a         8020002a        0     1                 .Lpcrel_hi2
        8020003e         8020003e        0     1                 .Lpcrel_hi3
        80200048         80200048       80     1         D:\rust\bogokernel\target\riscv64gc-unknown-none-elf\debug\deps\kernel-5b83ab333134c29e.50p94zbq6d47s1tz21weevnay.1y8o9lo.rcgu.o:(.text.trap)
        80200048         80200048        0     1                 $x
        80200048         80200048        0     1                 __trap_entry
        802000c8         802000c8      19a     2         D:\rust\bogokernel\target\riscv64gc-unknown-none-elf\debug\deps\kernel-5b83ab333134c29e.50p94zbq6d47s1tz21weevnay.1y8o9lo.rcgu.o:(.text._ZN61_$LT$riscv_pac..result..Error$u20$as$u20$core..fmt..Debug$GT$3fmt17h04c61a78f846b018E)
        802000c8         802000c8      19a     1                 _$LT$riscv_pac..result..Error$u20$as$u20$core..fmt..Debug$GT$::fmt::h04c61a78f846b018
        802000c8         802000c8        0     1                 .L0 
        802000c8         802000c8        0     1                 .L0 
        802000c8         802000c8        0     1                 $x
        802000c8         802000c8        0     1                 .L0 
        802000d0         802000d0        0     1                 .Lpcrel_hi4
        802000e2         802000e2        0     1                 .L0 
        802000ee         802000ee        0     1                 .Lpcrel_hi5
        802000ee         802000ee        0     1                 .L0 
        802000ee         802000ee        0     1                 .L0 
        802000f8         802000f8        0     1                 .Lpcrel_hi6
        802000fc         802000fc        0     1                 .Lpcrel_hi7
        80200100         80200100        0     1                 .Lpcrel_hi8
        80200104         80200104        0     1                 .Lpcrel_hi9
        80200108         80200108        0     1                 .Lpcrel_hi10
        80200138         80200138        0     1                 .L0 
        80200138         80200138        0     1                 .L0 
        8020013c         8020013c        0     1                 .Lpcrel_hi28
        8020013c         8020013c        0     1                 .L0 
        80200140         80200140        0     1                 .Lpcrel_hi29
        80200158         80200158        0     1                 .L0 
        8020015a         8020015a        0     1                 .L0 
        8020015a         8020015a        0     1                 .L0 
        80200162         80200162        0     1                 .Lpcrel_hi18
        80200162         80200162        0     1                 .L0 
        80200162         80200162        0     1                 .L0 
        8020016c         8020016c        0     1                 .Lpcrel_hi19
        80200170         80200170        0     1                 .Lpcrel_hi20
        80200174         80200174        0     1                 .Lpcrel_hi21
        80200178         80200178        0     1                 .Lpcrel_hi22
        80200196         80200196        0     1                 .L0 
        80200196         80200196        0     1                 .L0 
        8020019e         8020019e        0     1                 .Lpcrel_hi23
        8020019e         8020019e        0     1                 .L0 
        802001a8         802001a8        0     1                 .Lpcrel_hi24
        802001ac         802001ac        0     1                 .Lpcrel_hi25
        802001b0         802001b0        0     1                 .Lpcrel_hi26
        802001b4         802001b4        0     1                 .Lpcrel_hi27
        802001de         802001de        0     1                 .L0 
        802001e0         802001e0        0     1                 .L0 
        802001e0         802001e0        0     1                 .L0 
        802001ec         802001ec        0     1                 .Lpcrel_hi11
        802001ec         802001ec        0     1                 .L0 
        802001f6         802001f6        0     1                 .Lpcrel_hi12
        802001fa         802001fa        0     1                 .Lpcrel_hi13
        80200200         80200200        0     1                 .Lpcrel_hi14
        80200204         80200204        0     1                 .Lpcrel_hi15
        80200208         80200208        0     1                 .Lpcrel_hi16
        8020020c         8020020c        0     1                 .Lpcrel_hi17
        8020024c         8020024c        0     1                 .L0 
        8020024c         8020024c        0     1                 .Lpcrel_hi30
        80200262         80200262        0     1                 .L0 
        80200262         80200262       2a     2         D:\rust\bogokernel\target\riscv64gc-unknown-none-elf\debug\deps\kernel-5b83ab333134c29e.50p94zbq6d47s1tz21weevnay.1y8o9lo.rcgu.o:(.text._ZN4core3fmt3num52_$LT$impl$u20$core..fmt..Debug$u20$for$u20$usize$GT$3fmt17h2d675aedec41fdc4E)
        80200262         80200262       2a     1                 core::fmt::num::_$LT$impl$u20$core..fmt..Debug$u20$for$u20$usize$GT$::fmt::h2d675aedec41fdc4
        80200262         80200262        0     1                 .L0 
        80200262         80200262        0     1                 .L0 
        80200262         80200262        0     1                 $x
        80200262         80200262        0     1                 .L0 
        80200266         80200266        0     1                 .L0 
        8020026e         8020026e        0     1                 .L0 
        80200274         80200274        0     1                 .L0 
        8020028c         8020028c        0     1                 .L0 
        8020028c         8020028c       b0     2         D:\rust\bogokernel\target\riscv64gc-unknown-none-elf\debug\deps\kernel-5b83ab333134c29e.50p94zbq6d47s1tz21weevnay.1y8o9lo.rcgu.o:(.text._ZN5alloc7raw_vec20RawVecInner$LT$A$GT$14current_memory17h6b10cacad8a96ab4E)
        8020028c         8020028c       b0     1                 alloc::raw_vec::RawVecInner$LT$A$GT$::current_memory::h6b10cacad8a96ab4
        8020028c         8020028c        0     1                 .L0 
        8020028c         8020028c        0     1                 .L0 
        8020028c         8020028c        0     1                 $x
        8020028c         8020028c        0     1                 .L0 
        80200298         80200298        0     1                 .L0 
        802002a2         802002a2        0     1                 .L0 
        802002a2         802002a2        0     1                 .L0 
        802002a6         802002a6        0     1                 .L0 
        802002a8         802002a8        0     1                 .L0 
        802002a8         802002a8        0     1                 .L0 
        802002ac         802002ac        0     1                 .L0 
        802002ac         802002ac        0     1                 .L0 
        802002bc         802002bc        0     1                 .L0 
        802002bc         802002bc        0     1                 .L0 
        802002be         802002be        0     1                 .L0 
        802002c8         802002c8        0     1                 .L0 
        802002c8         802002c8        0     1                 .L0 
        802002de         802002de        0     1                 .L0 
        802002de         802002de        0     1                 .Lpcrel_hi31
        802002ea         802002ea        0     1                 .L0 
        802002ec         802002ec        0     1                 .L0 
        802002f6         802002f6        0     1                 .L0 
        802002fe         802002fe        0     1                 .L0 
        802002fe         802002fe        0     1                 .Lpcrel_hi32
        802002fe         802002fe        0     1                 .L0 
        80200308         80200308        0     1                 .L0 
        80200308         80200308        0     1                 .Lpcrel_hi33
        80200308         80200308        0     1                 .L0 
        80200314         80200314        0     1                 .L0 
        80200316         80200316        0     1                 .L0 
        80200320         80200320        0     1                 .L0 
        80200328         80200328        0     1                 .L0 
        80200328         80200328        0     1                 .Lpcrel_hi34
        80200330         80200330        0     1                 .L0 
        8020033c         8020033c        0     1                 .L0 
        8020033c         8020033c      15e     2         D:\rust\bogokernel\target\riscv64gc-unknown-none-elf\debug\deps\kernel-5b83ab333134c29e.50p94zbq6d47s1tz21weevnay.1y8o9lo.rcgu.o:(.text.unlikely._ZN5alloc7raw_vec11finish_grow17hf28cec0ba7726673E)
        8020033c         8020033c      15e     1                 alloc::raw_vec::finish_grow::hf28cec0ba7726673
        8020033c         8020033c        0     1                 .L0 
        8020033c         8020033c        0     1                 .L0 
        8020033c         8020033c        0     1                 $x
        8020033c         8020033c        0     1                 .L0 
        8020034a         8020034a        0     1                 .L0 
        8020034e         8020034e        0     1                 .L0 
        80200350         80200350        0     1                 .L0 
        80200350         80200350        0     1                 .L0 
        80200354         80200354        0     1                 .L0 
        80200354         80200354        0     1                 .L0 
        80200356         80200356        0     1                 .L0 
        80200356         80200356        0     1                 .L0 
        80200358         80200358        0     1                 .L0 
        80200358         80200358        0     1                 .L0 
        8020035c         8020035c        0     1                 .L0 
        8020035c         8020035c        0     1                 .L0 
        8020035e         8020035e        0     1                 .L0 
        80200368         80200368        0     1                 .L0 
        8020036a         8020036a        0     1                 .L0 
        8020036a         8020036a        0     1                 .L0 
        8020036c         8020036c        0     1                 .L0 
        8020036c         8020036c        0     1                 .L0 
        80200374         80200374        0     1                 .L0 
        80200374         80200374        0     1                 .L0 
        80200382         80200382        0     1                 .L0 
        80200382         80200382        0     1                 .Lpcrel_hi44
        80200382         80200382        0     1                 .L0 
        8020038c         8020038c        0     1                 .L0 
        8020038c         8020038c        0     1                 .L0 
        8020038e         8020038e        0     1                 .L0 
        8020038e         8020038e        0     1                 .L0 
        80200396         80200396        0     1                 .L0 
        80200396         80200396        0     1                 .L0 
        802003a4         802003a4        0     1                 .L0 
        802003a4         802003a4        0     1                 .Lpcrel_hi39
        802003a4         802003a4        0     1                 .L0 
        802003ac         802003ac        0     1                 .L0 
        802003ba         802003ba        0     1                 .L0 
        802003be         802003be        0     1                 .L0 
        802003c0         802003c0        0     1                 .L0 
        802003d0         802003d0        0     1                 .L0 
        802003e0         802003e0        0     1                 .L0 
        802003e4         802003e4        0     1                 .L0 
        802003e8         802003e8        0     1                 .L0 
        802003e8         802003e8        0     1                 .Lpcrel_hi35
        802003e8         802003e8        0     1                 .L0 
        802003f4         802003f4        0     1                 .L0 
        802003f6         802003f6        0     1                 .L0 
        80200400         80200400        0     1                 .L0 
        80200408         80200408        0     1                 .L0 
        80200408         80200408        0     1                 .Lpcrel_hi36
        80200410         80200410        0     1                 .L0 
        80200410         80200410        0     1                 .L0 
        80200412         80200412        0     1                 .L0 
        80200412         80200412        0     1                 .Lpcrel_hi40
        80200412         80200412        0     1                 .L0 
        8020041e         8020041e        0     1                 .L0 
        80200420         80200420        0     1                 .L0 
        8020042a         8020042a        0     1                 .L0 
        80200432         80200432        0     1                 .L0 
        80200432         80200432        0     1                 .Lpcrel_hi41
        8020043a         8020043a        0     1                 .L0 
        8020043a         8020043a        0     1                 .L0 
        8020043c         8020043c        0     1                 .Lpcrel_hi42
        8020043c         8020043c        0     1                 .L0 
        80200448         80200448        0     1                 .L0 
        8020044a         8020044a        0     1                 .L0 
        80200454         80200454        0     1                 .L0 
        8020045c         8020045c        0     1                 .L0 
        8020045c         8020045c        0     1                 .Lpcrel_hi43
        8020045c         8020045c        0     1                 .L0 
        80200466         80200466        0     1                 .L0 
        80200466         80200466        0     1                 .Lpcrel_hi37
        80200466         80200466        0     1                 .L0 
        80200472         80200472        0     1                 .L0 
        80200474         80200474        0     1                 .L0 
        8020047e         8020047e        0     1                 .L0 
        80200486         80200486        0     1                 .L0 
        80200486         80200486        0     1                 .Lpcrel_hi38
        8020048e         8020048e        0     1                 .L0 
        8020049a         8020049a        0     1                 .L0 
        8020049a         8020049a       d4     2         D:\rust\bogokernel\target\riscv64gc-unknown-none-elf\debug\deps\kernel-5b83ab333134c29e.50p94zbq6d47s1tz21weevnay.1y8o9lo.rcgu.o:(.text._ZN5alloc7raw_vec19RawVec$LT$T$C$A$GT$8grow_one17h5618b6d2caa319f7E)
        8020049a         8020049a       d4     1                 alloc::raw_vec::RawVec$LT$T$C$A$GT$::grow_one::h5618b6d2caa319f7
        8020049a         8020049a        0     1                 .L0 
        8020049a         8020049a        0     1                 .L0 
        8020049a         8020049a        0     1                 $x
        8020049a         8020049a        0     1                 .L0 
        802004a6         802004a6        0     1                 .L0 
        802004a8         802004a8        0     1                 .L0 
        802004a8         802004a8        0     1                 .L0 
        802004aa         802004aa        0     1                 .L0 
        802004ae         802004ae        0     1                 .L0 
        802004b4         802004b4        0     1                 .L0 
        802004b4         802004b4        0     1                 .L0 
        802004b8         802004b8        0     1                 .L0 
        802004ba         802004ba        0     1                 .L0 
        802004ba         802004ba        0     1                 .L0 
        802004c8         802004c8        0     1                 .L0 
        802004c8         802004c8        0     1                 .L0 
        802004cc         802004cc        0     1                 .L0 
        802004cc         802004cc        0     1                 .L0 
        802004ce         802004ce        0     1                 .L0 
        802004d8         802004d8        0     1                 .L0 
        802004dc         802004dc        0     1                 .L0 
        802004dc         802004dc        0     1                 .L0 
        802004f8         802004f8        0     1                 .L0 
        802004fa         802004fa        0     1                 .L0 
        802004fc         802004fc        0     1                 .L0 
        80200500         80200500        0     1                 .L0 
        80200500         80200500        0     1                 .L0 
        80200502         80200502        0     1                 .L0 
        80200502         80200502        0     1                 .Lpcrel_hi45
        80200502         80200502        0     1                 .L0 
        8020050e         8020050e        0     1                 .L0 
        80200510         80200510        0     1                 .L0 
        8020051a         8020051a        0     1                 .L0 
        80200522         80200522        0     1                 .L0 
        80200522         80200522        0     1                 .Lpcrel_hi46
        80200536         80200536        0     1                 .L0 
        8020053c         8020053c        0     1                 .L0 
        80200548         80200548        0     1                 .L0 
        8020054e         8020054e        0     1                 .L0 
        80200552         80200552        0     1                 .L0 
        80200552         80200552        0     1                 .L0 
        8020055e         8020055e        0     1                 .L0 
        8020055e         8020055e        0     1                 .Lpcrel_hi47
        8020056e         8020056e        0     1                 .L0 
        8020056e         8020056e        0     1                 .L0 
        8020056e         8020056e       70     2         D:\rust\bogokernel\target\riscv64gc-unknown-none-elf\debug\deps\kernel-5b83ab333134c29e.50p94zbq6d47s1tz21weevnay.1y8o9lo.rcgu.o:(.text.after_user)
        8020056e         8020056e        0     1                 .L0 
        8020056e         8020056e        0     1                 .L0 
        8020056e         8020056e        0     1                 $x
        8020056e         8020056e        0     1                 .L0 
        8020056e         8020056e       70     1                 after_user
        80200570         80200570        0     1                 .L0 
        80200578         80200578        0     1                 .Lpcrel_hi48
        80200588         80200588        0     1                 .L0 
        80200588         80200588        0     1                 .L0 
        80200592         80200592        0     1                 .L0 
        80200596         80200596        0     1                 .L0 
        80200596         80200596        0     1                 .L0 
        8020059a         8020059a        0     1                 .L0 
        8020059a         8020059a        0     1                 .L0 
        8020059e         8020059e        0     1                 .L0 
        802005a2         802005a2        0     1                 .L0 
        802005a2         802005a2        0     1                 .L0 
        802005a8         802005a8        0     1                 .L0 
        802005aa         802005aa        0     1                 .L0 
        802005ae         802005ae        0     1                 .L0 
        802005ae         802005ae        0     1                 .L0 
        802005b2         802005b2        0     1                 .L0 
        802005b2         802005b2        0     1                 .L0 
        802005b6         802005b6        0     1                 .L0 
        802005bc         802005bc        0     1                 .L0 
        802005bc         802005bc        0     1                 .L0 
        802005c0         802005c0        0     1                 .L0 
        802005c4         802005c4        0     1                 .L0 
        802005cc         802005cc        0     1                 .L0 
        802005cc         802005cc        0     1                 .L0 
        802005d0         802005d0        0     1                 .L0 
        802005d8         802005d8        0     1                 .L0 
        802005d8         802005d8        0     1                 .L0 
        802005dc         802005dc        0     1                 .L0 
        802005de         802005de        0     1                 .L0 
        802005de         802005de     16ba     2         D:\rust\bogokernel\target\riscv64gc-unknown-none-elf\debug\deps\kernel-5b83ab333134c29e.50p94zbq6d47s1tz21weevnay.1y8o9lo.rcgu.o:(.text.rust_start)
        802005de         802005de        0     1                 .L0 
        802005de         802005de        0     1                 .L0 
        802005de         802005de        0     1                 $x
        802005de         802005de        0     1                 .L0 
        802005de         802005de     16ba     1                 rust_start
        80200618         80200618        0     1                 .L0 
        80200620         80200620        0     1                 .Lpcrel_hi49
        8020062e         8020062e        0     1                 .L0 
        8020062e         8020062e        0     1                 .L0 
        80200638         80200638        0     1                 .L0 
        8020063c         8020063c        0     1                 .L0 
        8020063c         8020063c        0     1                 .L0 
        80200640         80200640        0     1                 .L0 
        80200640         80200640        0     1                 .L0 
        80200644         80200644        0     1                 .L0 
        80200648         80200648        0     1                 .L0 
        80200648         80200648        0     1                 .L0 
        8020064e         8020064e        0     1                 .L0 
        80200650         80200650        0     1                 .L0 
        80200654         80200654        0     1                 .L0 
        80200654         80200654        0     1                 .L0 
        80200658         80200658        0     1                 .L0 
        80200658         80200658        0     1                 .L0 
        8020065c         8020065c        0     1                 .L0 
        80200662         80200662        0     1                 .L0 
        80200662         80200662        0     1                 .L0 
        80200666         80200666        0     1                 .L0 
        8020066a         8020066a        0     1                 .L0 
        80200670         80200670        0     1                 .L0 
        80200672         80200672        0     1                 .L0 
        80200674         80200674        0     1                 .L0 
        80200674         80200674        0     1                 .L0 
        80200678         80200678        0     1                 .L0 
        80200680         80200680        0     1                 .L0 
        80200680         80200680        0     1                 .Lpcrel_hi50
        80200680         80200680        0     1                 .L0 
        80200694         80200694        0     1                 .L0 
        80200696         80200696        0     1                 .L0 
        8020069a         8020069a        0     1                 .L0 
        8020069c         8020069c        0     1                 .Lpcrel_hi52
        802006ae         802006ae        0     1                 .L0 
        802006b8         802006b8        0     1                 .L0 
        802006b8         802006b8        0     1                 .L0 
        802006bc         802006bc        0     1                 .L0 
        802006bc         802006bc        0     1                 .L0 
        802006c0         802006c0        0     1                 .L0 
        802006c0         802006c0        0     1                 .L0 
        802006c4         802006c4        0     1                 .L0 
        802006c8         802006c8        0     1                 .L0 
        802006c8         802006c8        0     1                 .L0 
        802006ce         802006ce        0     1                 .L0 
        802006d0         802006d0        0     1                 .L0 
        802006d4         802006d4        0     1                 .L0 
        802006d4         802006d4        0     1                 .L0 
        802006d8         802006d8        0     1                 .L0 
        802006d8         802006d8        0     1                 .L0 
        802006dc         802006dc        0     1                 .L0 
        802006e2         802006e2        0     1                 .L0 
        802006e2         802006e2        0     1                 .L0 
        802006e6         802006e6        0     1                 .L0 
        802006ea         802006ea        0     1                 .L0 
        802006f0         802006f0        0     1                 .L0 
        802006f2         802006f2        0     1                 .L0 
        802006f4         802006f4        0     1                 .L0 
        802006f4         802006f4        0     1                 .L0 
        802006f8         802006f8        0     1                 .L0 
        80200700         80200700        0     1                 .L0 
        80200700         80200700        0     1                 .L0 
        80200702         80200702        0     1                 .Lpcrel_hi53
        80200702         80200702        0     1                 .L0 
        8020070e         8020070e        0     1                 .Lpcrel_hi54
        8020071a         8020071a        0     1                 .L0 
        8020071e         8020071e        0     1                 .L0 
        80200722         80200722        0     1                 .L0 
        80200730         80200730        0     1                 .L0 
        8020073a         8020073a        0     1                 .L0 
        8020073a         8020073a        0     1                 .L0 
        8020073e         8020073e        0     1                 .L0 
        8020073e         8020073e        0     1                 .L0 
        80200742         80200742        0     1                 .L0 
        80200742         80200742        0     1                 .L0 
        80200746         80200746        0     1                 .L0 
        8020074a         8020074a        0     1                 .L0 
        8020074a         8020074a        0     1                 .L0 
        80200750         80200750        0     1                 .L0 
        80200752         80200752        0     1                 .L0 
        80200756         80200756        0     1                 .L0 
        80200756         80200756        0     1                 .L0 
        8020075a         8020075a        0     1                 .L0 
        8020075a         8020075a        0     1                 .L0 
        8020075e         8020075e        0     1                 .L0 
        80200764         80200764        0     1                 .L0 
        80200764         80200764        0     1                 .L0 
        80200768         80200768        0     1                 .L0 
        8020076c         8020076c        0     1                 .L0 
        80200772         80200772        0     1                 .L0 
        80200774         80200774        0     1                 .L0 
        80200776         80200776        0     1                 .L0 
        80200776         80200776        0     1                 .L0 
        8020077a         8020077a        0     1                 .L0 
        80200782         80200782        0     1                 .L0 
        80200782         80200782        0     1                 .L0 
        80200786         80200786        0     1                 .L0 
        80200794         80200794        0     1                 .L0 
        80200794         80200794        0     1                 .L0 
        802007a8         802007a8        0     1                 .L0 
        802007aa         802007aa        0     1                 .L0 
        802007ae         802007ae        0     1                 .L0 
        802007b2         802007b2        0     1                 .L0 
        802007b4         802007b4        0     1                 .Lpcrel_hi56
        802007c6         802007c6        0     1                 .L0 
        802007d0         802007d0        0     1                 .L0 
        802007d0         802007d0        0     1                 .L0 
        802007d4         802007d4        0     1                 .L0 
        802007d4         802007d4        0     1                 .L0 
        802007d8         802007d8        0     1                 .L0 
        802007d8         802007d8        0     1                 .L0 
        802007dc         802007dc        0     1                 .L0 
        802007e0         802007e0        0     1                 .L0 
        802007e0         802007e0        0     1                 .L0 
        802007e6         802007e6        0     1                 .L0 
        802007e8         802007e8        0     1                 .L0 
        802007ec         802007ec        0     1                 .L0 
        802007ec         802007ec        0     1                 .L0 
        802007f0         802007f0        0     1                 .L0 
        802007f0         802007f0        0     1                 .L0 
        802007f4         802007f4        0     1                 .L0 
        802007fa         802007fa        0     1                 .L0 
        802007fa         802007fa        0     1                 .L0 
        802007fe         802007fe        0     1                 .L0 
        80200802         80200802        0     1                 .L0 
        80200808         80200808        0     1                 .L0 
        8020080a         8020080a        0     1                 .L0 
        8020080c         8020080c        0     1                 .L0 
        8020080c         8020080c        0     1                 .L0 
        80200810         80200810        0     1                 .L0 
        80200818         80200818        0     1                 .L0 
        80200818         80200818        0     1                 .Lpcrel_hi57
        80200818         80200818        0     1                 .L0 
        8020082e         8020082e        0     1                 .L0 
        8020082e         8020082e        0     1                 .L0 
        80200836         80200836        0     1                 .Lpcrel_hi60
        80200844         80200844        0     1                 .L0 
        80200856         80200856        0     1                 .L0 
        80200880         80200880        0     1                 .L0 
        8020088a         8020088a        0     1                 .L0 
        8020088e         8020088e        0     1                 .L0 
        8020088e         8020088e        0     1                 .L0 
        80200894         80200894        0     1                 .L0 
        80200896         80200896        0     1                 .L0 
        80200898         80200898        0     1                 .L0 
        8020089c         8020089c        0     1                 .L0 
        802008a0         802008a0        0     1                 .L0 
        802008ac         802008ac        0     1                 .L0 
        802008ba         802008ba        0     1                 .L0 
        802008c4         802008c4        0     1                 .L0 
        802008c6         802008c6        0     1                 .L0 
        802008cc         802008cc        0     1                 .L0 
        802008cc         802008cc        0     1                 .L0 
        802008e6         802008e6        0     1                 .L0 
        802008e6         802008e6        0     1                 .L0 
        802008f0         802008f0        0     1                 .L0 
        802008f0         802008f0        0     1                 .L0 
        80200950         80200950        0     1                 .L0 
        80200954         80200954        0     1                 .L0 
        80200958         80200958        0     1                 .Lpcrel_hi65
        80200958         80200958        0     1                 .L0 
        80200966         80200966        0     1                 .L0 
        80200970         80200970        0     1                 .L0 
        80200970         80200970        0     1                 .L0 
        80200974         80200974        0     1                 .L0 
        80200974         80200974        0     1                 .L0 
        80200978         80200978        0     1                 .L0 
        80200978         80200978        0     1                 .L0 
        8020097c         8020097c        0     1                 .L0 
        80200980         80200980        0     1                 .L0 
        80200980         80200980        0     1                 .L0 
        80200986         80200986        0     1                 .L0 
        80200988         80200988        0     1                 .L0 
        8020098c         8020098c        0     1                 .L0 
        8020098c         8020098c        0     1                 .L0 
        80200990         80200990        0     1                 .L0 
        80200990         80200990        0     1                 .L0 
        80200994         80200994        0     1                 .L0 
        8020099a         8020099a        0     1                 .L0 
        8020099a         8020099a        0     1                 .L0 
        8020099e         8020099e        0     1                 .L0 
        802009a2         802009a2        0     1                 .L0 
        802009a8         802009a8        0     1                 .L0 
        802009aa         802009aa        0     1                 .L0 
        802009ac         802009ac        0     1                 .L0 
        802009ac         802009ac        0     1                 .L0 
        802009b0         802009b0        0     1                 .L0 
        802009b8         802009b8        0     1                 .L0 
        802009b8         802009b8        0     1                 .Lpcrel_hi66
        802009b8         802009b8        0     1                 .L0 
        802009bc         802009bc        0     1                 .Lpcrel_hi67
        802009c8         802009c8        0     1                 .L0 
        802009d0         802009d0        0     1                 .L0 
        802009d0         802009d0        0     1                 .L0 
        802009d4         802009d4        0     1                 .L0 
        802009da         802009da        0     1                 .L0 
        802009da         802009da        0     1                 .L0 
        802009fa         802009fa        0     1                 .L0 
        80200a04         80200a04        0     1                 .L0 
        80200a08         80200a08        0     1                 .Lpcrel_hi71
        80200a1a         80200a1a        0     1                 .L0 
        80200a24         80200a24        0     1                 .L0 
        80200a24         80200a24        0     1                 .L0 
        80200a28         80200a28        0     1                 .L0 
        80200a28         80200a28        0     1                 .L0 
        80200a2c         80200a2c        0     1                 .L0 
        80200a2c         80200a2c        0     1                 .L0 
        80200a30         80200a30        0     1                 .L0 
        80200a34         80200a34        0     1                 .L0 
        80200a34         80200a34        0     1                 .L0 
        80200a3a         80200a3a        0     1                 .L0 
        80200a3c         80200a3c        0     1                 .L0 
        80200a40         80200a40        0     1                 .L0 
        80200a40         80200a40        0     1                 .L0 
        80200a44         80200a44        0     1                 .L0 
        80200a44         80200a44        0     1                 .L0 
        80200a48         80200a48        0     1                 .L0 
        80200a4e         80200a4e        0     1                 .L0 
        80200a4e         80200a4e        0     1                 .L0 
        80200a52         80200a52        0     1                 .L0 
        80200a56         80200a56        0     1                 .L0 
        80200a5c         80200a5c        0     1                 .L0 
        80200a5e         80200a5e        0     1                 .L0 
        80200a60         80200a60        0     1                 .L0 
        80200a60         80200a60        0     1                 .L0 
        80200a64         80200a64        0     1                 .L0 
        80200a6c         80200a6c        0     1                 .L0 
        80200a6c         80200a6c        0     1                 .L0 
        80200a7e         80200a7e        0     1                 .L0 
        80200a7e         80200a7e        0     1                 .L0 
        80200a86         80200a86        0     1                 .L0 
        80200a86         80200a86        0     1                 .L0 
        80200a98         80200a98        0     1                 .L0 
        80200a98         80200a98        0     1                 .L0 
        80200aaa         80200aaa        0     1                 .L0 
        80200aaa         80200aaa        0     1                 .L0 
        80200aae         80200aae        0     1                 .Lpcrel_hi76
        80200aae         80200aae        0     1                 .L0 
        80200ab2         80200ab2        0     1                 .Lpcrel_hi77
        80200ab2         80200ab2        0     1                 .L0 
        80200aba         80200aba        0     1                 .L0 
        80200abe         80200abe        0     1                 .L0 
        80200ac8         80200ac8        0     1                 .L0 
        80200ad6         80200ad6        0     1                 .Lpcrel_hi78
        80200aec         80200aec        0     1                 .L0 
        80200aec         80200aec        0     1                 .L0 
        80200afc         80200afc        0     1                 .L0 
        80200afc         80200afc        0     1                 .L0 
        80200b04         80200b04        0     1                 .L0 
        80200b04         80200b04        0     1                 .L0 
        80200b18         80200b18        0     1                 .L0 
        80200b18         80200b18        0     1                 .L0 
        80200b2c         80200b2c        0     1                 .L0 
        80200b2c         80200b2c        0     1                 .L0 
        80200b30         80200b30        0     1                 .L0 
        80200b30         80200b30        0     1                 .L0 
        80200b34         80200b34        0     1                 .L0 
        80200b34         80200b34        0     1                 .L0 
        80200b38         80200b38        0     1                 .L0 
        80200b38         80200b38        0     1                 .L0 
        80200b3c         80200b3c        0     1                 .L0 
        80200b3c         80200b3c        0     1                 .L0 
        80200b40         80200b40        0     1                 .L0 
        80200b40         80200b40        0     1                 .L0 
        80200b4a         80200b4a        0     1                 .L0 
        80200b4c         80200b4c        0     1                 .L0 
        80200b4e         80200b4e        0     1                 .L0 
        80200b54         80200b54        0     1                 .L0 
        80200b54         80200b54        0     1                 .L0 
        80200b5a         80200b5a        0     1                 .L0 
        80200b5a         80200b5a        0     1                 .L0 
        80200b64         80200b64        0     1                 .L0 
        80200b66         80200b66        0     1                 .L0 
        80200b68         80200b68        0     1                 .L0 
        80200b6c         80200b6c        0     1                 .L0 
        80200b6c         80200b6c        0     1                 .L0 
        80200b72         80200b72        0     1                 .L0 
        80200b72         80200b72        0     1                 .L0 
        80200b7c         80200b7c        0     1                 .L0 
        80200b7e         80200b7e        0     1                 .L0 
        80200b82         80200b82        0     1                 .L0 
        80200b86         80200b86        0     1                 .L0 
        80200b86         80200b86        0     1                 .L0 
        80200b8c         80200b8c        0     1                 .L0 
        80200b8c         80200b8c        0     1                 .L0 
        80200b96         80200b96        0     1                 .L0 
        80200b98         80200b98        0     1                 .L0 
        80200b9c         80200b9c        0     1                 .L0 
        80200b9e         80200b9e        0     1                 .L0 
        80200b9e         80200b9e        0     1                 .L0 
        80200ba4         80200ba4        0     1                 .L0 
        80200ba4         80200ba4        0     1                 .L0 
        80200bae         80200bae        0     1                 .L0 
        80200bb0         80200bb0        0     1                 .L0 
        80200bb4         80200bb4        0     1                 .L0 
        80200bb8         80200bb8        0     1                 .L0 
        80200bb8         80200bb8        0     1                 .L0 
        80200bbe         80200bbe        0     1                 .L0 
        80200bbe         80200bbe        0     1                 .L0 
        80200bc8         80200bc8        0     1                 .L0 
        80200bca         80200bca        0     1                 .L0 
        80200bce         80200bce        0     1                 .L0 
        80200bd2         80200bd2        0     1                 .L0 
        80200bd2         80200bd2        0     1                 .L0 
        80200bd8         80200bd8        0     1                 .L0 
        80200bd8         80200bd8        0     1                 .L0 
        80200be2         80200be2        0     1                 .L0 
        80200be4         80200be4        0     1                 .L0 
        80200bea         80200bea        0     1                 .L0 
        80200bee         80200bee        0     1                 .L0 
        80200bee         80200bee        0     1                 .L0 
        80200bf4         80200bf4        0     1                 .L0 
        80200bf4         80200bf4        0     1                 .L0 
        80200bfe         80200bfe        0     1                 .L0 
        80200c06         80200c06        0     1                 .L0 
        80200c08         80200c08        0     1                 .L0 
        80200c0c         80200c0c        0     1                 .L0 
        80200c0c         80200c0c        0     1                 .L0 
        80200c12         80200c12        0     1                 .L0 
        80200c12         80200c12        0     1                 .L0 
        80200c16         80200c16        0     1                 .L0 
        80200c18         80200c18        0     1                 .L0 
        80200c20         80200c20        0     1                 .L0 
        80200c20         80200c20        0     1                 .L0 
        80200c22         80200c22        0     1                 .L0 
        80200c24         80200c24        0     1                 .L0 
        80200c28         80200c28        0     1                 .L0 
        80200c28         80200c28        0     1                 .L0 
        80200c2a         80200c2a        0     1                 .L0 
        80200c2c         80200c2c        0     1                 .L0 
        80200c30         80200c30        0     1                 .L0 
        80200c30         80200c30        0     1                 .L0 
        80200c32         80200c32        0     1                 .L0 
        80200c34         80200c34        0     1                 .L0 
        80200c38         80200c38        0     1                 .L0 
        80200c38         80200c38        0     1                 .L0 
        80200c3a         80200c3a        0     1                 .L0 
        80200c3c         80200c3c        0     1                 .L0 
        80200c40         80200c40        0     1                 .L0 
        80200c40         80200c40        0     1                 .L0 
        80200c42         80200c42        0     1                 .L0 
        80200c44         80200c44        0     1                 .L0 
        80200c48         80200c48        0     1                 .L0 
        80200c48         80200c48        0     1                 .L0 
        80200c4a         80200c4a        0     1                 .L0 
        80200c4e         80200c4e        0     1                 .L0 
        80200c52         80200c52        0     1                 .L0 
        80200c52         80200c52        0     1                 .L0 
        80200c58         80200c58        0     1                 .Lpcrel_hi87
        80200c5c         80200c5c        0     1                 .Lpcrel_hi88
        80200c5c         80200c5c        0     1                 .L0 
        80200c64         80200c64        0     1                 .L0 
        80200c6e         80200c6e        0     1                 .L0 
        80200c7c         80200c7c        0     1                 .Lpcrel_hi89
        80200c96         80200c96        0     1                 .L0 
        80200c96         80200c96        0     1                 .Lpcrel_hi90
        80200c9c         80200c9c        0     1                 .Lpcrel_hi91
        80200ca2         80200ca2        0     1                 .Lpcrel_hi92
        80200ca6         80200ca6        0     1                 .Lpcrel_hi93
        80200ca6         80200ca6        0     1                 .L0 
        80200cac         80200cac        0     1                 .Lpcrel_hi94
        80200cb0         80200cb0        0     1                 .L0 
        80200cca         80200cca        0     1                 .Lpcrel_hi95
        80200cca         80200cca        0     1                 .L0 
        80200cce         80200cce        0     1                 .L0 
        80200cd6         80200cd6        0     1                 .L0 
        80200cda         80200cda        0     1                 .L0 
        80200ce2         80200ce2        0     1                 .L0 
        80200ce6         80200ce6        0     1                 .L0 
        80200cee         80200cee        0     1                 .L0 
        80200cee         80200cee        0     1                 .L0 
        80200cf2         80200cf2        0     1                 .L0 
        80200cf2         80200cf2        0     1                 .L0 
        80200cf6         80200cf6        0     1                 .L0 
        80200cfa         80200cfa        0     1                 .L0 
        80200cfa         80200cfa        0     1                 .Lpcrel_hi83
        80200cfa         80200cfa        0     1                 .L0 
        80200d0c         80200d0c        0     1                 .L0 
        80200d10         80200d10        0     1                 .L0 
        80200d16         80200d16        0     1                 .L0 
        80200d1a         80200d1a        0     1                 .L0 
        80200d1a         80200d1a        0     1                 .L0 
        80200d1e         80200d1e        0     1                 .L0 
        80200d1e         80200d1e        0     1                 .L0 
        80200d22         80200d22        0     1                 .L0 
        80200d2a         80200d2a        0     1                 .Lpcrel_hi99
        80200d3e         80200d3e        0     1                 .L0 
        80200d3e         80200d3e        0     1                 .L0 
        80200d4a         80200d4a        0     1                 .L0 
        80200d4a         80200d4a        0     1                 .L0 
        80200d56         80200d56        0     1                 .L0 
        80200d5c         80200d5c        0     1                 .L0 
        80200d5c         80200d5c        0     1                 .L0 
        80200d60         80200d60        0     1                 .L0 
        80200d66         80200d66        0     1                 .L0 
        80200d68         80200d68        0     1                 .L0 
        80200d70         80200d70        0     1                 .L0 
        80200d70         80200d70        0     1                 .L0 
        80200d72         80200d72        0     1                 .L0 
        80200d72         80200d72        0     1                 .L0 
        80200d78         80200d78        0     1                 .L0 
        80200d78         80200d78        0     1                 .L0 
        80200d7c         80200d7c        0     1                 .L0 
        80200d7c         80200d7c        0     1                 .L0 
        80200d82         80200d82        0     1                 .L0 
        80200d82         80200d82        0     1                 .L0 
        80200d90         80200d90        0     1                 .L0 
        80200d90         80200d90        0     1                 .L0 
        80200d98         80200d98        0     1                 .L0 
        80200d9a         80200d9a        0     1                 .L0 
        80200d9e         80200d9e        0     1                 .L0 
        80200d9e         80200d9e        0     1                 .L0 
        80200da6         80200da6        0     1                 .L0 
        80200dac         80200dac        0     1                 .L0 
        80200dac         80200dac        0     1                 .L0 
        80200db0         80200db0        0     1                 .L0 
        80200db0         80200db0        0     1                 .L0 
        80200db6         80200db6        0     1                 .L0 
        80200db6         80200db6        0     1                 .L0 
        80200dba         80200dba        0     1                 .L0 
        80200dba         80200dba        0     1                 .L0 
        80200dc2         80200dc2        0     1                 .L0 
        80200dca         80200dca        0     1                 .L0 
        80200dce         80200dce        0     1                 .L0 
        80200dd4         80200dd4        0     1                 .L0 
        80200dd8         80200dd8        0     1                 .L0 
        80200de2         80200de2        0     1                 .L0 
        80200de6         80200de6        0     1                 .L0 
        80200df8         80200df8        0     1                 .L0 
        80200dfc         80200dfc        0     1                 .L0 
        80200dfc         80200dfc        0     1                 .L0 
        80200e00         80200e00        0     1                 .L0 
        80200e00         80200e00        0     1                 .L0 
        80200e02         80200e02        0     1                 .Lpcrel_hi146
        80200e10         80200e10        0     1                 .L0 
        80200e10         80200e10        0     1                 .L0 
        80200e14         80200e14        0     1                 .L0 
        80200e16         80200e16        0     1                 .L0 
        80200e24         80200e24        0     1                 .L0 
        80200e24         80200e24        0     1                 .L0 
        80200e28         80200e28        0     1                 .L0 
        80200e28         80200e28        0     1                 .L0 
        80200e2c         80200e2c        0     1                 .L0 
        80200e2c         80200e2c        0     1                 .L0 
        80200e32         80200e32        0     1                 .L0 
        80200e32         80200e32        0     1                 .L0 
        80200e36         80200e36        0     1                 .L0 
        80200e36         80200e36        0     1                 .L0 
        80200e3e         80200e3e        0     1                 .L0 
        80200e40         80200e40        0     1                 .L0 
        80200e40         80200e40        0     1                 .L0 
        80200e44         80200e44        0     1                 .L0 
        80200e44         80200e44        0     1                 .L0 
        80200e48         80200e48        0     1                 .L0 
        80200e48         80200e48        0     1                 .L0 
        80200e58         80200e58        0     1                 .L0 
        80200e5a         80200e5a        0     1                 .L0 
        80200e6e         80200e6e        0     1                 .L0 
        80200e70         80200e70        0     1                 .L0 
        80200e72         80200e72        0     1                 .L0 
        80200e76         80200e76        0     1                 .L0 
        80200e76         80200e76        0     1                 .L0 
        80200e82         80200e82        0     1                 .L0 
        80200e82         80200e82        0     1                 .L0 
        80200e8a         80200e8a        0     1                 .L0 
        80200e8a         80200e8a        0     1                 .L0 
        80200e8e         80200e8e        0     1                 .L0 
        80200e9c         80200e9c        0     1                 .L0 
        80200e9e         80200e9e        0     1                 .L0 
        80200ea2         80200ea2        0     1                 .L0 
        80200ea2         80200ea2        0     1                 .L0 
        80200eaa         80200eaa        0     1                 .L0 
        80200eaa         80200eaa        0     1                 .L0 
        80200eae         80200eae        0     1                 .L0 
        80200eb8         80200eb8        0     1                 .L0 
        80200eba         80200eba        0     1                 .L0 
        80200eba         80200eba        0     1                 .L0 
        80200ece         80200ece        0     1                 .L0 
        80200ece         80200ece        0     1                 .L0 
        80200ed2         80200ed2        0     1                 .L0 
        80200ed2         80200ed2        0     1                 .L0 
        80200ed8         80200ed8        0     1                 .L0 
        80200ee2         80200ee2        0     1                 .L0 
        80200ef2         80200ef2        0     1                 .L0 
        80200ef6         80200ef6        0     1                 .L0 
        80200efa         80200efa        0     1                 .L0 
        80200efc         80200efc        0     1                 .L0 
        80200f02         80200f02        0     1                 .L0 
        80200f06         80200f06        0     1                 .L0 
        80200f0c         80200f0c        0     1                 .L0 
        80200f10         80200f10        0     1                 .L0 
        80200f12         80200f12        0     1                 .L0 
        80200f12         80200f12        0     1                 .L0 
        80200f16         80200f16        0     1                 .L0 
        80200f16         80200f16        0     1                 .L0 
        80200f18         80200f18        0     1                 .L0 
        80200f18         80200f18        0     1                 .L0 
        80200f1c         80200f1c        0     1                 .L0 
        80200f1e         80200f1e        0     1                 .L0 
        80200f34         80200f34        0     1                 .L0 
        80200f34         80200f34        0     1                 .L0 
        80200f3c         80200f3c        0     1                 .L0 
        80200f3c         80200f3c        0     1                 .L0 
        80200f40         80200f40        0     1                 .L0 
        80200f40         80200f40        0     1                 .L0 
        80200f44         80200f44        0     1                 .L0 
        80200f44         80200f44        0     1                 .L0 
        80200f48         80200f48        0     1                 .L0 
        80200f4e         80200f4e        0     1                 .L0 
        80200f52         80200f52        0     1                 .L0 
        80200f52         80200f52        0     1                 .L0 
        80200f56         80200f56        0     1                 .L0 
        80200f56         80200f56        0     1                 .L0 
        80200f60         80200f60        0     1                 .L0 
        80200f60         80200f60        0     1                 .L0 
        80200f66         80200f66        0     1                 .L0 
        80200f66         80200f66        0     1                 .L0 
        80200f68         80200f68        0     1                 .L0 
        80200f6c         80200f6c        0     1                 .L0 
        80200f6e         80200f6e        0     1                 .L0 
        80200f72         80200f72        0     1                 .L0 
        80200f78         80200f78        0     1                 .L0 
        80200f78         80200f78        0     1                 .L0 
        80200f84         80200f84        0     1                 .L0 
        80200f88         80200f88        0     1                 .L0 
        80200f8c         80200f8c        0     1                 .L0 
        80200f8c         80200f8c        0     1                 .L0 
        80200f9a         80200f9a        0     1                 .L0 
        80200fa0         80200fa0        0     1                 .L0 
        80200fa0         80200fa0        0     1                 .Lpcrel_hi155
        80200fa0         80200fa0        0     1                 .L0 
        80200fac         80200fac        0     1                 .L0 
        80200fae         80200fae        0     1                 .L0 
        80200fb8         80200fb8        0     1                 .L0 
        80200fc0         80200fc0        0     1                 .L0 
        80200fc0         80200fc0        0     1                 .Lpcrel_hi156
        80200fc0         80200fc0        0     1                 .L0 
        80200fcc         80200fcc        0     1                 .L0 
        80200fcc         80200fcc        0     1                 .L0 
        80200fce         80200fce        0     1                 .Lpcrel_hi98
        80200fea         80200fea        0     1                 .L0 
        80200fea         80200fea        0     1                 .L0 
        80200ff2         80200ff2        0     1                 .L0 
        80200ff2         80200ff2        0     1                 .L0 
        80200ff6         80200ff6        0     1                 .L0 
        80201000         80201000        0     1                 .L0 
        80201012         80201012        0     1                 .L0 
        80201016         80201016        0     1                 .L0 
        80201016         80201016        0     1                 .L0 
        80201020         80201020        0     1                 .L0 
        80201020         80201020        0     1                 .L0 
        80201032         80201032        0     1                 .L0 
        8020103a         8020103a        0     1                 .L0 
        8020103a         8020103a        0     1                 .L0 
        8020103e         8020103e        0     1                 .L0 
        80201048         80201048        0     1                 .L0 
        8020105a         8020105a        0     1                 .L0 
        8020105e         8020105e        0     1                 .L0 
        8020105e         8020105e        0     1                 .L0 
        80201068         80201068        0     1                 .L0 
        80201068         80201068        0     1                 .L0 
        8020107e         8020107e        0     1                 .L0 
        80201090         80201090        0     1                 .L0 
        80201094         80201094        0     1                 .Lpcrel_hi100
        80201098         80201098        0     1                 .Lpcrel_hi101
        802010b6         802010b6        0     1                 .L0 
        802010b6         802010b6        0     1                 .L0 
        802010ba         802010ba        0     1                 .L0 
        802010ba         802010ba        0     1                 .L0 
        802010bc         802010bc        0     1                 .L0 
        802010c0         802010c0        0     1                 .L0 
        802010c0         802010c0        0     1                 .L0 
        802010c6         802010c6        0     1                 .L0 
        802010c6         802010c6        0     1                 .L0 
        802010ce         802010ce        0     1                 .L0 
        802010d2         802010d2        0     1                 .L0 
        802010d2         802010d2        0     1                 .L0 
        802010d4         802010d4        0     1                 .L0 
        802010d8         802010d8        0     1                 .L0 
        802010d8         802010d8        0     1                 .L0 
        802010ec         802010ec        0     1                 .L0 
        802010ec         802010ec        0     1                 .L0 
        802010f0         802010f0        0     1                 .L0 
        802010f4         802010f4        0     1                 .L0 
        802010f4         802010f4        0     1                 .L0 
        80201100         80201100        0     1                 .L0 
        80201104         80201104        0     1                 .L0 
        80201104         80201104        0     1                 .L0 
        8020110a         8020110a        0     1                 .L0 
        8020110a         8020110a        0     1                 .L0 
        8020110e         8020110e        0     1                 .L0 
        8020110e         8020110e        0     1                 .L0 
        80201112         80201112        0     1                 .L0 
        80201112         80201112        0     1                 .L0 
        80201116         80201116        0     1                 .L0 
        8020111c         8020111c        0     1                 .L0 
        80201120         80201120        0     1                 .L0 
        80201124         80201124        0     1                 .L0 
        80201124         80201124        0     1                 .L0 
        80201128         80201128        0     1                 .L0 
        80201130         80201130        0     1                 .L0 
        80201130         80201130        0     1                 .L0 
        80201134         80201134        0     1                 .L0 
        80201134         80201134        0     1                 .L0 
        80201138         80201138        0     1                 .L0 
        8020113c         8020113c        0     1                 .L0 
        8020113e         8020113e        0     1                 .L0 
        80201148         80201148        0     1                 .L0 
        8020114c         8020114c        0     1                 .L0 
        80201154         80201154        0     1                 .L0 
        80201154         80201154        0     1                 .L0 
        80201162         80201162        0     1                 .Lpcrel_hi103
        80201166         80201166        0     1                 .Lpcrel_hi104
        8020117a         8020117a        0     1                 .L0 
        8020117a         8020117a        0     1                 .L0 
        80201186         80201186        0     1                 .L0 
        80201186         80201186        0     1                 .L0 
        8020118a         8020118a        0     1                 .L0 
        8020118a         8020118a        0     1                 .L0 
        8020118c         8020118c        0     1                 .L0 
        80201190         80201190        0     1                 .L0 
        80201190         80201190        0     1                 .L0 
        80201196         80201196        0     1                 .L0 
        80201196         80201196        0     1                 .L0 
        8020119e         8020119e        0     1                 .L0 
        802011a2         802011a2        0     1                 .L0 
        802011a2         802011a2        0     1                 .L0 
        802011a4         802011a4        0     1                 .L0 
        802011a8         802011a8        0     1                 .L0 
        802011a8         802011a8        0     1                 .L0 
        802011bc         802011bc        0     1                 .L0 
        802011bc         802011bc        0     1                 .L0 
        802011c0         802011c0        0     1                 .L0 
        802011c4         802011c4        0     1                 .L0 
        802011c4         802011c4        0     1                 .L0 
        802011d0         802011d0        0     1                 .L0 
        802011d4         802011d4        0     1                 .L0 
        802011d4         802011d4        0     1                 .L0 
        802011da         802011da        0     1                 .L0 
        802011da         802011da        0     1                 .L0 
        802011de         802011de        0     1                 .L0 
        802011de         802011de        0     1                 .L0 
        802011e2         802011e2        0     1                 .L0 
        802011e2         802011e2        0     1                 .L0 
        802011e6         802011e6        0     1                 .L0 
        802011ec         802011ec        0     1                 .L0 
        802011f0         802011f0        0     1                 .L0 
        802011f4         802011f4        0     1                 .L0 
        802011f4         802011f4        0     1                 .L0 
        802011f8         802011f8        0     1                 .L0 
        80201200         80201200        0     1                 .L0 
        80201200         80201200        0     1                 .L0 
        80201204         80201204        0     1                 .L0 
        80201204         80201204        0     1                 .L0 
        80201208         80201208        0     1                 .L0 
        8020120c         8020120c        0     1                 .L0 
        8020120e         8020120e        0     1                 .L0 
        8020121a         8020121a        0     1                 .L0 
        8020121e         8020121e        0     1                 .L0 
        80201220         80201220        0     1                 .L0 
        80201224         80201224        0     1                 .L0 
        80201226         80201226        0     1                 .L0 
        80201226         80201226        0     1                 .L0 
        8020122a         8020122a        0     1                 .L0 
        8020122c         8020122c        0     1                 .L0 
        8020122c         8020122c        0     1                 .L0 
        80201230         80201230        0     1                 .L0 
        80201238         80201238        0     1                 .L0 
        8020123c         8020123c        0     1                 .L0 
        80201244         80201244        0     1                 .L0 
        80201244         80201244        0     1                 .L0 
        80201248         80201248        0     1                 .L0 
        80201248         80201248        0     1                 .L0 
        80201252         80201252        0     1                 .L0 
        80201254         80201254        0     1                 .L0 
        80201254         80201254        0     1                 .L0 
        80201258         80201258        0     1                 .L0 
        80201258         80201258        0     1                 .L0 
        8020125a         8020125a        0     1                 .L0 
        8020125e         8020125e        0     1                 .L0 
        8020125e         8020125e        0     1                 .L0 
        80201262         80201262        0     1                 .L0 
        80201262         80201262        0     1                 .L0 
        80201264         80201264        0     1                 .L0 
        80201264         80201264        0     1                 .L0 
        80201268         80201268        0     1                 .L0 
        80201268         80201268        0     1                 .L0 
        80201272         80201272        0     1                 .L0 
        80201296         80201296        0     1                 .Lpcrel_hi161
        80201296         80201296        0     1                 .L0 
        8020129a         8020129a        0     1                 .Lpcrel_hi162
        8020129e         8020129e        0     1                 .Lpcrel_hi163
        8020129e         8020129e        0     1                 .L0 
        802012a8         802012a8        0     1                 .L0 
        802012b6         802012b6        0     1                 .L0 
        802012ba         802012ba        0     1                 .L0 
        802012c2         802012c2        0     1                 .L0 
        802012ca         802012ca        0     1                 .L0 
        802012e4         802012e4        0     1                 .L0 
        802012e8         802012e8        0     1                 .L0 
        802012ec         802012ec        0     1                 .L0 
        802012f0         802012f0        0     1                 .L0 
        802012f4         802012f4        0     1                 .Lpcrel_hi164
        802012f4         802012f4        0     1                 .L0 
        802012f8         802012f8        0     1                 .L0 
        802012fc         802012fc        0     1                 .L0 
        80201300         80201300        0     1                 .L0 
        80201302         80201302        0     1                 .L0 
        80201308         80201308        0     1                 .L0 
        8020130c         8020130c        0     1                 .L0 
        80201314         80201314        0     1                 .L0 
        80201316         80201316        0     1                 .L0 
        8020131a         8020131a        0     1                 .L0 
        80201322         80201322        0     1                 .L0 
        80201334         80201334        0     1                 .Lpcrel_hi165
        80201334         80201334        0     1                 .L0 
        8020133a         8020133a        0     1                 .L0 
        80201342         80201342        0     1                 .L0 
        8020134e         8020134e        0     1                 .L0 
        80201368         80201368        0     1                 .L0 
        8020138a         8020138a        0     1                 .L0 
        8020138e         8020138e        0     1                 .L0 
        8020138e         8020138e        0     1                 .L0 
        80201392         80201392        0     1                 .L0 
        80201392         80201392        0     1                 .L0 
        8020139e         8020139e        0     1                 .L0 
        802013a6         802013a6        0     1                 .L0 
        802013a6         802013a6        0     1                 .L0 
        802013aa         802013aa        0     1                 .L0 
        802013aa         802013aa        0     1                 .L0 
        802013ae         802013ae        0     1                 .L0 
        802013ae         802013ae        0     1                 .L0 
        802013b4         802013b4        0     1                 .L0 
        802013bc         802013bc        0     1                 .L0 
        802013be         802013be        0     1                 .L0 
        802013be         802013be        0     1                 .L0 
        802013d0         802013d0        0     1                 .L0 
        802013d8         802013d8        0     1                 .L0 
        802013de         802013de        0     1                 .L0 
        802013e2         802013e2        0     1                 .L0 
        802013e2         802013e2        0     1                 .L0 
        802013e6         802013e6        0     1                 .L0 
        802013f0         802013f0        0     1                 .L0 
        802013f0         802013f0        0     1                 .L0 
        802013f4         802013f4        0     1                 .L0 
        802013f8         802013f8        0     1                 .L0 
        802013f8         802013f8        0     1                 .L0 
        802013fe         802013fe        0     1                 .L0 
        80201408         80201408        0     1                 .L0 
        80201408         80201408        0     1                 .L0 
        8020140c         8020140c        0     1                 .L0 
        8020140c         8020140c        0     1                 .L0 
        80201410         80201410        0     1                 .L0 
        80201410         80201410        0     1                 .L0 
        8020141c         8020141c        0     1                 .L0 
        80201420         80201420        0     1                 .L0 
        80201428         80201428        0     1                 .L0 
        80201428         80201428        0     1                 .L0 
        8020142c         8020142c        0     1                 .L0 
        8020142e         8020142e        0     1                 .L0 
        8020142e         8020142e        0     1                 .L0 
        80201432         80201432        0     1                 .L0 
        80201438         80201438        0     1                 .L0 
        8020143a         8020143a        0     1                 .L0 
        8020143e         8020143e        0     1                 .L0 
        8020143e         8020143e        0     1                 .L0 
        80201482         80201482        0     1                 .L0 
        8020148a         8020148a        0     1                 .L0 
        8020148a         8020148a        0     1                 .L0 
        8020148e         8020148e        0     1                 .L0 
        8020148e         8020148e        0     1                 .L0 
        80201492         80201492        0     1                 .L0 
        80201492         80201492        0     1                 .L0 
        80201498         80201498        0     1                 .L0 
        802014a4         802014a4        0     1                 .L0 
        802014a6         802014a6        0     1                 .L0 
        802014a6         802014a6        0     1                 .L0 
        802014b6         802014b6        0     1                 .L0 
        802014be         802014be        0     1                 .L0 
        802014c4         802014c4        0     1                 .L0 
        802014c8         802014c8        0     1                 .L0 
        802014c8         802014c8        0     1                 .L0 
        802014cc         802014cc        0     1                 .L0 
        802014d6         802014d6        0     1                 .L0 
        802014d6         802014d6        0     1                 .L0 
        802014da         802014da        0     1                 .L0 
        802014de         802014de        0     1                 .L0 
        802014de         802014de        0     1                 .L0 
        8020151e         8020151e        0     1                 .L0 
        80201528         80201528        0     1                 .L0 
        80201528         80201528        0     1                 .L0 
        8020152c         8020152c        0     1                 .L0 
        8020152c         8020152c        0     1                 .L0 
        80201530         80201530        0     1                 .L0 
        80201530         80201530        0     1                 .L0 
        8020153a         8020153a        0     1                 .L0 
        8020153e         8020153e        0     1                 .L0 
        80201542         80201542        0     1                 .L0 
        80201542         80201542        0     1                 .L0 
        80201546         80201546        0     1                 .L0 
        80201548         80201548        0     1                 .L0 
        80201548         80201548        0     1                 .L0 
        8020154c         8020154c        0     1                 .L0 
        80201552         80201552        0     1                 .L0 
        80201556         80201556        0     1                 .L0 
        8020155a         8020155a        0     1                 .L0 
        8020155a         8020155a        0     1                 .L0 
        802015a0         802015a0        0     1                 .L0 
        802015a4         802015a4        0     1                 .L0 
        802015a6         802015a6        0     1                 .L0 
        802015a6         802015a6        0     1                 .L0 
        802015aa         802015aa        0     1                 .L0 
        802015aa         802015aa        0     1                 .L0 
        802015b4         802015b4        0     1                 .L0 
        802015be         802015be        0     1                 .Lpcrel_hi158
        802015be         802015be        0     1                 .L0 
        802015c2         802015c2        0     1                 .Lpcrel_hi159
        802015c2         802015c2        0     1                 .L0 
[...]
           21740            21740        0     1                 .L0 
           21790            21790        0     1                 .L0 
           217c0            217c0        0     1                 .L0 
           217f0            217f0        0     1                 .L0 
           21820            21820        0     1                 .L0 
           21850            21850        0     1                 .L0 
           21890            21890        0     1                 .L0 
           218d0            218d0        0     1                 .L0 
           21920            21920        0     1                 .L0 
           21970            21970        0     1                 .L0 
           219a0            219a0        0     1                 .L0 
           219d0            219d0        0     1                 .L0 
           21a00            21a00        0     1                 .L0 
           21a30            21a30        0     1                 .L0 
           21a60            21a60        0     1                 .L0 
           21a90            21a90        0     1                 .L0 
           21ad0            21ad0        0     1                 .L0 
           21b00            21b00        0     1                 .L0 
           21b30            21b30        0     1                 .L0 
           21b60            21b60        0     1                 .L0 
           21b90            21b90        0     1                 .L0 
           21bc0            21bc0        0     1                 .L0 
           21bf0            21bf0        0     1                 .L0 
           21c30            21c30        0     1                 .L0 
           21c60            21c60        0     1                 .L0 
           23d90            23d90       30     1         C:\Users\Magnus\.rustup\toolchains\nightly-x86_64-pc-windows-msvc\lib\rustlib\riscv64gc-unknown-none-elf\lib\libcompiler_builtins-68e6dafd27578d1b.rlib(compiler_builtins-68e6dafd27578d1b.compiler_builtins.28f9de005c366824-cgu.158.rcgu.o):(.debug_ranges)
           23d90            23d90        0     1                 .L0 
           23d90            23d90        0     1                 $d
           23dc0            23dc0       30     1         C:\Users\Magnus\.rustup\toolchains\nightly-x86_64-pc-windows-msvc\lib\rustlib\riscv64gc-unknown-none-elf\lib\libcompiler_builtins-68e6dafd27578d1b.rlib(compiler_builtins-68e6dafd27578d1b.compiler_builtins.28f9de005c366824-cgu.207.rcgu.o):(.debug_ranges)
           23dc0            23dc0        0     1                 .L0 
           23dc0            23dc0        0     1                 $d
           23df0            23df0      9f0     1         C:\Users\Magnus\.rustup\toolchains\nightly-x86_64-pc-windows-msvc\lib\rustlib\riscv64gc-unknown-none-elf\lib\libcompiler_builtins-68e6dafd27578d1b.rlib(compiler_builtins-68e6dafd27578d1b.compiler_builtins.28f9de005c366824-cgu.008.rcgu.o):(.debug_ranges)
           23df0            23df0        0     1                 .L0 
           23df0            23df0        0     1                 $d
           23e20            23e20        0     1                 .L0 
           23e50            23e50        0     1                 .L0 
           23e80            23e80        0     1                 .L0 
           23ec0            23ec0        0     1                 .L0 
           23f00            23f00        0     1                 .L0 
           23f30            23f30        0     1                 .L0 
           23f60            23f60        0     1                 .L0 
           23f90            23f90        0     1                 .L0 
           23fc0            23fc0        0     1                 .L0 
           23ff0            23ff0        0     1                 .L0 
           24020            24020        0     1                 .L0 
           24050            24050        0     1                 .L0 
           24080            24080        0     1                 .L0 
           240b0            240b0        0     1                 .L0 
           240e0            240e0        0     1                 .L0 
           24110            24110        0     1                 .L0 
           24140            24140        0     1                 .L0 
           241a0            241a0        0     1                 .L0 
           241d0            241d0        0     1                 .L0 
           24210            24210        0     1                 .L0 
           24240            24240        0     1                 .L0 
           24270            24270        0     1                 .L0 
           242a0            242a0        0     1                 .L0 
           242d0            242d0        0     1                 .L0 
           24310            24310        0     1                 .L0 
           24350            24350        0     1                 .L0 
           24380            24380        0     1                 .L0 
           243b0            243b0        0     1                 .L0 
           243f0            243f0        0     1                 .L0 
           24430            24430        0     1                 .L0 
           24490            24490        0     1                 .L0 
           244c0            244c0        0     1                 .L0 
           24500            24500        0     1                 .L0 
           24540            24540        0     1                 .L0 
           24580            24580        0     1                 .L0 
           245b0            245b0        0     1                 .L0 
           245e0            245e0        0     1                 .L0 
           24610            24610        0     1                 .L0 
           24640            24640        0     1                 .L0 
           24670            24670        0     1                 .L0 
           246a0            246a0        0     1                 .L0 
           246d0            246d0        0     1                 .L0 
           24710            24710        0     1                 .L0 
           24750            24750        0     1                 .L0 
           24780            24780        0     1                 .L0 
           247e0            247e0      1a0     1         C:\Users\Magnus\.rustup\toolchains\nightly-x86_64-pc-windows-msvc\lib\rustlib\riscv64gc-unknown-none-elf\lib\libcompiler_builtins-68e6dafd27578d1b.rlib(compiler_builtins-68e6dafd27578d1b.compiler_builtins.28f9de005c366824-cgu.223.rcgu.o):(.debug_ranges)
           247e0            247e0        0     1                 .L0 
           247e0            247e0        0     1                 $d
           24820            24820        0     1                 .L0 
           24860            24860        0     1                 .L0 
           248a0            248a0        0     1                 .L0 
           248e0            248e0        0     1                 .L0 
           24920            24920        0     1                 .L0 
           24950            24950        0     1                 .L0 
           24980            24980      300     1         C:\Users\Magnus\.rustup\toolchains\nightly-x86_64-pc-windows-msvc\lib\rustlib\riscv64gc-unknown-none-elf\lib\libcompiler_builtins-68e6dafd27578d1b.rlib(compiler_builtins-68e6dafd27578d1b.compiler_builtins.28f9de005c366824-cgu.013.rcgu.o):(.debug_ranges)
           24980            24980        0     1                 .L0 
           24980            24980        0     1                 $d
           249b0            249b0        0     1                 .L0 
           249e0            249e0        0     1                 .L0 
           24a20            24a20        0     1                 .L0 
           24a50            24a50        0     1                 .L0 
           24a80            24a80        0     1                 .L0 
           24ab0            24ab0        0     1                 .L0 
           24ae0            24ae0        0     1                 .L0 
           24b10            24b10        0     1                 .L0 
           24b40            24b40        0     1                 .L0 
           24b80            24b80        0     1                 .L0 
           24bb0            24bb0        0     1                 .L0 
           24be0            24be0        0     1                 .L0 
           24c10            24c10        0     1                 .L0 
           24c40            24c40        0     1                 .L0 
           24c80            24c80       90     1         C:\Users\Magnus\.rustup\toolchains\nightly-x86_64-pc-windows-msvc\lib\rustlib\riscv64gc-unknown-none-elf\lib\libcompiler_builtins-68e6dafd27578d1b.rlib(compiler_builtins-68e6dafd27578d1b.compiler_builtins.28f9de005c366824-cgu.343.rcgu.o):(.debug_ranges)
           24c80            24c80        0     1                 .L0 
           24c80            24c80        0     1                 $d
           24cb0            24cb0        0     1                 .L0 
           24ce0            24ce0        0     1                 .L0 
               0                0    5b895     1 .debug_str
               0                0    5b895     1         <internal>:(.debug_str)
               0                0       a1     1 .comment
               0                0       a1     1         <internal>:(.comment)
               0                0       74     1 .riscv.attributes
               0                0       74     1         <internal>:(.riscv.attributes)
               0                0      ea8     8 .debug_frame
               0                0      3b8     8         D:\rust\bogokernel\target\riscv64gc-unknown-none-elf\debug\deps\kernel-5b83ab333134c29e.50p94zbq6d47s1tz21weevnay.1y8o9lo.rcgu.o:(.debug_frame)
               0                0        0     1                 .L0 
               0                0        0     1                 $d
             3b8              3b8      488     8         D:\rust\bogokernel\target\riscv64gc-unknown-none-elf\debug\deps\liblinked_list_allocator-fde430cc1c82fdfa.rlib(linked_list_allocator-fde430cc1c82fdfa.linked_list_allocator.48228f020a9ae77e-cgu.0.rcgu.o):(.debug_frame)
             3b8              3b8        0     1                 .L0 
             3b8              3b8        0     1                 $d
             840              840       78     8         D:\rust\bogokernel\target\riscv64gc-unknown-none-elf\debug\deps\libspinning_top-74f701bdc242520b.rlib(spinning_top-74f701bdc242520b.spinning_top.c4465a07ef79aa37-cgu.0.rcgu.o):(.debug_frame)
             840              840        0     1                 .L0 
             840              840        0     1                 $d
             8b8              8b8      548     8         D:\rust\bogokernel\target\riscv64gc-unknown-none-elf\debug\deps\libriscv-12f97313a2f4b3b2.rlib(riscv-12f97313a2f4b3b2.riscv.78458f0e7726b2ae-cgu.0.rcgu.o):(.debug_frame)
             8b8              8b8        0     1                 .L0 
             8b8              8b8        0     1                 $d
             e00              e00       a8     8         D:\rust\bogokernel\target\riscv64gc-unknown-none-elf\debug\deps\libriscv_pac-e3a0a477a6af16c9.rlib(riscv_pac-e3a0a477a6af16c9.riscv_pac.eba0cecd549cb8d4-cgu.0.rcgu.o):(.debug_frame)
             e00              e00        0     1                 .L0 
             e00              e00        0     1                 $d
               0                0    29be0     1 .debug_line
               0                0     34f4     1         D:\rust\bogokernel\target\riscv64gc-unknown-none-elf\debug\deps\kernel-5b83ab333134c29e.50p94zbq6d47s1tz21weevnay.1y8o9lo.rcgu.o:(.debug_line)
               0                0        0     1                 .Lline_table_start0
               0                0        0     1                 $d
            34f4             34f4     132b     1         D:\rust\bogokernel\target\riscv64gc-unknown-none-elf\debug\deps\liblinked_list_allocator-fde430cc1c82fdfa.rlib(linked_list_allocator-fde430cc1c82fdfa.linked_list_allocator.48228f020a9ae77e-cgu.0.rcgu.o):(.debug_line)
            34f4             34f4        0     1                 .Lline_table_start0
            34f4             34f4        0     1                 $d
            481f             481f      275     1         D:\rust\bogokernel\target\riscv64gc-unknown-none-elf\debug\deps\libspinning_top-74f701bdc242520b.rlib(spinning_top-74f701bdc242520b.spinning_top.c4465a07ef79aa37-cgu.0.rcgu.o):(.debug_line)
            481f             481f        0     1                 .Lline_table_start0
            481f             481f        0     1                 $d
            4a94             4a94      d14     1         D:\rust\bogokernel\target\riscv64gc-unknown-none-elf\debug\deps\libriscv-12f97313a2f4b3b2.rlib(riscv-12f97313a2f4b3b2.riscv.78458f0e7726b2ae-cgu.0.rcgu.o):(.debug_line)
            4a94             4a94        0     1                 .Lline_table_start0
            4a94             4a94        0     1                 $d
            57a8             57a8      302     1         D:\rust\bogokernel\target\riscv64gc-unknown-none-elf\debug\deps\libriscv_pac-e3a0a477a6af16c9.rlib(riscv_pac-e3a0a477a6af16c9.riscv_pac.eba0cecd549cb8d4-cgu.0.rcgu.o):(.debug_line)
            57a8             57a8        0     1                 .Lline_table_start0
            57a8             57a8        0     1                 $d
            5aaa             5aaa     54df     1         C:\Users\Magnus\.rustup\toolchains\nightly-x86_64-pc-windows-msvc\lib\rustlib\riscv64gc-unknown-none-elf\lib\liballoc-3317f9e748cf927c.rlib(alloc-3317f9e748cf927c.alloc.d03166e6a028c926-cgu.0.rcgu.o):(.debug_line)
            5aaa             5aaa        0     1                 .Lline_table_start0
            5aaa             5aaa        0     1                 $d
            af89             af89    1c8cd     1         C:\Users\Magnus\.rustup\toolchains\nightly-x86_64-pc-windows-msvc\lib\rustlib\riscv64gc-unknown-none-elf\lib\libcore-6873ca3f970f9a34.rlib(core-6873ca3f970f9a34.core.d22cbba136389eb0-cgu.0.rcgu.o):(.debug_line)
            af89             af89        0     1                 .Lline_table_start0
            af89             af89        0     1                 $d
           27856            27856      410     1         C:\Users\Magnus\.rustup\toolchains\nightly-x86_64-pc-windows-msvc\lib\rustlib\riscv64gc-unknown-none-elf\lib\libcompiler_builtins-68e6dafd27578d1b.rlib(compiler_builtins-68e6dafd27578d1b.compiler_builtins.28f9de005c366824-cgu.158.rcgu.o):(.debug_line)
           27856            27856        0     1                 .Lline_table_start0
           27856            27856        0     1                 $d
           27b34            27b34        0     1                 .Lline_table_start1
           27c66            27c66      18a     1         C:\Users\Magnus\.rustup\toolchains\nightly-x86_64-pc-windows-msvc\lib\rustlib\riscv64gc-unknown-none-elf\lib\libcompiler_builtins-68e6dafd27578d1b.rlib(compiler_builtins-68e6dafd27578d1b.compiler_builtins.28f9de005c366824-cgu.207.rcgu.o):(.debug_line)
           27c66            27c66        0     1                 .Lline_table_start0
           27c66            27c66        0     1                 $d
           27d55            27d55        0     1                 .Lline_table_start1
           27df0            27df0       72     1         C:\Users\Magnus\.rustup\toolchains\nightly-x86_64-pc-windows-msvc\lib\rustlib\riscv64gc-unknown-none-elf\lib\libcompiler_builtins-68e6dafd27578d1b.rlib(compiler_builtins-68e6dafd27578d1b.compiler_builtins.28f9de005c366824-cgu.210.rcgu.o):(.debug_line)
           27df0            27df0        0     1                 .Lline_table_start0
           27df0            27df0        0     1                 $d
           27e62            27e62      b02     1         C:\Users\Magnus\.rustup\toolchains\nightly-x86_64-pc-windows-msvc\lib\rustlib\riscv64gc-unknown-none-elf\lib\libcompiler_builtins-68e6dafd27578d1b.rlib(compiler_builtins-68e6dafd27578d1b.compiler_builtins.28f9de005c366824-cgu.008.rcgu.o):(.debug_line)
           27e62            27e62        0     1                 .Lline_table_start0
           27e62            27e62        0     1                 $d
           28964            28964      4a4     1         C:\Users\Magnus\.rustup\toolchains\nightly-x86_64-pc-windows-msvc\lib\rustlib\riscv64gc-unknown-none-elf\lib\libcompiler_builtins-68e6dafd27578d1b.rlib(compiler_builtins-68e6dafd27578d1b.compiler_builtins.28f9de005c366824-cgu.223.rcgu.o):(.debug_line)
           28964            28964        0     1                 .Lline_table_start0
           28964            28964        0     1                 $d
           28c14            28c14        0     1                 .Lline_table_start1
           28d5e            28d5e        0     1                 .Lline_table_start2
           28e08            28e08      11c     1         C:\Users\Magnus\.rustup\toolchains\nightly-x86_64-pc-windows-msvc\lib\rustlib\riscv64gc-unknown-none-elf\lib\libcompiler_builtins-68e6dafd27578d1b.rlib(compiler_builtins-68e6dafd27578d1b.compiler_builtins.28f9de005c366824-cgu.247.rcgu.o):(.debug_line)
           28e08            28e08        0     1                 .Lline_table_start0
           28e08            28e08        0     1                 $d
           28ec9            28ec9        0     1                 .Lline_table_start1
           28f24            28f24      7d7     1         C:\Users\Magnus\.rustup\toolchains\nightly-x86_64-pc-windows-msvc\lib\rustlib\riscv64gc-unknown-none-elf\lib\libcompiler_builtins-68e6dafd27578d1b.rlib(compiler_builtins-68e6dafd27578d1b.compiler_builtins.28f9de005c366824-cgu.013.rcgu.o):(.debug_line)
           28f24            28f24        0     1                 .Lline_table_start0
           28f24            28f24        0     1                 $d
           296fb            296fb       72     1         C:\Users\Magnus\.rustup\toolchains\nightly-x86_64-pc-windows-msvc\lib\rustlib\riscv64gc-unknown-none-elf\lib\libcompiler_builtins-68e6dafd27578d1b.rlib(compiler_builtins-68e6dafd27578d1b.compiler_builtins.28f9de005c366824-cgu.323.rcgu.o):(.debug_line)
           296fb            296fb        0     1                 .Lline_table_start0
           296fb            296fb        0     1                 $d
           2976d            2976d      2fa     1         C:\Users\Magnus\.rustup\toolchains\nightly-x86_64-pc-windows-msvc\lib\rustlib\riscv64gc-unknown-none-elf\lib\libcompiler_builtins-68e6dafd27578d1b.rlib(compiler_builtins-68e6dafd27578d1b.compiler_builtins.28f9de005c366824-cgu.343.rcgu.o):(.debug_line)
           2976d            2976d        0     1                 .Lline_table_start0
           2976d            2976d        0     1                 $d
           2995c            2995c        0     1                 .Lline_table_start1
           29a67            29a67      179     1         C:\Users\Magnus\.rustup\toolchains\nightly-x86_64-pc-windows-msvc\lib\rustlib\riscv64gc-unknown-none-elf\lib\libcompiler_builtins-68e6dafd27578d1b.rlib(compiler_builtins-68e6dafd27578d1b.compiler_builtins.28f9de005c366824-cgu.350.rcgu.o):(.debug_line)
           29a67            29a67        0     1                 .Lline_table_start0
           29a67            29a67        0     1                 $d
           29b45            29b45        0     1                 .Lline_table_start1
               0                0    2f850     8 .symtab
               0                0    2f850     8         <internal>:(.symtab)
               0                0       bf     1 .shstrtab
               0                0       bf     1         <internal>:(.shstrtab)
               0                0     eb48     1 .strtab
               0                0     eb48     1         <internal>:(.strtab)
