             VMA              LMA     Size Align Out     In      Symbol
               0                0        0     1 KERNEL_LOAD_ADDR = 0x80200000
        80200000         80200000     6026  4096 .text
        80200000         80200000        0     1         __text_start = .
        80200000         80200000       48     1         D:\rust\bogokernel\target\riscv64gc-unknown-none-elf\debug\deps\kernel-5b83ab333134c29e.5kyxxuo75eest9wywbejskmoi.0nth61u.rcgu.o:(.text.entry)
        80200000         80200000        0     1                 .Lpcrel_hi0
        80200000         80200000        0     1                 $x
        80200000         80200000        0     1                 _start
        80200022         80200022        0     1                 .Lpcrel_hi1
        8020002a         8020002a        0     1                 .Lpcrel_hi2
        8020003e         8020003e        0     1                 .Lpcrel_hi3
        80200048         80200048       80     1         D:\rust\bogokernel\target\riscv64gc-unknown-none-elf\debug\deps\kernel-5b83ab333134c29e.5kyxxuo75eest9wywbejskmoi.0nth61u.rcgu.o:(.text.trap)
        80200048         80200048        0     1                 $x
        80200048         80200048        0     1                 __trap_entry
        802000c8         802000c8      19a     2         D:\rust\bogokernel\target\riscv64gc-unknown-none-elf\debug\deps\kernel-5b83ab333134c29e.5kyxxuo75eest9wywbejskmoi.0nth61u.rcgu.o:(.text._ZN61_$LT$riscv_pac..result..Error$u20$as$u20$core..fmt..Debug$GT$3fmt17h04c61a78f846b018E)
        802000c8         802000c8      19a     1                 _$LT$riscv_pac..result..Error$u20$as$u20$core..fmt..Debug$GT$::fmt::h04c61a78f846b018
        802000c8         802000c8        0     1                 .L0 
        802000c8         802000c8        0     1                 .L0 
        802000c8         802000c8        0     1                 $x
        802000c8         802000c8        0     1                 .L0 
        802000d0         802000d0        0     1                 .Lpcrel_hi4
        802000e2         802000e2        0     1                 .L0 
        802000ee         802000ee        0     1                 .Lpcrel_hi5
        802000ee         802000ee        0     1                 .L0 
        802000ee         802000ee        0     1                 .L0 
        802000f8         802000f8        0     1                 .Lpcrel_hi6
        802000fc         802000fc        0     1                 .Lpcrel_hi7
        80200100         80200100        0     1                 .Lpcrel_hi8
        80200104         80200104        0     1                 .Lpcrel_hi9
        80200108         80200108        0     1                 .Lpcrel_hi10
        80200138         80200138        0     1                 .L0 
        80200138         80200138        0     1                 .L0 
        8020013c         8020013c        0     1                 .Lpcrel_hi28
        8020013c         8020013c        0     1                 .L0 
        80200140         80200140        0     1                 .Lpcrel_hi29
        80200158         80200158        0     1                 .L0 
        8020015a         8020015a        0     1                 .L0 
        8020015a         8020015a        0     1                 .L0 
        80200162         80200162        0     1                 .Lpcrel_hi18
        80200162         80200162        0     1                 .L0 
        80200162         80200162        0     1                 .L0 
        8020016c         8020016c        0     1                 .Lpcrel_hi19
        80200170         80200170        0     1                 .Lpcrel_hi20
        80200174         80200174        0     1                 .Lpcrel_hi21
        80200178         80200178        0     1                 .Lpcrel_hi22
        80200196         80200196        0     1                 .L0 
        80200196         80200196        0     1                 .L0 
        8020019e         8020019e        0     1                 .Lpcrel_hi23
        8020019e         8020019e        0     1                 .L0 
        802001a8         802001a8        0     1                 .Lpcrel_hi24
        802001ac         802001ac        0     1                 .Lpcrel_hi25
        802001b0         802001b0        0     1                 .Lpcrel_hi26
        802001b4         802001b4        0     1                 .Lpcrel_hi27
        802001de         802001de        0     1                 .L0 
        802001e0         802001e0        0     1                 .L0 
        802001e0         802001e0        0     1                 .L0 
        802001ec         802001ec        0     1                 .Lpcrel_hi11
        802001ec         802001ec        0     1                 .L0 
        802001f6         802001f6        0     1                 .Lpcrel_hi12
        802001fa         802001fa        0     1                 .Lpcrel_hi13
        80200200         80200200        0     1                 .Lpcrel_hi14
        80200204         80200204        0     1                 .Lpcrel_hi15
        80200208         80200208        0     1                 .Lpcrel_hi16
        8020020c         8020020c        0     1                 .Lpcrel_hi17
        8020024c         8020024c        0     1                 .L0 
        8020024c         8020024c        0     1                 .Lpcrel_hi30
        80200262         80200262        0     1                 .L0 
        80200262         80200262       2a     2         D:\rust\bogokernel\target\riscv64gc-unknown-none-elf\debug\deps\kernel-5b83ab333134c29e.5kyxxuo75eest9wywbejskmoi.0nth61u.rcgu.o:(.text._ZN4core3fmt3num52_$LT$impl$u20$core..fmt..Debug$u20$for$u20$usize$GT$3fmt17h2d675aedec41fdc4E)
        80200262         80200262       2a     1                 core::fmt::num::_$LT$impl$u20$core..fmt..Debug$u20$for$u20$usize$GT$::fmt::h2d675aedec41fdc4
        80200262         80200262        0     1                 .L0 
        80200262         80200262        0     1                 .L0 
        80200262         80200262        0     1                 $x
        80200262         80200262        0     1                 .L0 
        80200266         80200266        0     1                 .L0 
        8020026e         8020026e        0     1                 .L0 
        80200274         80200274        0     1                 .L0 
        8020028c         8020028c        0     1                 .L0 
        8020028c         8020028c      894     2         D:\rust\bogokernel\target\riscv64gc-unknown-none-elf\debug\deps\kernel-5b83ab333134c29e.5kyxxuo75eest9wywbejskmoi.0nth61u.rcgu.o:(.text.rust_trap)
        8020028c         8020028c        0     1                 .L0 
        8020028c         8020028c        0     1                 .L0 
        8020028c         8020028c        0     1                 $x
        8020028c         8020028c        0     1                 .L0 
        8020028c         8020028c      894     1                 rust_trap
        8020029a         8020029a        0     1                 .L0 
        8020029e         8020029e        0     1                 .L0 
        802002a6         802002a6        0     1                 .L0 
        802002a6         802002a6        0     1                 .L0 
        802002aa         802002aa        0     1                 .L0 
        802002ae         802002ae        0     1                 .L0 
        802002ae         802002ae        0     1                 .L0 
        802002b2         802002b2        0     1                 .L0 
        802002c6         802002c6        0     1                 .L0 
        802002ca         802002ca        0     1                 .L0 
        802002ca         802002ca        0     1                 .L0 
        802002ce         802002ce        0     1                 .L0 
        802002ce         802002ce        0     1                 .L0 
        802002d4         802002d4        0     1                 .L0 
        802002d4         802002d4        0     1                 .L0 
        802002d8         802002d8        0     1                 .L0 
        802002d8         802002d8        0     1                 .L0 
        802002dc         802002dc        0     1                 .L0 
        802002ec         802002ec        0     1                 .L0 
        802002f2         802002f2        0     1                 .L0 
        802002f2         802002f2        0     1                 .L0 
        802002fa         802002fa        0     1                 .L0 
        802002fa         802002fa        0     1                 .L0 
        802002fe         802002fe        0     1                 .L0 
        802002fe         802002fe        0     1                 .L0 
        80200304         80200304        0     1                 .L0 
        80200306         80200306        0     1                 .L0 
        8020030a         8020030a        0     1                 .L0 
        80200318         80200318        0     1                 .Lpcrel_hi47
        80200326         80200326        0     1                 .L0 
        80200326         80200326        0     1                 .L0 
        80200326         80200326        0     1                 .L0 
        80200328         80200328        0     1                 .L0 
        8020032e         8020032e        0     1                 .L0 
        80200332         80200332        0     1                 .L0 
        80200332         80200332        0     1                 .L0 
        80200336         80200336        0     1                 .L0 
        80200344         80200344        0     1                 .L0 
        80200344         80200344        0     1                 .L0 
        80200348         80200348        0     1                 .L0 
        8020034e         8020034e        0     1                 .L0 
        80200352         80200352        0     1                 .L0 
        80200352         80200352        0     1                 .L0 
        80200354         80200354        0     1                 .L0 
        8020035a         8020035a        0     1                 .L0 
        8020035e         8020035e        0     1                 .L0 
        8020035e         8020035e        0     1                 .L0 
        80200362         80200362        0     1                 .L0 
        80200368         80200368        0     1                 .L0 
        80200368         80200368        0     1                 .L0 
        8020036c         8020036c        0     1                 .L0 
        80200370         80200370        0     1                 .L0 
        80200376         80200376        0     1                 .L0 
        80200376         80200376        0     1                 .L0 
        8020037a         8020037a        0     1                 .L0 
        8020037e         8020037e        0     1                 .L0 
        80200384         80200384        0     1                 .L0 
        80200386         80200386        0     1                 .L0 
        80200388         80200388        0     1                 .L0 
        80200388         80200388        0     1                 .L0 
        8020038c         8020038c        0     1                 .L0 
        80200394         80200394        0     1                 .L0 
        80200394         80200394        0     1                 .L0 
        80200396         80200396        0     1                 .L0 
        8020039a         8020039a        0     1                 .L0 
        8020039a         8020039a        0     1                 .L0 
        802003a4         802003a4        0     1                 .L0 
        802003a4         802003a4        0     1                 .L0 
        802003a8         802003a8        0     1                 .L0 
        802003a8         802003a8        0     1                 .L0 
        802003ba         802003ba        0     1                 .L0 
        802003bc         802003bc        0     1                 .L0 
        802003c0         802003c0        0     1                 .L0 
        802003c4         802003c4        0     1                 .L0 
        802003c4         802003c4        0     1                 .Lpcrel_hi34
        802003d2         802003d2        0     1                 .L0 
        802003d8         802003d8        0     1                 .Lpcrel_hi36
        802003d8         802003d8        0     1                 .L0 
        802003e0         802003e0        0     1                 .Lpcrel_hi37
        802003e8         802003e8        0     1                 .L0 
        802003f4         802003f4        0     1                 .L0 
        802003f6         802003f6        0     1                 .L0 
        802003f6         802003f6        0     1                 .L0 
        802003fa         802003fa        0     1                 .L0 
        802003fc         802003fc        0     1                 .Lpcrel_hi39
        80200400         80200400        0     1                 .Lpcrel_hi40
        80200400         80200400        0     1                 .L0 
        80200408         80200408        0     1                 .L0 
        80200412         80200412        0     1                 .L0 
        80200412         80200412        0     1                 .L0 
        80200420         80200420        0     1                 .Lpcrel_hi41
        80200436         80200436        0     1                 .L0 
        80200436         80200436        0     1                 .L0 
        8020043e         8020043e        0     1                 .Lpcrel_hi42
        8020043e         8020043e        0     1                 .L0 
        80200444         80200444        0     1                 .Lpcrel_hi43
        8020044a         8020044a        0     1                 .L0 
        8020044a         8020044a        0     1                 .Lpcrel_hi44
        80200450         80200450        0     1                 .L0 
        80200456         80200456        0     1                 .L0 
        8020045e         8020045e        0     1                 .L0 
        80200460         80200460        0     1                 .L0 
        80200464         80200464        0     1                 .L0 
        80200472         80200472        0     1                 .L0 
        80200474         80200474        0     1                 .L0 
        80200474         80200474        0     1                 .Lpcrel_hi45
        8020048c         8020048c        0     1                 .Lpcrel_hi46
        802004a0         802004a0        0     1                 .L0 
        802004a0         802004a0        0     1                 .L0 
        802004a6         802004a6        0     1                 .L0 
        802004a6         802004a6        0     1                 .L0 
        802004ac         802004ac        0     1                 .L0 
        802004ac         802004ac        0     1                 .L0 
        802004b0         802004b0        0     1                 .L0 
        802004b6         802004b6        0     1                 .Lpcrel_hi31
        802004b6         802004b6        0     1                 .L0 
        802004ba         802004ba        0     1                 .Lpcrel_hi32
        802004be         802004be        0     1                 .Lpcrel_hi33
        802004dc         802004dc        0     1                 .L0 
        802004dc         802004dc        0     1                 .L0 
        802004ea         802004ea        0     1                 .L0 
        802004ea         802004ea        0     1                 .L0 
        802004ea         802004ea        0     1                 .L0 
        802004f0         802004f0        0     1                 .L0 
        802004fa         802004fa        0     1                 .L0 
        802004fa         802004fa        0     1                 .L0 
        802004fe         802004fe        0     1                 .L0 
        80200504         80200504        0     1                 .L0 
        80200504         80200504        0     1                 .L0 
        80200508         80200508        0     1                 .L0 
        80200516         80200516        0     1                 .L0 
        8020051a         8020051a        0     1                 .L0 
        80200522         80200522        0     1                 .L0 
        80200522         80200522        0     1                 .L0 
        80200526         80200526        0     1                 .L0 
        8020052c         8020052c        0     1                 .L0 
        8020052c         8020052c        0     1                 .L0 
        80200530         80200530        0     1                 .L0 
        80200534         80200534        0     1                 .L0 
        8020053a         8020053a        0     1                 .L0 
        8020053a         8020053a        0     1                 .L0 
        8020053c         8020053c        0     1                 .L0 
        80200540         80200540        0     1                 .L0 
        80200540         80200540        0     1                 .L0 
        80200544         80200544        0     1                 .L0 
        80200544         80200544        0     1                 .L0 
        80200546         80200546        0     1                 .L0 
        8020054a         8020054a        0     1                 .L0 
        8020054a         8020054a        0     1                 .L0 
        8020054e         8020054e        0     1                 .L0 
        8020054e         8020054e        0     1                 .L0 
        8020054e         8020054e        0     1                 .L0 
        80200550         80200550        0     1                 .L0 
        80200550         80200550        0     1                 .Lpcrel_hi70
        80200568         80200568        0     1                 .L0 
        8020056c         8020056c        0     1                 .L0 
        8020056c         8020056c        0     1                 .L0 
        80200570         80200570        0     1                 .L0 
        80200574         80200574        0     1                 .L0 
        80200578         80200578        0     1                 .L0 
        80200580         80200580        0     1                 .L0 
        80200590         80200590        0     1                 .L0 
        8020059e         8020059e        0     1                 .L0 
        802005aa         802005aa        0     1                 .L0 
        802005aa         802005aa        0     1                 .L0 
        802005ac         802005ac        0     1                 .L0 
        802005b0         802005b0        0     1                 .L0 
        802005b4         802005b4        0     1                 .L0 
        802005b8         802005b8        0     1                 .L0 
        802005bc         802005bc        0     1                 .L0 
        802005bc         802005bc        0     1                 .L0 
        802005be         802005be        0     1                 .L0 
        802005be         802005be        0     1                 .L0 
        802005c2         802005c2        0     1                 .Lpcrel_hi48
        802005c2         802005c2        0     1                 .L0 
        802005c6         802005c6        0     1                 .Lpcrel_hi49
        802005c6         802005c6        0     1                 .L0 
        802005ce         802005ce        0     1                 .L0 
        802005d8         802005d8        0     1                 .L0 
        802005e6         802005e6        0     1                 .Lpcrel_hi50
        802005fc         802005fc        0     1                 .L0 
        802005fe         802005fe        0     1                 .L0 
        80200602         80200602        0     1                 .L0 
        80200604         80200604        0     1                 .L0 
        80200604         80200604        0     1                 .L0 
        80200604         80200604        0     1                 .L0 
        80200606         80200606        0     1                 .Lpcrel_hi51
        80200616         80200616        0     1                 .L0 
        80200618         80200618        0     1                 .L0 
        80200618         80200618        0     1                 .L0 
        8020061a         8020061a        0     1                 .L0 
        8020061c         8020061c        0     1                 .L0 
        8020062c         8020062c        0     1                 .L0 
        8020062c         8020062c        0     1                 .L0 
        8020062e         8020062e        0     1                 .L0 
        80200632         80200632        0     1                 .L0 
        8020063a         8020063a        0     1                 .L0 
        80200644         80200644        0     1                 .L0 
        80200644         80200644        0     1                 .L0 
        80200648         80200648        0     1                 .L0 
        8020064e         8020064e        0     1                 .L0 
        8020064e         8020064e        0     1                 .L0 
        80200652         80200652        0     1                 .L0 
        8020065a         8020065a        0     1                 .L0 
        8020065e         8020065e        0     1                 .L0 
        8020065e         8020065e        0     1                 .L0 
        80200662         80200662        0     1                 .L0 
        80200666         80200666        0     1                 .L0 
        8020066a         8020066a        0     1                 .L0 
        80200672         80200672        0     1                 .L0 
        80200676         80200676        0     1                 .L0 
        80200676         80200676        0     1                 .L0 
        8020067c         8020067c        0     1                 .L0 
        80200684         80200684        0     1                 .L0 
        80200684         80200684        0     1                 .L0 
        8020068a         8020068a        0     1                 .L0 
        8020068a         8020068a        0     1                 .L0 
        8020068a         8020068a        0     1                 .L0 
        8020068c         8020068c        0     1                 .L0 
        8020068c         8020068c        0     1                 .L0 
        80200690         80200690        0     1                 .L0 
        80200690         80200690        0     1                 .L0 
        80200692         80200692        0     1                 .L0 
        80200692         80200692        0     1                 .L0 
        80200696         80200696        0     1                 .L0 
        80200698         80200698        0     1                 .L0 
        80200698         80200698        0     1                 .L0 
        802006a2         802006a2        0     1                 .L0 
        802006a2         802006a2        0     1                 .L0 
        802006b2         802006b2        0     1                 .L0 
        802006b2         802006b2        0     1                 .L0 
        802006b6         802006b6        0     1                 .L0 
        802006b6         802006b6        0     1                 .L0 
        802006bc         802006bc        0     1                 .L0 
        802006bc         802006bc        0     1                 .Lpcrel_hi65
        802006d4         802006d4        0     1                 .L0 
        802006d8         802006d8        0     1                 .L0 
        802006d8         802006d8        0     1                 .L0 
        802006dc         802006dc        0     1                 .L0 
        802006e0         802006e0        0     1                 .L0 
        802006e4         802006e4        0     1                 .L0 
        802006e4         802006e4        0     1                 .L0 
        802006ea         802006ea        0     1                 .L0 
        802006ee         802006ee        0     1                 .L0 
        802006f0         802006f0        0     1                 .L0 
        802006f2         802006f2        0     1                 .L0 
        802006f2         802006f2        0     1                 .L0 
        802006f8         802006f8        0     1                 .L0 
        802006f8         802006f8        0     1                 .L0 
        8020070a         8020070a        0     1                 .L0 
        80200714         80200714        0     1                 .L0 
        80200714         80200714        0     1                 .L0 
        8020071c         8020071c        0     1                 .L0 
        8020071c         8020071c        0     1                 .L0 
        80200720         80200720        0     1                 .L0 
        80200720         80200720        0     1                 .L0 
        80200722         80200722        0     1                 .L0 
        80200722         80200722        0     1                 .L0 
        80200728         80200728        0     1                 .L0 
        80200728         80200728        0     1                 .Lpcrel_hi55
        8020072c         8020072c        0     1                 .L0 
        8020072c         8020072c        0     1                 .Lpcrel_hi56
        80200734         80200734        0     1                 .L0 
        8020073e         8020073e        0     1                 .L0 
        8020074c         8020074c        0     1                 .Lpcrel_hi57
        80200766         80200766        0     1                 .L0 
        80200766         80200766        0     1                 .L0 
        8020076a         8020076a        0     1                 .L0 
        8020076e         8020076e        0     1                 .L0 
        80200772         80200772        0     1                 .L0 
        80200772         80200772        0     1                 .Lpcrel_hi58
        80200772         80200772        0     1                 .L0 
        80200788         80200788        0     1                 .L0 
        80200788         80200788        0     1                 .L0 
        8020078a         8020078a        0     1                 .L0 
        80200790         80200790        0     1                 .L0 
        80200790         80200790        0     1                 .L0 
        80200794         80200794        0     1                 .L0 
        80200794         80200794        0     1                 .Lpcrel_hi59
        80200794         80200794        0     1                 .L0 
        802007b2         802007b2        0     1                 .L0 
        802007b2         802007b2        0     1                 .L0 
        802007b6         802007b6        0     1                 .L0 
        802007b6         802007b6        0     1                 .L0 
        802007be         802007be        0     1                 .L0 
        802007be         802007be        0     1                 .L0 
        802007c0         802007c0        0     1                 .L0 
        802007c4         802007c4        0     1                 .L0 
        802007c4         802007c4        0     1                 .L0 
        802007ca         802007ca        0     1                 .L0 
        802007ca         802007ca        0     1                 .L0 
        802007ce         802007ce        0     1                 .L0 
        802007d2         802007d2        0     1                 .Lpcrel_hi66
        802007de         802007de        0     1                 .L0 
        802007e2         802007e2        0     1                 .L0 
        802007e2         802007e2        0     1                 .L0 
        802007e6         802007e6        0     1                 .L0 
        802007f4         802007f4        0     1                 .L0 
        802007f4         802007f4        0     1                 .L0 
        802007f8         802007f8        0     1                 .L0 
        802007fe         802007fe        0     1                 .L0 
        80200806         80200806        0     1                 .L0 
        8020080a         8020080a        0     1                 .L0 
        8020080a         8020080a        0     1                 .L0 
        8020080e         8020080e        0     1                 .L0 
        8020080e         8020080e        0     1                 .L0 
        8020081a         8020081a        0     1                 .L0 
        8020081e         8020081e        0     1                 .L0 
        80200820         80200820        0     1                 .L0 
        80200820         80200820        0     1                 .L0 
        8020082c         8020082c        0     1                 .L0 
        80200836         80200836        0     1                 .L0 
        80200836         80200836        0     1                 .L0 
        80200838         80200838        0     1                 .L0 
        80200838         80200838        0     1                 .L0 
        80200840         80200840        0     1                 .L0 
        80200840         80200840        0     1                 .L0 
        80200842         80200842        0     1                 .L0 
        80200842         80200842        0     1                 .L0 
        80200846         80200846        0     1                 .Lpcrel_hi61
        80200856         80200856        0     1                 .L0 
        80200860         80200860        0     1                 .L0 
        80200860         80200860        0     1                 .L0 
        80200864         80200864        0     1                 .L0 
        80200864         80200864        0     1                 .L0 
        80200868         80200868        0     1                 .L0 
        80200868         80200868        0     1                 .L0 
        8020086c         8020086c        0     1                 .L0 
        8020086c         8020086c        0     1                 .L0 
        80200872         80200872        0     1                 .L0 
        80200872         80200872        0     1                 .L0 
        80200874         80200874        0     1                 .L0 
        80200878         80200878        0     1                 .L0 
        80200878         80200878        0     1                 .L0 
        8020087c         8020087c        0     1                 .L0 
        8020087c         8020087c        0     1                 .L0 
        80200880         80200880        0     1                 .L0 
        80200886         80200886        0     1                 .L0 
        80200886         80200886        0     1                 .L0 
        8020088a         8020088a        0     1                 .L0 
        8020088e         8020088e        0     1                 .L0 
        80200894         80200894        0     1                 .L0 
        80200896         80200896        0     1                 .L0 
        80200898         80200898        0     1                 .L0 
        80200898         80200898        0     1                 .L0 
        8020089c         8020089c        0     1                 .L0 
        802008a4         802008a4        0     1                 .L0 
        802008a4         802008a4        0     1                 .Lpcrel_hi60
        802008a4         802008a4        0     1                 .L0 
        802008be         802008be        0     1                 .L0 
        802008be         802008be        0     1                 .L0 
        802008c2         802008c2        0     1                 .L0 
        802008c2         802008c2        0     1                 .L0 
        802008c6         802008c6        0     1                 .L0 
        802008ca         802008ca        0     1                 .L0 
        802008cc         802008cc        0     1                 .L0 
        802008cc         802008cc        0     1                 .L0 
        802008d4         802008d4        0     1                 .L0 
        802008d4         802008d4        0     1                 .L0 
        802008d6         802008d6        0     1                 .L0 
        802008e0         802008e0        0     1                 .L0 
        802008e4         802008e4        0     1                 .L0 
        802008e4         802008e4        0     1                 .L0 
        802008f0         802008f0        0     1                 .L0 
        802008fc         802008fc        0     1                 .L0 
        80200902         80200902        0     1                 .L0 
        80200902         80200902        0     1                 .L0 
        8020090c         8020090c        0     1                 .L0 
        80200910         80200910        0     1                 .L0 
        80200910         80200910        0     1                 .L0 
        80200914         80200914        0     1                 .Lpcrel_hi63
        80200926         80200926        0     1                 .L0 
        80200930         80200930        0     1                 .L0 
        80200930         80200930        0     1                 .L0 
        80200934         80200934        0     1                 .L0 
        80200934         80200934        0     1                 .L0 
        80200938         80200938        0     1                 .L0 
        80200938         80200938        0     1                 .L0 
        8020093c         8020093c        0     1                 .L0 
        8020093c         8020093c        0     1                 .L0 
        80200942         80200942        0     1                 .L0 
        80200942         80200942        0     1                 .L0 
        80200944         80200944        0     1                 .L0 
        80200948         80200948        0     1                 .L0 
        80200948         80200948        0     1                 .L0 
        8020094c         8020094c        0     1                 .L0 
        8020094c         8020094c        0     1                 .L0 
        80200950         80200950        0     1                 .L0 
        80200956         80200956        0     1                 .L0 
        80200956         80200956        0     1                 .L0 
        8020095a         8020095a        0     1                 .L0 
        8020095e         8020095e        0     1                 .L0 
        80200964         80200964        0     1                 .L0 
        80200966         80200966        0     1                 .L0 
        80200968         80200968        0     1                 .L0 
        80200968         80200968        0     1                 .L0 
        8020096c         8020096c        0     1                 .L0 
        80200974         80200974        0     1                 .L0 
        80200974         80200974        0     1                 .L0 
        80200978         80200978        0     1                 .Lpcrel_hi62
        8020098a         8020098a        0     1                 .L0 
        80200994         80200994        0     1                 .L0 
        80200994         80200994        0     1                 .L0 
        80200998         80200998        0     1                 .L0 
        80200998         80200998        0     1                 .L0 
        8020099c         8020099c        0     1                 .L0 
        8020099c         8020099c        0     1                 .L0 
        802009a0         802009a0        0     1                 .L0 
        802009a4         802009a4        0     1                 .L0 
        802009a8         802009a8        0     1                 .L0 
        802009ac         802009ac        0     1                 .L0 
        802009ac         802009ac        0     1                 .L0 
        802009b0         802009b0        0     1                 .L0 
        802009b0         802009b0        0     1                 .L0 
        802009b4         802009b4        0     1                 .L0 
        802009ba         802009ba        0     1                 .L0 
        802009ba         802009ba        0     1                 .L0 
        802009be         802009be        0     1                 .L0 
        802009c2         802009c2        0     1                 .L0 
        802009c8         802009c8        0     1                 .L0 
        802009ca         802009ca        0     1                 .L0 
        802009cc         802009cc        0     1                 .L0 
        802009cc         802009cc        0     1                 .L0 
        802009d0         802009d0        0     1                 .L0 
        802009d8         802009d8        0     1                 .L0 
        802009d8         802009d8        0     1                 .L0 
        802009e2         802009e2        0     1                 .L0 
        802009e8         802009e8        0     1                 .L0 
        802009fa         802009fa        0     1                 .L0 
        802009fa         802009fa        0     1                 .L0 
        802009fc         802009fc        0     1                 .L0 
        802009fc         802009fc        0     1                 .L0 
        80200a00         80200a00        0     1                 .L0 
        80200a00         80200a00        0     1                 .L0 
        80200a04         80200a04        0     1                 .L0 
        80200a04         80200a04        0     1                 .L0 
        80200a16         80200a16        0     1                 .L0 
        80200a1e         80200a1e        0     1                 .L0 
        80200a24         80200a24        0     1                 .L0 
        80200a26         80200a26        0     1                 .L0 
        80200a2e         80200a2e        0     1                 .L0 
        80200a32         80200a32        0     1                 .L0 
        80200a32         80200a32        0     1                 .L0 
        80200a36         80200a36        0     1                 .L0 
        80200a3a         80200a3a        0     1                 .L0 
        80200a3e         80200a3e        0     1                 .L0 
        80200a44         80200a44        0     1                 .L0 
        80200a56         80200a56        0     1                 .L0 
        80200a58         80200a58        0     1                 .L0 
        80200a68         80200a68        0     1                 .L0 
        80200a76         80200a76        0     1                 .L0 
        80200a76         80200a76        0     1                 .L0 
        80200a78         80200a78        0     1                 .L0 
        80200a78         80200a78        0     1                 .Lpcrel_hi68
        80200a78         80200a78        0     1                 .L0 
        80200a84         80200a84        0     1                 .L0 
        80200a86         80200a86        0     1                 .L0 
        80200a90         80200a90        0     1                 .L0 
        80200a98         80200a98        0     1                 .L0 
        80200a98         80200a98        0     1                 .Lpcrel_hi69
        80200aac         80200aac        0     1                 .L0 
        80200aac         80200aac        0     1                 .Lpcrel_hi53
        80200abc         80200abc        0     1                 .L0 
        80200abc         80200abc        0     1                 .Lpcrel_hi35
        80200acc         80200acc        0     1                 .Lpcrel_hi38
        80200adc         80200adc        0     1                 .L0 
        80200adc         80200adc        0     1                 .Lpcrel_hi52
        80200aec         80200aec        0     1                 .L0 
        80200aec         80200aec        0     1                 .Lpcrel_hi54
        80200afc         80200afc        0     1                 .L0 
        80200afc         80200afc        0     1                 .Lpcrel_hi64
        80200b0c         80200b0c        0     1                 .L0 
        80200b0c         80200b0c        0     1                 .Lpcrel_hi67
        80200b20         80200b20        0     1                 .L0 
        80200b20         80200b20        0     1                 .L0 
        80200b20         80200b20       48     2         D:\rust\bogokernel\target\riscv64gc-unknown-none-elf\debug\deps\kernel-5b83ab333134c29e.5kyxxuo75eest9wywbejskmoi.0nth61u.rcgu.o:(.text._ZN72_$LT$riscv..interrupt..Trap$LT$I$C$E$GT$$u20$as$u20$core..fmt..Debug$GT$3fmt17hdea383832dfbc9d7E)
        80200b20         80200b20       48     1                 _$LT$riscv..interrupt..Trap$LT$I$C$E$GT$$u20$as$u20$core..fmt..Debug$GT$::fmt::hdea383832dfbc9d7
        80200b20         80200b20        0     1                 .L0 
        80200b20         80200b20        0     1                 .L0 
        80200b20         80200b20        0     1                 $x
        80200b20         80200b20        0     1                 .L0 
        80200b26         80200b26        0     1                 .L0 
        80200b2c         80200b2c        0     1                 .L0 
        80200b2e         80200b2e        0     1                 .Lpcrel_hi71
        80200b2e         80200b2e        0     1                 .L0 
        80200b2e         80200b2e        0     1                 .L0 
        80200b32         80200b32        0     1                 .Lpcrel_hi72
        80200b42         80200b42        0     1                 .L0 
        80200b44         80200b44        0     1                 .Lpcrel_hi73
        80200b44         80200b44        0     1                 .L0 
        80200b48         80200b48        0     1                 .Lpcrel_hi74
        80200b68         80200b68        0     1                 .L0 
        80200b68         80200b68       70     2         D:\rust\bogokernel\target\riscv64gc-unknown-none-elf\debug\deps\kernel-5b83ab333134c29e.5kyxxuo75eest9wywbejskmoi.0nth61u.rcgu.o:(.text.after_user)
        80200b68         80200b68        0     1                 .L0 
        80200b68         80200b68        0     1                 .L0 
        80200b68         80200b68        0     1                 $x
        80200b68         80200b68        0     1                 .L0 
        80200b68         80200b68       70     1                 after_user
        80200b6a         80200b6a        0     1                 .L0 
        80200b72         80200b72        0     1                 .Lpcrel_hi75
        80200b82         80200b82        0     1                 .L0 
        80200b82         80200b82        0     1                 .L0 
        80200b8c         80200b8c        0     1                 .L0 
        80200b90         80200b90        0     1                 .L0 
        80200b90         80200b90        0     1                 .L0 
        80200b94         80200b94        0     1                 .L0 
        80200b94         80200b94        0     1                 .L0 
        80200b98         80200b98        0     1                 .L0 
        80200b9c         80200b9c        0     1                 .L0 
        80200b9c         80200b9c        0     1                 .L0 
        80200ba2         80200ba2        0     1                 .L0 
        80200ba4         80200ba4        0     1                 .L0 
        80200ba8         80200ba8        0     1                 .L0 
        80200ba8         80200ba8        0     1                 .L0 
        80200bac         80200bac        0     1                 .L0 
        80200bac         80200bac        0     1                 .L0 
        80200bb0         80200bb0        0     1                 .L0 
        80200bb6         80200bb6        0     1                 .L0 
        80200bb6         80200bb6        0     1                 .L0 
        80200bba         80200bba        0     1                 .L0 
        80200bbe         80200bbe        0     1                 .L0 
        80200bc6         80200bc6        0     1                 .L0 
        80200bc6         80200bc6        0     1                 .L0 
        80200bca         80200bca        0     1                 .L0 
        80200bd2         80200bd2        0     1                 .L0 
        80200bd2         80200bd2        0     1                 .L0 
        80200bd6         80200bd6        0     1                 .L0 
        80200bd8         80200bd8        0     1                 .L0 
        80200bd8         80200bd8     16a4     2         D:\rust\bogokernel\target\riscv64gc-unknown-none-elf\debug\deps\kernel-5b83ab333134c29e.5kyxxuo75eest9wywbejskmoi.0nth61u.rcgu.o:(.text.rust_start)
        80200bd8         80200bd8        0     1                 .L0 
        80200bd8         80200bd8        0     1                 .L0 
        80200bd8         80200bd8        0     1                 $x
        80200bd8         80200bd8        0     1                 .L0 
        80200bd8         80200bd8     16a4     1                 rust_start
        80200c12         80200c12        0     1                 .L0 
        80200c1a         80200c1a        0     1                 .Lpcrel_hi76
        80200c28         80200c28        0     1                 .L0 
        80200c28         80200c28        0     1                 .L0 
        80200c32         80200c32        0     1                 .L0 
        80200c36         80200c36        0     1                 .L0 
        80200c36         80200c36        0     1                 .L0 
        80200c3a         80200c3a        0     1                 .L0 
        80200c3a         80200c3a        0     1                 .L0 
        80200c3e         80200c3e        0     1                 .L0 
        80200c42         80200c42        0     1                 .L0 
        80200c42         80200c42        0     1                 .L0 
        80200c48         80200c48        0     1                 .L0 
        80200c4a         80200c4a        0     1                 .L0 
        80200c4e         80200c4e        0     1                 .L0 
        80200c4e         80200c4e        0     1                 .L0 
        80200c52         80200c52        0     1                 .L0 
        80200c52         80200c52        0     1                 .L0 
        80200c56         80200c56        0     1                 .L0 
        80200c5c         80200c5c        0     1                 .L0 
        80200c5c         80200c5c        0     1                 .L0 
        80200c60         80200c60        0     1                 .L0 
        80200c64         80200c64        0     1                 .L0 
        80200c6a         80200c6a        0     1                 .L0 
        80200c6c         80200c6c        0     1                 .L0 
        80200c6e         80200c6e        0     1                 .L0 
        80200c6e         80200c6e        0     1                 .L0 
        80200c72         80200c72        0     1                 .L0 
        80200c7a         80200c7a        0     1                 .L0 
        80200c7a         80200c7a        0     1                 .Lpcrel_hi77
        80200c7a         80200c7a        0     1                 .L0 
        80200c8e         80200c8e        0     1                 .L0 
        80200c90         80200c90        0     1                 .L0 
        80200c94         80200c94        0     1                 .L0 
        80200c96         80200c96        0     1                 .Lpcrel_hi79
        80200ca8         80200ca8        0     1                 .L0 
        80200cb2         80200cb2        0     1                 .L0 
        80200cb2         80200cb2        0     1                 .L0 
        80200cb6         80200cb6        0     1                 .L0 
        80200cb6         80200cb6        0     1                 .L0 
        80200cba         80200cba        0     1                 .L0 
        80200cba         80200cba        0     1                 .L0 
        80200cbe         80200cbe        0     1                 .L0 
        80200cc2         80200cc2        0     1                 .L0 
        80200cc2         80200cc2        0     1                 .L0 
        80200cc8         80200cc8        0     1                 .L0 
        80200cca         80200cca        0     1                 .L0 
        80200cce         80200cce        0     1                 .L0 
        80200cce         80200cce        0     1                 .L0 
        80200cd2         80200cd2        0     1                 .L0 
        80200cd2         80200cd2        0     1                 .L0 
        80200cd6         80200cd6        0     1                 .L0 
        80200cdc         80200cdc        0     1                 .L0 
        80200cdc         80200cdc        0     1                 .L0 
        80200ce0         80200ce0        0     1                 .L0 
        80200ce4         80200ce4        0     1                 .L0 
        80200cea         80200cea        0     1                 .L0 
        80200cec         80200cec        0     1                 .L0 
        80200cee         80200cee        0     1                 .L0 
        80200cee         80200cee        0     1                 .L0 
        80200cf2         80200cf2        0     1                 .L0 
        80200cfa         80200cfa        0     1                 .L0 
        80200cfa         80200cfa        0     1                 .L0 
        80200cfc         80200cfc        0     1                 .Lpcrel_hi80
        80200cfc         80200cfc        0     1                 .L0 
        80200d08         80200d08        0     1                 .Lpcrel_hi81
        80200d14         80200d14        0     1                 .L0 
        80200d18         80200d18        0     1                 .L0 
        80200d1c         80200d1c        0     1                 .L0 
        80200d2a         80200d2a        0     1                 .L0 
        80200d34         80200d34        0     1                 .L0 
        80200d34         80200d34        0     1                 .L0 
        80200d38         80200d38        0     1                 .L0 
        80200d38         80200d38        0     1                 .L0 
        80200d3c         80200d3c        0     1                 .L0 
        80200d3c         80200d3c        0     1                 .L0 
        80200d40         80200d40        0     1                 .L0 
        80200d44         80200d44        0     1                 .L0 
        80200d44         80200d44        0     1                 .L0 
        80200d4a         80200d4a        0     1                 .L0 
        80200d4c         80200d4c        0     1                 .L0 
        80200d50         80200d50        0     1                 .L0 
        80200d50         80200d50        0     1                 .L0 
        80200d54         80200d54        0     1                 .L0 
        80200d54         80200d54        0     1                 .L0 
        80200d58         80200d58        0     1                 .L0 
        80200d5e         80200d5e        0     1                 .L0 
        80200d5e         80200d5e        0     1                 .L0 
        80200d62         80200d62        0     1                 .L0 
        80200d66         80200d66        0     1                 .L0 
        80200d6c         80200d6c        0     1                 .L0 
        80200d6e         80200d6e        0     1                 .L0 
        80200d70         80200d70        0     1                 .L0 
        80200d70         80200d70        0     1                 .L0 
        80200d74         80200d74        0     1                 .L0 
        80200d7c         80200d7c        0     1                 .L0 
        80200d7c         80200d7c        0     1                 .L0 
        80200d80         80200d80        0     1                 .L0 
        80200d8e         80200d8e        0     1                 .L0 
        80200d8e         80200d8e        0     1                 .L0 
        80200da2         80200da2        0     1                 .L0 
        80200da4         80200da4        0     1                 .L0 
        80200da8         80200da8        0     1                 .L0 
        80200dac         80200dac        0     1                 .L0 
        80200dae         80200dae        0     1                 .Lpcrel_hi83
        80200dc0         80200dc0        0     1                 .L0 
        80200dca         80200dca        0     1                 .L0 
        80200dca         80200dca        0     1                 .L0 
        80200dce         80200dce        0     1                 .L0 
        80200dce         80200dce        0     1                 .L0 
        80200dd2         80200dd2        0     1                 .L0 
        80200dd2         80200dd2        0     1                 .L0 
        80200dd6         80200dd6        0     1                 .L0 
        80200dda         80200dda        0     1                 .L0 
        80200dda         80200dda        0     1                 .L0 
        80200de0         80200de0        0     1                 .L0 
        80200de2         80200de2        0     1                 .L0 
        80200de6         80200de6        0     1                 .L0 
        80200de6         80200de6        0     1                 .L0 
        80200dea         80200dea        0     1                 .L0 
        80200dea         80200dea        0     1                 .L0 
        80200dee         80200dee        0     1                 .L0 
        80200df4         80200df4        0     1                 .L0 
        80200df4         80200df4        0     1                 .L0 
        80200df8         80200df8        0     1                 .L0 
        80200dfc         80200dfc        0     1                 .L0 
        80200e02         80200e02        0     1                 .L0 
        80200e04         80200e04        0     1                 .L0 
        80200e06         80200e06        0     1                 .L0 
        80200e06         80200e06        0     1                 .L0 
        80200e0a         80200e0a        0     1                 .L0 
        80200e12         80200e12        0     1                 .L0 
        80200e12         80200e12        0     1                 .Lpcrel_hi84
        80200e12         80200e12        0     1                 .L0 
        80200e28         80200e28        0     1                 .L0 
        80200e28         80200e28        0     1                 .L0 
        80200e30         80200e30        0     1                 .Lpcrel_hi87
        80200e3e         80200e3e        0     1                 .L0 
        80200e50         80200e50        0     1                 .L0 
        80200e7a         80200e7a        0     1                 .L0 
        80200e84         80200e84        0     1                 .L0 
        80200e88         80200e88        0     1                 .L0 
        80200e88         80200e88        0     1                 .L0 
        80200e8e         80200e8e        0     1                 .L0 
        80200e90         80200e90        0     1                 .L0 
        80200e92         80200e92        0     1                 .L0 
        80200e96         80200e96        0     1                 .L0 
        80200e9a         80200e9a        0     1                 .L0 
        80200ea6         80200ea6        0     1                 .L0 
        80200eb4         80200eb4        0     1                 .L0 
        80200ebe         80200ebe        0     1                 .L0 
        80200ec0         80200ec0        0     1                 .L0 
        80200ec6         80200ec6        0     1                 .L0 
        80200ec6         80200ec6        0     1                 .L0 
        80200ee0         80200ee0        0     1                 .L0 
        80200ee0         80200ee0        0     1                 .L0 
        80200eea         80200eea        0     1                 .L0 
        80200eea         80200eea        0     1                 .L0 
        80200f4a         80200f4a        0     1                 .L0 
        80200f4e         80200f4e        0     1                 .L0 
        80200f52         80200f52        0     1                 .Lpcrel_hi92
        80200f52         80200f52        0     1                 .L0 
        80200f60         80200f60        0     1                 .L0 
        80200f6a         80200f6a        0     1                 .L0 
        80200f6a         80200f6a        0     1                 .L0 
        80200f6e         80200f6e        0     1                 .L0 
        80200f6e         80200f6e        0     1                 .L0 
        80200f72         80200f72        0     1                 .L0 
        80200f72         80200f72        0     1                 .L0 
        80200f76         80200f76        0     1                 .L0 
        80200f7a         80200f7a        0     1                 .L0 
        80200f7a         80200f7a        0     1                 .L0 
        80200f80         80200f80        0     1                 .L0 
        80200f82         80200f82        0     1                 .L0 
        80200f86         80200f86        0     1                 .L0 
        80200f86         80200f86        0     1                 .L0 
        80200f8a         80200f8a        0     1                 .L0 
        80200f8a         80200f8a        0     1                 .L0 
        80200f8e         80200f8e        0     1                 .L0 
        80200f94         80200f94        0     1                 .L0 
        80200f94         80200f94        0     1                 .L0 
        80200f98         80200f98        0     1                 .L0 
        80200f9c         80200f9c        0     1                 .L0 
        80200fa2         80200fa2        0     1                 .L0 
        80200fa4         80200fa4        0     1                 .L0 
        80200fa6         80200fa6        0     1                 .L0 
        80200fa6         80200fa6        0     1                 .L0 
        80200faa         80200faa        0     1                 .L0 
        80200fb2         80200fb2        0     1                 .L0 
        80200fb2         80200fb2        0     1                 .Lpcrel_hi93
        80200fb2         80200fb2        0     1                 .L0 
        80200fb6         80200fb6        0     1                 .Lpcrel_hi94
        80200fc2         80200fc2        0     1                 .L0 
        80200fca         80200fca        0     1                 .L0 
        80200fca         80200fca        0     1                 .L0 
        80200fce         80200fce        0     1                 .L0 
        80200fd4         80200fd4        0     1                 .L0 
        80200fd4         80200fd4        0     1                 .L0 
        80200ff4         80200ff4        0     1                 .L0 
        80200ffe         80200ffe        0     1                 .L0 
        80201002         80201002        0     1                 .Lpcrel_hi98
        80201014         80201014        0     1                 .L0 
        8020101e         8020101e        0     1                 .L0 
        8020101e         8020101e        0     1                 .L0 
        80201022         80201022        0     1                 .L0 
        80201022         80201022        0     1                 .L0 
        80201026         80201026        0     1                 .L0 
        80201026         80201026        0     1                 .L0 
        8020102a         8020102a        0     1                 .L0 
        8020102e         8020102e        0     1                 .L0 
        8020102e         8020102e        0     1                 .L0 
        80201034         80201034        0     1                 .L0 
        80201036         80201036        0     1                 .L0 
        8020103a         8020103a        0     1                 .L0 
        8020103a         8020103a        0     1                 .L0 
        8020103e         8020103e        0     1                 .L0 
        8020103e         8020103e        0     1                 .L0 
        80201042         80201042        0     1                 .L0 
        80201048         80201048        0     1                 .L0 
        80201048         80201048        0     1                 .L0 
        8020104c         8020104c        0     1                 .L0 
        80201050         80201050        0     1                 .L0 
        80201056         80201056        0     1                 .L0 
        80201058         80201058        0     1                 .L0 
        8020105a         8020105a        0     1                 .L0 
        8020105a         8020105a        0     1                 .L0 
        8020105e         8020105e        0     1                 .L0 
        80201066         80201066        0     1                 .L0 
        80201066         80201066        0     1                 .L0 
        80201078         80201078        0     1                 .L0 
        80201078         80201078        0     1                 .L0 
        80201080         80201080        0     1                 .L0 
        80201080         80201080        0     1                 .L0 
        80201092         80201092        0     1                 .L0 
        80201092         80201092        0     1                 .L0 
        802010a4         802010a4        0     1                 .L0 
        802010a4         802010a4        0     1                 .L0 
        802010a8         802010a8        0     1                 .Lpcrel_hi103
        802010a8         802010a8        0     1                 .L0 
        802010ac         802010ac        0     1                 .Lpcrel_hi104
        802010ac         802010ac        0     1                 .L0 
        802010b4         802010b4        0     1                 .L0 
        802010b8         802010b8        0     1                 .L0 
        802010c2         802010c2        0     1                 .L0 
        802010d0         802010d0        0     1                 .Lpcrel_hi105
        802010e6         802010e6        0     1                 .L0 
        802010e6         802010e6        0     1                 .L0 
        802010f6         802010f6        0     1                 .L0 
        802010f6         802010f6        0     1                 .L0 
        802010fe         802010fe        0     1                 .L0 
        802010fe         802010fe        0     1                 .L0 
        80201112         80201112        0     1                 .L0 
        80201112         80201112        0     1                 .L0 
        80201126         80201126        0     1                 .L0 
        80201126         80201126        0     1                 .L0 
        8020112a         8020112a        0     1                 .L0 
        8020112a         8020112a        0     1                 .L0 
        8020112e         8020112e        0     1                 .L0 
        8020112e         8020112e        0     1                 .L0 
        80201132         80201132        0     1                 .L0 
        80201132         80201132        0     1                 .L0 
        80201136         80201136        0     1                 .L0 
        80201136         80201136        0     1                 .L0 
        8020113a         8020113a        0     1                 .L0 
        8020113a         8020113a        0     1                 .L0 
        80201144         80201144        0     1                 .L0 
        80201146         80201146        0     1                 .L0 
        80201148         80201148        0     1                 .L0 
        8020114e         8020114e        0     1                 .L0 
        8020114e         8020114e        0     1                 .L0 
        80201154         80201154        0     1                 .L0 
        80201154         80201154        0     1                 .L0 
        8020115e         8020115e        0     1                 .L0 
        80201160         80201160        0     1                 .L0 
        80201162         80201162        0     1                 .L0 
        80201166         80201166        0     1                 .L0 
        80201166         80201166        0     1                 .L0 
        8020116c         8020116c        0     1                 .L0 
        8020116c         8020116c        0     1                 .L0 
        80201176         80201176        0     1                 .L0 
        80201178         80201178        0     1                 .L0 
        8020117c         8020117c        0     1                 .L0 
        80201180         80201180        0     1                 .L0 
        80201180         80201180        0     1                 .L0 
        80201186         80201186        0     1                 .L0 
        80201186         80201186        0     1                 .L0 
        80201190         80201190        0     1                 .L0 
        80201192         80201192        0     1                 .L0 
        80201196         80201196        0     1                 .L0 
        80201198         80201198        0     1                 .L0 
        80201198         80201198        0     1                 .L0 
        8020119e         8020119e        0     1                 .L0 
        8020119e         8020119e        0     1                 .L0 
        802011a8         802011a8        0     1                 .L0 
        802011aa         802011aa        0     1                 .L0 
        802011ae         802011ae        0     1                 .L0 
        802011b2         802011b2        0     1                 .L0 
        802011b2         802011b2        0     1                 .L0 
        802011b8         802011b8        0     1                 .L0 
        802011b8         802011b8        0     1                 .L0 
        802011c2         802011c2        0     1                 .L0 
        802011c4         802011c4        0     1                 .L0 
        802011c8         802011c8        0     1                 .L0 
        802011cc         802011cc        0     1                 .L0 
        802011cc         802011cc        0     1                 .L0 
        802011d2         802011d2        0     1                 .L0 
        802011d2         802011d2        0     1                 .L0 
        802011dc         802011dc        0     1                 .L0 
        802011de         802011de        0     1                 .L0 
        802011e4         802011e4        0     1                 .L0 
        802011e8         802011e8        0     1                 .L0 
        802011e8         802011e8        0     1                 .L0 
        802011ee         802011ee        0     1                 .L0 
        802011ee         802011ee        0     1                 .L0 
        802011f8         802011f8        0     1                 .L0 
        80201200         80201200        0     1                 .L0 
        80201202         80201202        0     1                 .L0 
        80201206         80201206        0     1                 .L0 
        80201206         80201206        0     1                 .L0 
        8020120c         8020120c        0     1                 .L0 
        8020120c         8020120c        0     1                 .L0 
        80201210         80201210        0     1                 .L0 
        80201212         80201212        0     1                 .L0 
        80201216         80201216        0     1                 .L0 
        80201216         80201216        0     1                 .L0 
        80201218         80201218        0     1                 .L0 
        8020121a         8020121a        0     1                 .L0 
        8020121e         8020121e        0     1                 .L0 
        8020121e         8020121e        0     1                 .L0 
        80201220         80201220        0     1                 .L0 
        80201222         80201222        0     1                 .L0 
        80201226         80201226        0     1                 .L0 
        80201226         80201226        0     1                 .L0 
        80201228         80201228        0     1                 .L0 
        8020122a         8020122a        0     1                 .L0 
        8020122e         8020122e        0     1                 .L0 
        8020122e         8020122e        0     1                 .L0 
        80201230         80201230        0     1                 .L0 
        80201232         80201232        0     1                 .L0 
        80201236         80201236        0     1                 .L0 
        80201236         80201236        0     1                 .L0 
        80201238         80201238        0     1                 .L0 
        8020123a         8020123a        0     1                 .L0 
        8020123e         8020123e        0     1                 .L0 
        8020123e         8020123e        0     1                 .L0 
        80201240         80201240        0     1                 .L0 
        80201244         80201244        0     1                 .L0 
        80201248         80201248        0     1                 .L0 
        80201248         80201248        0     1                 .L0 
        8020124e         8020124e        0     1                 .Lpcrel_hi114
        80201252         80201252        0     1                 .Lpcrel_hi115
        80201252         80201252        0     1                 .L0 
        8020125a         8020125a        0     1                 .L0 
        80201264         80201264        0     1                 .L0 
        80201272         80201272        0     1                 .Lpcrel_hi116
        8020128c         8020128c        0     1                 .L0 
        8020128c         8020128c        0     1                 .Lpcrel_hi117
        80201292         80201292        0     1                 .Lpcrel_hi118
        80201298         80201298        0     1                 .Lpcrel_hi119
        80201298         80201298        0     1                 .L0 
        8020129e         8020129e        0     1                 .Lpcrel_hi120
        802012a4         802012a4        0     1                 .L0 
        802012b4         802012b4        0     1                 .Lpcrel_hi121
        802012b4         802012b4        0     1                 .L0 
        802012b8         802012b8        0     1                 .L0 
        802012c0         802012c0        0     1                 .L0 
        802012c4         802012c4        0     1                 .L0 
        802012cc         802012cc        0     1                 .L0 
        802012d0         802012d0        0     1                 .L0 
        802012d8         802012d8        0     1                 .L0 
        802012d8         802012d8        0     1                 .L0 
        802012dc         802012dc        0     1                 .L0 
        802012dc         802012dc        0     1                 .L0 
        802012e0         802012e0        0     1                 .L0 
        802012e4         802012e4        0     1                 .L0 
        802012e4         802012e4        0     1                 .Lpcrel_hi110
        802012e4         802012e4        0     1                 .L0 
        802012f6         802012f6        0     1                 .L0 
        802012fa         802012fa        0     1                 .L0 
        80201300         80201300        0     1                 .L0 
        80201304         80201304        0     1                 .L0 
        80201304         80201304        0     1                 .L0 
        80201308         80201308        0     1                 .L0 
        80201308         80201308        0     1                 .L0 
        8020130c         8020130c        0     1                 .L0 
        80201314         80201314        0     1                 .Lpcrel_hi125
        80201328         80201328        0     1                 .L0 
        80201328         80201328        0     1                 .L0 
        80201334         80201334        0     1                 .L0 
        80201334         80201334        0     1                 .L0 
        80201340         80201340        0     1                 .L0 
        80201346         80201346        0     1                 .L0 
        80201346         80201346        0     1                 .L0 
        8020134a         8020134a        0     1                 .L0 
        80201350         80201350        0     1                 .L0 
        80201352         80201352        0     1                 .L0 
        8020135a         8020135a        0     1                 .L0 
        8020135a         8020135a        0     1                 .L0 
        8020135c         8020135c        0     1                 .L0 
        8020135c         8020135c        0     1                 .L0 
        80201362         80201362        0     1                 .L0 
        80201362         80201362        0     1                 .L0 
        80201366         80201366        0     1                 .L0 
        80201366         80201366        0     1                 .L0 
        8020136c         8020136c        0     1                 .L0 
        8020136c         8020136c        0     1                 .L0 
        8020137a         8020137a        0     1                 .L0 
        8020137a         8020137a        0     1                 .L0 
        80201382         80201382        0     1                 .L0 
        80201384         80201384        0     1                 .L0 
        80201388         80201388        0     1                 .L0 
        80201388         80201388        0     1                 .L0 
        80201390         80201390        0     1                 .L0 
        80201396         80201396        0     1                 .L0 
        80201396         80201396        0     1                 .L0 
        8020139a         8020139a        0     1                 .L0 
        8020139a         8020139a        0     1                 .L0 
        802013a0         802013a0        0     1                 .L0 
        802013a0         802013a0        0     1                 .L0 
        802013a4         802013a4        0     1                 .L0 
        802013a4         802013a4        0     1                 .L0 
        802013ac         802013ac        0     1                 .L0 
        802013b4         802013b4        0     1                 .L0 
        802013b8         802013b8        0     1                 .L0 
        802013be         802013be        0     1                 .L0 
        802013c2         802013c2        0     1                 .L0 
        802013cc         802013cc        0     1                 .L0 
        802013d0         802013d0        0     1                 .L0 
        802013e2         802013e2        0     1                 .L0 
        802013e6         802013e6        0     1                 .L0 
        802013e6         802013e6        0     1                 .L0 
        802013ea         802013ea        0     1                 .L0 
        802013ea         802013ea        0     1                 .L0 
        802013ec         802013ec        0     1                 .Lpcrel_hi172
        802013fa         802013fa        0     1                 .L0 
        802013fa         802013fa        0     1                 .L0 
        802013fe         802013fe        0     1                 .L0 
        80201400         80201400        0     1                 .L0 
        8020140e         8020140e        0     1                 .L0 
        8020140e         8020140e        0     1                 .L0 
        80201412         80201412        0     1                 .L0 
        80201412         80201412        0     1                 .L0 
        80201416         80201416        0     1                 .L0 
        80201416         80201416        0     1                 .L0 
        8020141c         8020141c        0     1                 .L0 
        8020141c         8020141c        0     1                 .L0 
        80201420         80201420        0     1                 .L0 
        80201420         80201420        0     1                 .L0 
        80201428         80201428        0     1                 .L0 
        8020142a         8020142a        0     1                 .L0 
        8020142a         8020142a        0     1                 .L0 
        8020142e         8020142e        0     1                 .L0 
        8020142e         8020142e        0     1                 .L0 
        80201432         80201432        0     1                 .L0 
        80201432         80201432        0     1                 .L0 
        80201442         80201442        0     1                 .L0 
        80201444         80201444        0     1                 .L0 
        80201458         80201458        0     1                 .L0 
        8020145a         8020145a        0     1                 .L0 
        8020145c         8020145c        0     1                 .L0 
        80201460         80201460        0     1                 .L0 
        80201460         80201460        0     1                 .L0 
        8020146c         8020146c        0     1                 .L0 
        8020146c         8020146c        0     1                 .L0 
        80201474         80201474        0     1                 .L0 
        80201474         80201474        0     1                 .L0 
        80201478         80201478        0     1                 .L0 
        80201486         80201486        0     1                 .L0 
        80201488         80201488        0     1                 .L0 
        8020148c         8020148c        0     1                 .L0 
        8020148c         8020148c        0     1                 .L0 
        80201494         80201494        0     1                 .L0 
        80201494         80201494        0     1                 .L0 
        80201498         80201498        0     1                 .L0 
        802014a2         802014a2        0     1                 .L0 
        802014a4         802014a4        0     1                 .L0 
        802014a4         802014a4        0     1                 .L0 
        802014b8         802014b8        0     1                 .L0 
        802014b8         802014b8        0     1                 .L0 
        802014bc         802014bc        0     1                 .L0 
        802014bc         802014bc        0     1                 .L0 
        802014c2         802014c2        0     1                 .L0 
        802014cc         802014cc        0     1                 .L0 
        802014dc         802014dc        0     1                 .L0 
        802014e0         802014e0        0     1                 .L0 
        802014e4         802014e4        0     1                 .L0 
        802014e6         802014e6        0     1                 .L0 
        802014ec         802014ec        0     1                 .L0 
        802014f0         802014f0        0     1                 .L0 
        802014f6         802014f6        0     1                 .L0 
        802014fa         802014fa        0     1                 .L0 
[...]
           220f0            220f0        0     1                 .L0 
           22140            22140        0     1                 .L0 
           22170            22170        0     1                 .L0 
           221a0            221a0        0     1                 .L0 
           221d0            221d0        0     1                 .L0 
           22200            22200        0     1                 .L0 
           22240            22240        0     1                 .L0 
           22280            22280        0     1                 .L0 
           222d0            222d0        0     1                 .L0 
           22320            22320        0     1                 .L0 
           22350            22350        0     1                 .L0 
           22380            22380        0     1                 .L0 
           223b0            223b0        0     1                 .L0 
           223e0            223e0        0     1                 .L0 
           22410            22410        0     1                 .L0 
           22440            22440        0     1                 .L0 
           22480            22480        0     1                 .L0 
           224b0            224b0        0     1                 .L0 
           224e0            224e0        0     1                 .L0 
           22510            22510        0     1                 .L0 
           22540            22540        0     1                 .L0 
           22570            22570        0     1                 .L0 
           225a0            225a0        0     1                 .L0 
           225e0            225e0        0     1                 .L0 
           22610            22610        0     1                 .L0 
           24740            24740       30     1         C:\Users\Magnus\.rustup\toolchains\nightly-x86_64-pc-windows-msvc\lib\rustlib\riscv64gc-unknown-none-elf\lib\libcompiler_builtins-68e6dafd27578d1b.rlib(compiler_builtins-68e6dafd27578d1b.compiler_builtins.28f9de005c366824-cgu.158.rcgu.o):(.debug_ranges)
           24740            24740        0     1                 .L0 
           24740            24740        0     1                 $d
           24770            24770       30     1         C:\Users\Magnus\.rustup\toolchains\nightly-x86_64-pc-windows-msvc\lib\rustlib\riscv64gc-unknown-none-elf\lib\libcompiler_builtins-68e6dafd27578d1b.rlib(compiler_builtins-68e6dafd27578d1b.compiler_builtins.28f9de005c366824-cgu.207.rcgu.o):(.debug_ranges)
           24770            24770        0     1                 .L0 
           24770            24770        0     1                 $d
           247a0            247a0      9f0     1         C:\Users\Magnus\.rustup\toolchains\nightly-x86_64-pc-windows-msvc\lib\rustlib\riscv64gc-unknown-none-elf\lib\libcompiler_builtins-68e6dafd27578d1b.rlib(compiler_builtins-68e6dafd27578d1b.compiler_builtins.28f9de005c366824-cgu.008.rcgu.o):(.debug_ranges)
           247a0            247a0        0     1                 .L0 
           247a0            247a0        0     1                 $d
           247d0            247d0        0     1                 .L0 
           24800            24800        0     1                 .L0 
           24830            24830        0     1                 .L0 
           24870            24870        0     1                 .L0 
           248b0            248b0        0     1                 .L0 
           248e0            248e0        0     1                 .L0 
           24910            24910        0     1                 .L0 
           24940            24940        0     1                 .L0 
           24970            24970        0     1                 .L0 
           249a0            249a0        0     1                 .L0 
           249d0            249d0        0     1                 .L0 
           24a00            24a00        0     1                 .L0 
           24a30            24a30        0     1                 .L0 
           24a60            24a60        0     1                 .L0 
           24a90            24a90        0     1                 .L0 
           24ac0            24ac0        0     1                 .L0 
           24af0            24af0        0     1                 .L0 
           24b50            24b50        0     1                 .L0 
           24b80            24b80        0     1                 .L0 
           24bc0            24bc0        0     1                 .L0 
           24bf0            24bf0        0     1                 .L0 
           24c20            24c20        0     1                 .L0 
           24c50            24c50        0     1                 .L0 
           24c80            24c80        0     1                 .L0 
           24cc0            24cc0        0     1                 .L0 
           24d00            24d00        0     1                 .L0 
           24d30            24d30        0     1                 .L0 
           24d60            24d60        0     1                 .L0 
           24da0            24da0        0     1                 .L0 
           24de0            24de0        0     1                 .L0 
           24e40            24e40        0     1                 .L0 
           24e70            24e70        0     1                 .L0 
           24eb0            24eb0        0     1                 .L0 
           24ef0            24ef0        0     1                 .L0 
           24f30            24f30        0     1                 .L0 
           24f60            24f60        0     1                 .L0 
           24f90            24f90        0     1                 .L0 
           24fc0            24fc0        0     1                 .L0 
           24ff0            24ff0        0     1                 .L0 
           25020            25020        0     1                 .L0 
           25050            25050        0     1                 .L0 
           25080            25080        0     1                 .L0 
           250c0            250c0        0     1                 .L0 
           25100            25100        0     1                 .L0 
           25130            25130        0     1                 .L0 
           25190            25190      1a0     1         C:\Users\Magnus\.rustup\toolchains\nightly-x86_64-pc-windows-msvc\lib\rustlib\riscv64gc-unknown-none-elf\lib\libcompiler_builtins-68e6dafd27578d1b.rlib(compiler_builtins-68e6dafd27578d1b.compiler_builtins.28f9de005c366824-cgu.223.rcgu.o):(.debug_ranges)
           25190            25190        0     1                 .L0 
           25190            25190        0     1                 $d
           251d0            251d0        0     1                 .L0 
           25210            25210        0     1                 .L0 
           25250            25250        0     1                 .L0 
           25290            25290        0     1                 .L0 
           252d0            252d0        0     1                 .L0 
           25300            25300        0     1                 .L0 
           25330            25330      300     1         C:\Users\Magnus\.rustup\toolchains\nightly-x86_64-pc-windows-msvc\lib\rustlib\riscv64gc-unknown-none-elf\lib\libcompiler_builtins-68e6dafd27578d1b.rlib(compiler_builtins-68e6dafd27578d1b.compiler_builtins.28f9de005c366824-cgu.013.rcgu.o):(.debug_ranges)
           25330            25330        0     1                 .L0 
           25330            25330        0     1                 $d
           25360            25360        0     1                 .L0 
           25390            25390        0     1                 .L0 
           253d0            253d0        0     1                 .L0 
           25400            25400        0     1                 .L0 
           25430            25430        0     1                 .L0 
           25460            25460        0     1                 .L0 
           25490            25490        0     1                 .L0 
           254c0            254c0        0     1                 .L0 
           254f0            254f0        0     1                 .L0 
           25530            25530        0     1                 .L0 
           25560            25560        0     1                 .L0 
           25590            25590        0     1                 .L0 
           255c0            255c0        0     1                 .L0 
           255f0            255f0        0     1                 .L0 
           25630            25630       90     1         C:\Users\Magnus\.rustup\toolchains\nightly-x86_64-pc-windows-msvc\lib\rustlib\riscv64gc-unknown-none-elf\lib\libcompiler_builtins-68e6dafd27578d1b.rlib(compiler_builtins-68e6dafd27578d1b.compiler_builtins.28f9de005c366824-cgu.343.rcgu.o):(.debug_ranges)
           25630            25630        0     1                 .L0 
           25630            25630        0     1                 $d
           25660            25660        0     1                 .L0 
           25690            25690        0     1                 .L0 
               0                0    5d735     1 .debug_str
               0                0    5d735     1         <internal>:(.debug_str)
               0                0       a1     1 .comment
               0                0       a1     1         <internal>:(.comment)
               0                0       74     1 .riscv.attributes
               0                0       74     1         <internal>:(.riscv.attributes)
               0                0      eb0     8 .debug_frame
               0                0      3c0     8         D:\rust\bogokernel\target\riscv64gc-unknown-none-elf\debug\deps\kernel-5b83ab333134c29e.5kyxxuo75eest9wywbejskmoi.0nth61u.rcgu.o:(.debug_frame)
               0                0        0     1                 .L0 
               0                0        0     1                 $d
             3c0              3c0      488     8         D:\rust\bogokernel\target\riscv64gc-unknown-none-elf\debug\deps\liblinked_list_allocator-fde430cc1c82fdfa.rlib(linked_list_allocator-fde430cc1c82fdfa.linked_list_allocator.48228f020a9ae77e-cgu.0.rcgu.o):(.debug_frame)
             3c0              3c0        0     1                 .L0 
             3c0              3c0        0     1                 $d
             848              848       78     8         D:\rust\bogokernel\target\riscv64gc-unknown-none-elf\debug\deps\libspinning_top-74f701bdc242520b.rlib(spinning_top-74f701bdc242520b.spinning_top.c4465a07ef79aa37-cgu.0.rcgu.o):(.debug_frame)
             848              848        0     1                 .L0 
             848              848        0     1                 $d
             8c0              8c0      548     8         D:\rust\bogokernel\target\riscv64gc-unknown-none-elf\debug\deps\libriscv-12f97313a2f4b3b2.rlib(riscv-12f97313a2f4b3b2.riscv.78458f0e7726b2ae-cgu.0.rcgu.o):(.debug_frame)
             8c0              8c0        0     1                 .L0 
             8c0              8c0        0     1                 $d
             e08              e08       a8     8         D:\rust\bogokernel\target\riscv64gc-unknown-none-elf\debug\deps\libriscv_pac-e3a0a477a6af16c9.rlib(riscv_pac-e3a0a477a6af16c9.riscv_pac.eba0cecd549cb8d4-cgu.0.rcgu.o):(.debug_frame)
             e08              e08        0     1                 .L0 
             e08              e08        0     1                 $d
               0                0    2a37d     1 .debug_line
               0                0     3c91     1         D:\rust\bogokernel\target\riscv64gc-unknown-none-elf\debug\deps\kernel-5b83ab333134c29e.5kyxxuo75eest9wywbejskmoi.0nth61u.rcgu.o:(.debug_line)
               0                0        0     1                 .Lline_table_start0
               0                0        0     1                 $d
            3c91             3c91     132b     1         D:\rust\bogokernel\target\riscv64gc-unknown-none-elf\debug\deps\liblinked_list_allocator-fde430cc1c82fdfa.rlib(linked_list_allocator-fde430cc1c82fdfa.linked_list_allocator.48228f020a9ae77e-cgu.0.rcgu.o):(.debug_line)
            3c91             3c91        0     1                 .Lline_table_start0
            3c91             3c91        0     1                 $d
            4fbc             4fbc      275     1         D:\rust\bogokernel\target\riscv64gc-unknown-none-elf\debug\deps\libspinning_top-74f701bdc242520b.rlib(spinning_top-74f701bdc242520b.spinning_top.c4465a07ef79aa37-cgu.0.rcgu.o):(.debug_line)
            4fbc             4fbc        0     1                 .Lline_table_start0
            4fbc             4fbc        0     1                 $d
            5231             5231      d14     1         D:\rust\bogokernel\target\riscv64gc-unknown-none-elf\debug\deps\libriscv-12f97313a2f4b3b2.rlib(riscv-12f97313a2f4b3b2.riscv.78458f0e7726b2ae-cgu.0.rcgu.o):(.debug_line)
            5231             5231        0     1                 .Lline_table_start0
            5231             5231        0     1                 $d
            5f45             5f45      302     1         D:\rust\bogokernel\target\riscv64gc-unknown-none-elf\debug\deps\libriscv_pac-e3a0a477a6af16c9.rlib(riscv_pac-e3a0a477a6af16c9.riscv_pac.eba0cecd549cb8d4-cgu.0.rcgu.o):(.debug_line)
            5f45             5f45        0     1                 .Lline_table_start0
            5f45             5f45        0     1                 $d
            6247             6247     54df     1         C:\Users\Magnus\.rustup\toolchains\nightly-x86_64-pc-windows-msvc\lib\rustlib\riscv64gc-unknown-none-elf\lib\liballoc-3317f9e748cf927c.rlib(alloc-3317f9e748cf927c.alloc.d03166e6a028c926-cgu.0.rcgu.o):(.debug_line)
            6247             6247        0     1                 .Lline_table_start0
            6247             6247        0     1                 $d
            b726             b726    1c8cd     1         C:\Users\Magnus\.rustup\toolchains\nightly-x86_64-pc-windows-msvc\lib\rustlib\riscv64gc-unknown-none-elf\lib\libcore-6873ca3f970f9a34.rlib(core-6873ca3f970f9a34.core.d22cbba136389eb0-cgu.0.rcgu.o):(.debug_line)
            b726             b726        0     1                 .Lline_table_start0
            b726             b726        0     1                 $d
           27ff3            27ff3      410     1         C:\Users\Magnus\.rustup\toolchains\nightly-x86_64-pc-windows-msvc\lib\rustlib\riscv64gc-unknown-none-elf\lib\libcompiler_builtins-68e6dafd27578d1b.rlib(compiler_builtins-68e6dafd27578d1b.compiler_builtins.28f9de005c366824-cgu.158.rcgu.o):(.debug_line)
           27ff3            27ff3        0     1                 .Lline_table_start0
           27ff3            27ff3        0     1                 $d
           282d1            282d1        0     1                 .Lline_table_start1
           28403            28403      18a     1         C:\Users\Magnus\.rustup\toolchains\nightly-x86_64-pc-windows-msvc\lib\rustlib\riscv64gc-unknown-none-elf\lib\libcompiler_builtins-68e6dafd27578d1b.rlib(compiler_builtins-68e6dafd27578d1b.compiler_builtins.28f9de005c366824-cgu.207.rcgu.o):(.debug_line)
           28403            28403        0     1                 .Lline_table_start0
           28403            28403        0     1                 $d
           284f2            284f2        0     1                 .Lline_table_start1
           2858d            2858d       72     1         C:\Users\Magnus\.rustup\toolchains\nightly-x86_64-pc-windows-msvc\lib\rustlib\riscv64gc-unknown-none-elf\lib\libcompiler_builtins-68e6dafd27578d1b.rlib(compiler_builtins-68e6dafd27578d1b.compiler_builtins.28f9de005c366824-cgu.210.rcgu.o):(.debug_line)
           2858d            2858d        0     1                 .Lline_table_start0
           2858d            2858d        0     1                 $d
           285ff            285ff      b02     1         C:\Users\Magnus\.rustup\toolchains\nightly-x86_64-pc-windows-msvc\lib\rustlib\riscv64gc-unknown-none-elf\lib\libcompiler_builtins-68e6dafd27578d1b.rlib(compiler_builtins-68e6dafd27578d1b.compiler_builtins.28f9de005c366824-cgu.008.rcgu.o):(.debug_line)
           285ff            285ff        0     1                 .Lline_table_start0
           285ff            285ff        0     1                 $d
           29101            29101      4a4     1         C:\Users\Magnus\.rustup\toolchains\nightly-x86_64-pc-windows-msvc\lib\rustlib\riscv64gc-unknown-none-elf\lib\libcompiler_builtins-68e6dafd27578d1b.rlib(compiler_builtins-68e6dafd27578d1b.compiler_builtins.28f9de005c366824-cgu.223.rcgu.o):(.debug_line)
           29101            29101        0     1                 .Lline_table_start0
           29101            29101        0     1                 $d
           293b1            293b1        0     1                 .Lline_table_start1
           294fb            294fb        0     1                 .Lline_table_start2
           295a5            295a5      11c     1         C:\Users\Magnus\.rustup\toolchains\nightly-x86_64-pc-windows-msvc\lib\rustlib\riscv64gc-unknown-none-elf\lib\libcompiler_builtins-68e6dafd27578d1b.rlib(compiler_builtins-68e6dafd27578d1b.compiler_builtins.28f9de005c366824-cgu.247.rcgu.o):(.debug_line)
           295a5            295a5        0     1                 .Lline_table_start0
           295a5            295a5        0     1                 $d
           29666            29666        0     1                 .Lline_table_start1
           296c1            296c1      7d7     1         C:\Users\Magnus\.rustup\toolchains\nightly-x86_64-pc-windows-msvc\lib\rustlib\riscv64gc-unknown-none-elf\lib\libcompiler_builtins-68e6dafd27578d1b.rlib(compiler_builtins-68e6dafd27578d1b.compiler_builtins.28f9de005c366824-cgu.013.rcgu.o):(.debug_line)
           296c1            296c1        0     1                 .Lline_table_start0
           296c1            296c1        0     1                 $d
           29e98            29e98       72     1         C:\Users\Magnus\.rustup\toolchains\nightly-x86_64-pc-windows-msvc\lib\rustlib\riscv64gc-unknown-none-elf\lib\libcompiler_builtins-68e6dafd27578d1b.rlib(compiler_builtins-68e6dafd27578d1b.compiler_builtins.28f9de005c366824-cgu.323.rcgu.o):(.debug_line)
           29e98            29e98        0     1                 .Lline_table_start0
           29e98            29e98        0     1                 $d
           29f0a            29f0a      2fa     1         C:\Users\Magnus\.rustup\toolchains\nightly-x86_64-pc-windows-msvc\lib\rustlib\riscv64gc-unknown-none-elf\lib\libcompiler_builtins-68e6dafd27578d1b.rlib(compiler_builtins-68e6dafd27578d1b.compiler_builtins.28f9de005c366824-cgu.343.rcgu.o):(.debug_line)
           29f0a            29f0a        0     1                 .Lline_table_start0
           29f0a            29f0a        0     1                 $d
           2a0f9            2a0f9        0     1                 .Lline_table_start1
           2a204            2a204      179     1         C:\Users\Magnus\.rustup\toolchains\nightly-x86_64-pc-windows-msvc\lib\rustlib\riscv64gc-unknown-none-elf\lib\libcompiler_builtins-68e6dafd27578d1b.rlib(compiler_builtins-68e6dafd27578d1b.compiler_builtins.28f9de005c366824-cgu.350.rcgu.o):(.debug_line)
           2a204            2a204        0     1                 .Lline_table_start0
           2a204            2a204        0     1                 $d
           2a2e2            2a2e2        0     1                 .Lline_table_start1
               0                0    33378     8 .symtab
               0                0    33378     8         <internal>:(.symtab)
               0                0       bf     1 .shstrtab
               0                0       bf     1         <internal>:(.shstrtab)
               0                0     fac5     1 .strtab
               0                0     fac5     1         <internal>:(.strtab)
