             VMA              LMA     Size Align Out     In      Symbol
               0                0        0     1 KERNEL_LOAD_ADDR = 0x80200000
        80200000         80200000     6160  4096 .text
        80200000         80200000        0     1         __text_start = .
        80200000         80200000       48     1         D:\rust\bogokernel\target\riscv64gc-unknown-none-elf\debug\deps\kernel-fa0b5568b27e06bf.57vr0ejha9r127zsyddwhnbzr.039isw9.rcgu.o:(.text.entry)
        80200000         80200000        0     1                 .Lpcrel_hi0
        80200000         80200000        0     1                 $x
        80200000         80200000        0     1                 _start
        80200022         80200022        0     1                 .Lpcrel_hi1
        8020002a         8020002a        0     1                 .Lpcrel_hi2
        8020003e         8020003e        0     1                 .Lpcrel_hi3
        80200048         80200048       80     1         D:\rust\bogokernel\target\riscv64gc-unknown-none-elf\debug\deps\kernel-fa0b5568b27e06bf.57vr0ejha9r127zsyddwhnbzr.039isw9.rcgu.o:(.text.trap)
        80200048         80200048        0     1                 $x
        80200048         80200048        0     1                 __trap_entry
        802000c8         802000c8      19a     2         D:\rust\bogokernel\target\riscv64gc-unknown-none-elf\debug\deps\kernel-fa0b5568b27e06bf.57vr0ejha9r127zsyddwhnbzr.039isw9.rcgu.o:(.text._ZN61_$LT$riscv_pac..result..Error$u20$as$u20$core..fmt..Debug$GT$3fmt17h04c61a78f846b018E)
        802000c8         802000c8      19a     1                 _$LT$riscv_pac..result..Error$u20$as$u20$core..fmt..Debug$GT$::fmt::h04c61a78f846b018
        802000c8         802000c8        0     1                 .L0 
        802000c8         802000c8        0     1                 .L0 
        802000c8         802000c8        0     1                 $x
        802000c8         802000c8        0     1                 .L0 
        802000d0         802000d0        0     1                 .Lpcrel_hi4
        802000e2         802000e2        0     1                 .L0 
        802000ee         802000ee        0     1                 .Lpcrel_hi5
        802000ee         802000ee        0     1                 .L0 
        802000ee         802000ee        0     1                 .L0 
        802000f8         802000f8        0     1                 .Lpcrel_hi6
        802000fc         802000fc        0     1                 .Lpcrel_hi7
        80200100         80200100        0     1                 .Lpcrel_hi8
        80200104         80200104        0     1                 .Lpcrel_hi9
        80200108         80200108        0     1                 .Lpcrel_hi10
        80200138         80200138        0     1                 .L0 
        80200138         80200138        0     1                 .L0 
        8020013c         8020013c        0     1                 .Lpcrel_hi28
        8020013c         8020013c        0     1                 .L0 
        80200140         80200140        0     1                 .Lpcrel_hi29
        80200158         80200158        0     1                 .L0 
        8020015a         8020015a        0     1                 .L0 
        8020015a         8020015a        0     1                 .L0 
        80200162         80200162        0     1                 .Lpcrel_hi18
        80200162         80200162        0     1                 .L0 
        80200162         80200162        0     1                 .L0 
        8020016c         8020016c        0     1                 .Lpcrel_hi19
        80200170         80200170        0     1                 .Lpcrel_hi20
        80200174         80200174        0     1                 .Lpcrel_hi21
        80200178         80200178        0     1                 .Lpcrel_hi22
        80200196         80200196        0     1                 .L0 
        80200196         80200196        0     1                 .L0 
        8020019e         8020019e        0     1                 .Lpcrel_hi23
        8020019e         8020019e        0     1                 .L0 
        802001a8         802001a8        0     1                 .Lpcrel_hi24
        802001ac         802001ac        0     1                 .Lpcrel_hi25
        802001b0         802001b0        0     1                 .Lpcrel_hi26
        802001b4         802001b4        0     1                 .Lpcrel_hi27
        802001de         802001de        0     1                 .L0 
        802001e0         802001e0        0     1                 .L0 
        802001e0         802001e0        0     1                 .L0 
        802001ec         802001ec        0     1                 .Lpcrel_hi11
        802001ec         802001ec        0     1                 .L0 
        802001f6         802001f6        0     1                 .Lpcrel_hi12
        802001fa         802001fa        0     1                 .Lpcrel_hi13
        80200200         80200200        0     1                 .Lpcrel_hi14
        80200204         80200204        0     1                 .Lpcrel_hi15
        80200208         80200208        0     1                 .Lpcrel_hi16
        8020020c         8020020c        0     1                 .Lpcrel_hi17
        8020024c         8020024c        0     1                 .L0 
        8020024c         8020024c        0     1                 .Lpcrel_hi30
        80200262         80200262        0     1                 .L0 
        80200262         80200262       2a     2         D:\rust\bogokernel\target\riscv64gc-unknown-none-elf\debug\deps\kernel-fa0b5568b27e06bf.57vr0ejha9r127zsyddwhnbzr.039isw9.rcgu.o:(.text._ZN4core3fmt3num52_$LT$impl$u20$core..fmt..Debug$u20$for$u20$usize$GT$3fmt17h2d675aedec41fdc4E)
        80200262         80200262       2a     1                 core::fmt::num::_$LT$impl$u20$core..fmt..Debug$u20$for$u20$usize$GT$::fmt::h2d675aedec41fdc4
        80200262         80200262        0     1                 .L0 
        80200262         80200262        0     1                 .L0 
        80200262         80200262        0     1                 $x
        80200262         80200262        0     1                 .L0 
        80200266         80200266        0     1                 .L0 
        8020026e         8020026e        0     1                 .L0 
        80200274         80200274        0     1                 .L0 
        8020028c         8020028c        0     1                 .L0 
        8020028c         8020028c      9ca     2         D:\rust\bogokernel\target\riscv64gc-unknown-none-elf\debug\deps\kernel-fa0b5568b27e06bf.57vr0ejha9r127zsyddwhnbzr.039isw9.rcgu.o:(.text.rust_trap)
        8020028c         8020028c        0     1                 .L0 
        8020028c         8020028c        0     1                 .L0 
        8020028c         8020028c        0     1                 $x
        8020028c         8020028c        0     1                 .L0 
        8020028c         8020028c      9ca     1                 rust_trap
        8020029a         8020029a        0     1                 .L0 
        8020029e         8020029e        0     1                 .L0 
        802002a6         802002a6        0     1                 .L0 
        802002a6         802002a6        0     1                 .L0 
        802002aa         802002aa        0     1                 .L0 
        802002ae         802002ae        0     1                 .L0 
        802002ae         802002ae        0     1                 .L0 
        802002b2         802002b2        0     1                 .L0 
        802002c6         802002c6        0     1                 .L0 
        802002ca         802002ca        0     1                 .L0 
        802002ca         802002ca        0     1                 .L0 
        802002ce         802002ce        0     1                 .L0 
        802002ce         802002ce        0     1                 .L0 
        802002d4         802002d4        0     1                 .L0 
        802002d4         802002d4        0     1                 .L0 
        802002d8         802002d8        0     1                 .L0 
        802002d8         802002d8        0     1                 .L0 
        802002dc         802002dc        0     1                 .L0 
        802002ec         802002ec        0     1                 .L0 
        802002f2         802002f2        0     1                 .L0 
        802002f2         802002f2        0     1                 .L0 
        802002fa         802002fa        0     1                 .L0 
        802002fa         802002fa        0     1                 .L0 
        802002fe         802002fe        0     1                 .L0 
        802002fe         802002fe        0     1                 .L0 
        80200304         80200304        0     1                 .L0 
        80200306         80200306        0     1                 .L0 
        8020030a         8020030a        0     1                 .L0 
        80200318         80200318        0     1                 .Lpcrel_hi47
        80200326         80200326        0     1                 .L0 
        80200326         80200326        0     1                 .L0 
        80200326         80200326        0     1                 .L0 
        80200328         80200328        0     1                 .L0 
        8020032e         8020032e        0     1                 .L0 
        80200332         80200332        0     1                 .L0 
        80200332         80200332        0     1                 .L0 
        80200336         80200336        0     1                 .L0 
        80200344         80200344        0     1                 .L0 
        80200344         80200344        0     1                 .L0 
        80200348         80200348        0     1                 .L0 
        8020034e         8020034e        0     1                 .L0 
        80200352         80200352        0     1                 .L0 
        80200352         80200352        0     1                 .L0 
        80200354         80200354        0     1                 .L0 
        8020035a         8020035a        0     1                 .L0 
        8020035e         8020035e        0     1                 .L0 
        8020035e         8020035e        0     1                 .L0 
        80200362         80200362        0     1                 .L0 
        80200368         80200368        0     1                 .L0 
        80200368         80200368        0     1                 .L0 
        8020036c         8020036c        0     1                 .L0 
        80200370         80200370        0     1                 .L0 
        80200376         80200376        0     1                 .L0 
        80200376         80200376        0     1                 .L0 
        8020037a         8020037a        0     1                 .L0 
        8020037e         8020037e        0     1                 .L0 
        80200384         80200384        0     1                 .L0 
        80200386         80200386        0     1                 .L0 
        80200388         80200388        0     1                 .L0 
        80200388         80200388        0     1                 .L0 
        8020038c         8020038c        0     1                 .L0 
        80200394         80200394        0     1                 .L0 
        80200394         80200394        0     1                 .L0 
        80200396         80200396        0     1                 .L0 
        8020039a         8020039a        0     1                 .L0 
        8020039a         8020039a        0     1                 .L0 
        802003a4         802003a4        0     1                 .L0 
        802003a4         802003a4        0     1                 .L0 
        802003a8         802003a8        0     1                 .L0 
        802003a8         802003a8        0     1                 .L0 
        802003ba         802003ba        0     1                 .L0 
        802003bc         802003bc        0     1                 .L0 
        802003c0         802003c0        0     1                 .L0 
        802003c4         802003c4        0     1                 .L0 
        802003c4         802003c4        0     1                 .Lpcrel_hi34
        802003d2         802003d2        0     1                 .L0 
        802003d8         802003d8        0     1                 .Lpcrel_hi36
        802003d8         802003d8        0     1                 .L0 
        802003e0         802003e0        0     1                 .Lpcrel_hi37
        802003e8         802003e8        0     1                 .L0 
        802003f4         802003f4        0     1                 .L0 
        802003f6         802003f6        0     1                 .L0 
        802003f6         802003f6        0     1                 .L0 
        802003fa         802003fa        0     1                 .L0 
        802003fc         802003fc        0     1                 .Lpcrel_hi39
        80200400         80200400        0     1                 .Lpcrel_hi40
        80200400         80200400        0     1                 .L0 
        80200408         80200408        0     1                 .L0 
        80200412         80200412        0     1                 .L0 
        80200412         80200412        0     1                 .L0 
        80200420         80200420        0     1                 .Lpcrel_hi41
        80200436         80200436        0     1                 .L0 
        80200436         80200436        0     1                 .L0 
        8020043e         8020043e        0     1                 .Lpcrel_hi42
        8020043e         8020043e        0     1                 .L0 
        80200444         80200444        0     1                 .Lpcrel_hi43
        8020044a         8020044a        0     1                 .L0 
        8020044a         8020044a        0     1                 .Lpcrel_hi44
        80200450         80200450        0     1                 .L0 
        80200456         80200456        0     1                 .L0 
        8020045e         8020045e        0     1                 .L0 
        80200460         80200460        0     1                 .L0 
        80200464         80200464        0     1                 .L0 
        80200472         80200472        0     1                 .L0 
        80200474         80200474        0     1                 .L0 
        80200474         80200474        0     1                 .Lpcrel_hi45
        8020048c         8020048c        0     1                 .Lpcrel_hi46
        802004a0         802004a0        0     1                 .L0 
        802004a0         802004a0        0     1                 .L0 
        802004a6         802004a6        0     1                 .L0 
        802004a6         802004a6        0     1                 .L0 
        802004ac         802004ac        0     1                 .L0 
        802004ac         802004ac        0     1                 .L0 
        802004b0         802004b0        0     1                 .L0 
        802004b6         802004b6        0     1                 .Lpcrel_hi31
        802004b6         802004b6        0     1                 .L0 
        802004ba         802004ba        0     1                 .Lpcrel_hi32
        802004be         802004be        0     1                 .Lpcrel_hi33
        802004dc         802004dc        0     1                 .L0 
        802004dc         802004dc        0     1                 .L0 
        802004ea         802004ea        0     1                 .L0 
        802004ea         802004ea        0     1                 .L0 
        802004ea         802004ea        0     1                 .L0 
        802004ec         802004ec        0     1                 .L0 
        802004ec         802004ec        0     1                 .L0 
        802004f0         802004f0        0     1                 .L0 
        802004f0         802004f0        0     1                 .L0 
        802004f2         802004f2        0     1                 .L0 
        802004f2         802004f2        0     1                 .L0 
        802004f6         802004f6        0     1                 .L0 
        802004f8         802004f8        0     1                 .L0 
        802004f8         802004f8        0     1                 .L0 
        802004fc         802004fc        0     1                 .L0 
        802004fc         802004fc        0     1                 .L0 
        80200500         80200500        0     1                 .L0 
        80200506         80200506        0     1                 .L0 
        80200516         80200516        0     1                 .L0 
        80200516         80200516        0     1                 .L0 
        8020051a         8020051a        0     1                 .L0 
        8020051a         8020051a        0     1                 .L0 
        8020051c         8020051c        0     1                 .L0 
        80200526         80200526        0     1                 .L0 
        8020052c         8020052c        0     1                 .L0 
        8020052c         8020052c        0     1                 .L0 
        8020052c         8020052c        0     1                 .L0 
        80200532         80200532        0     1                 .L0 
        8020053c         8020053c        0     1                 .L0 
        8020053c         8020053c        0     1                 .L0 
        80200540         80200540        0     1                 .L0 
        80200546         80200546        0     1                 .L0 
        80200546         80200546        0     1                 .L0 
        8020054a         8020054a        0     1                 .L0 
        80200558         80200558        0     1                 .L0 
        8020055c         8020055c        0     1                 .L0 
        80200564         80200564        0     1                 .L0 
        80200564         80200564        0     1                 .L0 
        80200568         80200568        0     1                 .L0 
        8020056e         8020056e        0     1                 .L0 
        8020056e         8020056e        0     1                 .L0 
        80200572         80200572        0     1                 .L0 
        80200576         80200576        0     1                 .L0 
        8020057c         8020057c        0     1                 .L0 
        8020057c         8020057c        0     1                 .L0 
        8020057e         8020057e        0     1                 .L0 
        80200582         80200582        0     1                 .L0 
        80200582         80200582        0     1                 .L0 
        80200586         80200586        0     1                 .L0 
        80200586         80200586        0     1                 .L0 
        80200588         80200588        0     1                 .L0 
        8020058c         8020058c        0     1                 .L0 
        8020058c         8020058c        0     1                 .L0 
        80200590         80200590        0     1                 .L0 
        80200592         80200592        0     1                 .L0 
        80200592         80200592        0     1                 .L0 
        80200594         80200594        0     1                 .L0 
        802005a4         802005a4        0     1                 .L0 
        802005a4         802005a4        0     1                 .L0 
        802005a8         802005a8        0     1                 .L0 
        802005ac         802005ac        0     1                 .L0 
        802005b4         802005b4        0     1                 .L0 
        802005be         802005be        0     1                 .L0 
        802005be         802005be        0     1                 .L0 
        802005c2         802005c2        0     1                 .L0 
        802005c8         802005c8        0     1                 .L0 
        802005c8         802005c8        0     1                 .L0 
        802005cc         802005cc        0     1                 .L0 
        802005d4         802005d4        0     1                 .L0 
        802005d8         802005d8        0     1                 .L0 
        802005d8         802005d8        0     1                 .L0 
        802005dc         802005dc        0     1                 .L0 
        802005e0         802005e0        0     1                 .L0 
        802005e4         802005e4        0     1                 .L0 
        802005ec         802005ec        0     1                 .L0 
        802005f0         802005f0        0     1                 .L0 
        802005f0         802005f0        0     1                 .L0 
        802005f6         802005f6        0     1                 .L0 
        802005fe         802005fe        0     1                 .L0 
        802005fe         802005fe        0     1                 .L0 
        80200604         80200604        0     1                 .L0 
        80200604         80200604        0     1                 .L0 
        80200608         80200608        0     1                 .Lpcrel_hi48
        80200608         80200608        0     1                 .L0 
        8020060c         8020060c        0     1                 .Lpcrel_hi49
        8020060c         8020060c        0     1                 .L0 
        80200614         80200614        0     1                 .L0 
        8020061e         8020061e        0     1                 .L0 
        8020062c         8020062c        0     1                 .Lpcrel_hi50
        80200642         80200642        0     1                 .L0 
        80200644         80200644        0     1                 .L0 
        80200648         80200648        0     1                 .L0 
        8020064a         8020064a        0     1                 .L0 
        8020064a         8020064a        0     1                 .L0 
        8020064a         8020064a        0     1                 .L0 
        8020064c         8020064c        0     1                 .Lpcrel_hi51
        8020065c         8020065c        0     1                 .L0 
        8020065e         8020065e        0     1                 .L0 
        80200662         80200662        0     1                 .L0 
        80200666         80200666        0     1                 .L0 
        8020066a         8020066a        0     1                 .L0 
        8020066e         8020066e        0     1                 .L0 
        8020066e         8020066e        0     1                 .L0 
        80200670         80200670        0     1                 .L0 
        80200670         80200670        0     1                 .L0 
        80200670         80200670        0     1                 .L0 
        80200672         80200672        0     1                 .L0 
        80200672         80200672        0     1                 .L0 
        80200676         80200676        0     1                 .L0 
        80200676         80200676        0     1                 .L0 
        80200678         80200678        0     1                 .L0 
        80200678         80200678        0     1                 .L0 
        8020067c         8020067c        0     1                 .L0 
        8020067e         8020067e        0     1                 .L0 
        8020067e         8020067e        0     1                 .L0 
        80200688         80200688        0     1                 .L0 
        80200688         80200688        0     1                 .L0 
        80200694         80200694        0     1                 .L0 
        80200694         80200694        0     1                 .L0 
        80200698         80200698        0     1                 .L0 
        80200698         80200698        0     1                 .L0 
        8020069e         8020069e        0     1                 .L0 
        802006a6         802006a6        0     1                 .L0 
        802006aa         802006aa        0     1                 .L0 
        802006aa         802006aa        0     1                 .L0 
        802006ac         802006ac        0     1                 .L0 
        802006b8         802006b8        0     1                 .L0 
        802006b8         802006b8        0     1                 .L0 
        802006c0         802006c0        0     1                 .L0 
        802006c2         802006c2        0     1                 .L0 
        802006c6         802006c6        0     1                 .L0 
        802006ca         802006ca        0     1                 .L0 
        802006ca         802006ca        0     1                 .L0 
        802006ce         802006ce        0     1                 .L0 
        802006d4         802006d4        0     1                 .L0 
        802006d4         802006d4        0     1                 .L0 
        802006d8         802006d8        0     1                 .L0 
        802006dc         802006dc        0     1                 .L0 
        802006e2         802006e2        0     1                 .L0 
        802006e2         802006e2        0     1                 .L0 
        802006e6         802006e6        0     1                 .L0 
        802006ec         802006ec        0     1                 .L0 
        802006f0         802006f0        0     1                 .L0 
        802006f0         802006f0        0     1                 .L0 
        802006f4         802006f4        0     1                 .L0 
        802006fc         802006fc        0     1                 .L0 
        80200700         80200700        0     1                 .L0 
        80200700         80200700        0     1                 .L0 
        80200702         80200702        0     1                 .L0 
        80200702         80200702        0     1                 .L0 
        80200702         80200702        0     1                 .L0 
        80200704         80200704        0     1                 .L0 
        80200704         80200704        0     1                 .Lpcrel_hi72
        8020071c         8020071c        0     1                 .L0 
        80200720         80200720        0     1                 .L0 
        80200720         80200720        0     1                 .L0 
        80200724         80200724        0     1                 .L0 
        80200728         80200728        0     1                 .L0 
        8020072c         8020072c        0     1                 .L0 
        80200734         80200734        0     1                 .L0 
        80200744         80200744        0     1                 .L0 
        80200752         80200752        0     1                 .L0 
        8020075e         8020075e        0     1                 .L0 
        8020075e         8020075e        0     1                 .L0 
        80200760         80200760        0     1                 .L0 
        80200766         80200766        0     1                 .L0 
        8020076a         8020076a        0     1                 .L0 
        8020076a         8020076a        0     1                 .L0 
        80200774         80200774        0     1                 .L0 
        80200774         80200774        0     1                 .L0 
        80200778         80200778        0     1                 .L0 
        80200778         80200778        0     1                 .L0 
        8020077e         8020077e        0     1                 .L0 
        8020077e         8020077e        0     1                 .Lpcrel_hi55
        80200782         80200782        0     1                 .L0 
        80200782         80200782        0     1                 .Lpcrel_hi56
        8020078a         8020078a        0     1                 .L0 
        80200794         80200794        0     1                 .L0 
        802007a2         802007a2        0     1                 .Lpcrel_hi57
        802007bc         802007bc        0     1                 .L0 
        802007bc         802007bc        0     1                 .L0 
        802007c0         802007c0        0     1                 .L0 
        802007c4         802007c4        0     1                 .L0 
        802007c8         802007c8        0     1                 .L0 
        802007c8         802007c8        0     1                 .Lpcrel_hi58
        802007c8         802007c8        0     1                 .L0 
        802007de         802007de        0     1                 .L0 
        802007de         802007de        0     1                 .L0 
        802007e2         802007e2        0     1                 .L0 
        802007e8         802007e8        0     1                 .L0 
        802007e8         802007e8        0     1                 .L0 
        802007ec         802007ec        0     1                 .L0 
        802007ec         802007ec        0     1                 .Lpcrel_hi59
        802007ec         802007ec        0     1                 .L0 
        8020080a         8020080a        0     1                 .L0 
        8020080a         8020080a        0     1                 .L0 
        8020080e         8020080e        0     1                 .L0 
        80200814         80200814        0     1                 .L0 
        80200814         80200814        0     1                 .L0 
        80200816         80200816        0     1                 .L0 
        80200816         80200816        0     1                 .L0 
        8020081c         8020081c        0     1                 .L0 
        8020081e         8020081e        0     1                 .L0 
        8020081e         8020081e        0     1                 .L0 
        80200824         80200824        0     1                 .L0 
        80200824         80200824        0     1                 .Lpcrel_hi65
        80200824         80200824        0     1                 .L0 
        8020083c         8020083c        0     1                 .L0 
        8020083e         8020083e        0     1                 .L0 
        8020083e         8020083e        0     1                 .L0 
        80200842         80200842        0     1                 .L0 
        80200842         80200842        0     1                 .L0 
        80200844         80200844        0     1                 .L0 
        80200844         80200844        0     1                 .L0 
        80200848         80200848        0     1                 .L0 
        8020084c         8020084c        0     1                 .L0 
        8020084c         8020084c        0     1                 .L0 
        80200850         80200850        0     1                 .L0 
        80200850         80200850        0     1                 .L0 
        80200858         80200858        0     1                 .L0 
        8020085c         8020085c        0     1                 .L0 
        80200860         80200860        0     1                 .L0 
        80200864         80200864        0     1                 .L0 
        80200868         80200868        0     1                 .L0 
        80200870         80200870        0     1                 .L0 
        80200874         80200874        0     1                 .L0 
        80200880         80200880        0     1                 .L0 
        80200886         80200886        0     1                 .L0 
        80200888         80200888        0     1                 .L0 
        80200888         80200888        0     1                 .L0 
        8020088c         8020088c        0     1                 .L0 
        8020088e         8020088e        0     1                 .L0 
        8020088e         8020088e        0     1                 .L0 
        80200892         80200892        0     1                 .L0 
        80200896         80200896        0     1                 .L0 
        8020089a         8020089a        0     1                 .L0 
        8020089e         8020089e        0     1                 .L0 
        802008a2         802008a2        0     1                 .L0 
        802008a8         802008a8        0     1                 .L0 
        802008ac         802008ac        0     1                 .L0 
        802008b0         802008b0        0     1                 .L0 
        802008b0         802008b0        0     1                 .L0 
        802008b2         802008b2        0     1                 .L0 
        802008b2         802008b2        0     1                 .L0 
        802008b8         802008b8        0     1                 .L0 
        802008b8         802008b8        0     1                 .L0 
        802008ce         802008ce        0     1                 .L0 
        802008d8         802008d8        0     1                 .L0 
        802008d8         802008d8        0     1                 .L0 
        802008e0         802008e0        0     1                 .L0 
        802008e0         802008e0        0     1                 .L0 
        802008ec         802008ec        0     1                 .L0 
        802008f6         802008f6        0     1                 .L0 
        802008f6         802008f6        0     1                 .L0 
        802008f8         802008f8        0     1                 .L0 
        802008f8         802008f8        0     1                 .L0 
        802008fc         802008fc        0     1                 .L0 
        802008fc         802008fc        0     1                 .L0 
        802008fe         802008fe        0     1                 .L0 
        802008fe         802008fe        0     1                 .L0 
        80200906         80200906        0     1                 .Lpcrel_hi61
        80200914         80200914        0     1                 .L0 
        8020091e         8020091e        0     1                 .L0 
        8020091e         8020091e        0     1                 .L0 
        80200922         80200922        0     1                 .L0 
        80200922         80200922        0     1                 .L0 
        80200926         80200926        0     1                 .L0 
        80200926         80200926        0     1                 .L0 
        8020092a         8020092a        0     1                 .L0 
        8020092a         8020092a        0     1                 .L0 
        80200930         80200930        0     1                 .L0 
        80200930         80200930        0     1                 .L0 
        80200932         80200932        0     1                 .L0 
        80200936         80200936        0     1                 .L0 
        80200936         80200936        0     1                 .L0 
        8020093a         8020093a        0     1                 .L0 
        8020093a         8020093a        0     1                 .L0 
        8020093e         8020093e        0     1                 .L0 
        80200944         80200944        0     1                 .L0 
        80200944         80200944        0     1                 .L0 
        80200948         80200948        0     1                 .L0 
        8020094c         8020094c        0     1                 .L0 
        80200952         80200952        0     1                 .L0 
        80200954         80200954        0     1                 .L0 
        80200956         80200956        0     1                 .L0 
        80200956         80200956        0     1                 .L0 
        8020095a         8020095a        0     1                 .L0 
        80200962         80200962        0     1                 .L0 
        80200962         80200962        0     1                 .Lpcrel_hi60
        80200962         80200962        0     1                 .L0 
        8020097a         8020097a        0     1                 .L0 
        8020097e         8020097e        0     1                 .L0 
        8020097e         8020097e        0     1                 .L0 
        80200982         80200982        0     1                 .L0 
        80200986         80200986        0     1                 .L0 
        8020098a         8020098a        0     1                 .L0 
        80200994         80200994        0     1                 .L0 
        80200998         80200998        0     1                 .L0 
        80200998         80200998        0     1                 .L0 
        802009a4         802009a4        0     1                 .L0 
        802009b0         802009b0        0     1                 .L0 
        802009b6         802009b6        0     1                 .L0 
        802009b6         802009b6        0     1                 .L0 
        802009c0         802009c0        0     1                 .L0 
        802009c4         802009c4        0     1                 .L0 
        802009c4         802009c4        0     1                 .L0 
        802009cc         802009cc        0     1                 .Lpcrel_hi63
        802009da         802009da        0     1                 .L0 
        802009e4         802009e4        0     1                 .L0 
        802009e4         802009e4        0     1                 .L0 
        802009e8         802009e8        0     1                 .L0 
        802009e8         802009e8        0     1                 .L0 
        802009ec         802009ec        0     1                 .L0 
        802009ec         802009ec        0     1                 .L0 
        802009f0         802009f0        0     1                 .L0 
        802009f4         802009f4        0     1                 .L0 
        802009f6         802009f6        0     1                 .L0 
        802009f8         802009f8        0     1                 .L0 
        802009fc         802009fc        0     1                 .L0 
        802009fc         802009fc        0     1                 .L0 
        80200a00         80200a00        0     1                 .L0 
        80200a00         80200a00        0     1                 .L0 
        80200a04         80200a04        0     1                 .L0 
        80200a0a         80200a0a        0     1                 .L0 
        80200a0a         80200a0a        0     1                 .L0 
        80200a0e         80200a0e        0     1                 .L0 
        80200a12         80200a12        0     1                 .L0 
        80200a18         80200a18        0     1                 .L0 
        80200a1a         80200a1a        0     1                 .L0 
        80200a1c         80200a1c        0     1                 .L0 
        80200a1c         80200a1c        0     1                 .L0 
        80200a20         80200a20        0     1                 .L0 
        80200a28         80200a28        0     1                 .L0 
        80200a28         80200a28        0     1                 .L0 
        80200a30         80200a30        0     1                 .Lpcrel_hi62
        80200a3e         80200a3e        0     1                 .L0 
        80200a48         80200a48        0     1                 .L0 
        80200a48         80200a48        0     1                 .L0 
        80200a4c         80200a4c        0     1                 .L0 
        80200a4c         80200a4c        0     1                 .L0 
        80200a50         80200a50        0     1                 .L0 
        80200a50         80200a50        0     1                 .L0 
        80200a54         80200a54        0     1                 .L0 
        80200a58         80200a58        0     1                 .L0 
        80200a5c         80200a5c        0     1                 .L0 
        80200a60         80200a60        0     1                 .L0 
        80200a60         80200a60        0     1                 .L0 
        80200a64         80200a64        0     1                 .L0 
        80200a64         80200a64        0     1                 .L0 
        80200a68         80200a68        0     1                 .L0 
        80200a6e         80200a6e        0     1                 .L0 
        80200a6e         80200a6e        0     1                 .L0 
        80200a72         80200a72        0     1                 .L0 
        80200a76         80200a76        0     1                 .L0 
        80200a7c         80200a7c        0     1                 .L0 
        80200a7e         80200a7e        0     1                 .L0 
        80200a80         80200a80        0     1                 .L0 
        80200a80         80200a80        0     1                 .L0 
        80200a84         80200a84        0     1                 .L0 
        80200a8c         80200a8c        0     1                 .L0 
        80200a8c         80200a8c        0     1                 .L0 
        80200a96         80200a96        0     1                 .L0 
        80200a9c         80200a9c        0     1                 .L0 
        80200a9c         80200a9c        0     1                 .L0 
        80200a9e         80200a9e        0     1                 .L0 
        80200a9e         80200a9e        0     1                 .L0 
        80200aa6         80200aa6        0     1                 .L0 
        80200aa6         80200aa6        0     1                 .L0 
        80200aaa         80200aaa        0     1                 .L0 
        80200aac         80200aac        0     1                 .L0 
        80200aac         80200aac        0     1                 .L0 
        80200ab0         80200ab0        0     1                 .L0 
        80200ab4         80200ab4        0     1                 .Lpcrel_hi66
        80200ac0         80200ac0        0     1                 .L0 
        80200ac4         80200ac4        0     1                 .L0 
        80200ac4         80200ac4        0     1                 .L0 
        80200ac8         80200ac8        0     1                 .L0 
        80200ac8         80200ac8        0     1                 .L0 
        80200acc         80200acc        0     1                 .L0 
        80200ace         80200ace        0     1                 .L0 
        80200ace         80200ace        0     1                 .L0 
        80200ad0         80200ad0        0     1                 .L0 
        80200ad0         80200ad0        0     1                 .L0 
        80200ad4         80200ad4        0     1                 .L0 
        80200ad4         80200ad4        0     1                 .L0 
        80200ad8         80200ad8        0     1                 .L0 
        80200ade         80200ade        0     1                 .L0 
        80200ae6         80200ae6        0     1                 .L0 
        80200aea         80200aea        0     1                 .L0 
        80200aea         80200aea        0     1                 .L0 
        80200aee         80200aee        0     1                 .L0 
        80200aee         80200aee        0     1                 .L0 
        80200afe         80200afe        0     1                 .L0 
        80200afe         80200afe        0     1                 .L0 
        80200b10         80200b10        0     1                 .L0 
        80200b10         80200b10        0     1                 .L0 
        80200b12         80200b12        0     1                 .L0 
        80200b12         80200b12        0     1                 .L0 
        80200b16         80200b16        0     1                 .L0 
        80200b16         80200b16        0     1                 .L0 
        80200b1a         80200b1a        0     1                 .L0 
        80200b1a         80200b1a        0     1                 .L0 
        80200b2c         80200b2c        0     1                 .L0 
        80200b34         80200b34        0     1                 .L0 
        80200b3a         80200b3a        0     1                 .L0 
        80200b3c         80200b3c        0     1                 .L0 
        80200b44         80200b44        0     1                 .L0 
        80200b48         80200b48        0     1                 .L0 
        80200b48         80200b48        0     1                 .L0 
        80200b4c         80200b4c        0     1                 .L0 
        80200b50         80200b50        0     1                 .L0 
        80200b54         80200b54        0     1                 .L0 
        80200b5a         80200b5a        0     1                 .L0 
        80200b6c         80200b6c        0     1                 .L0 
        80200b6e         80200b6e        0     1                 .L0 
        80200b7e         80200b7e        0     1                 .L0 
        80200b8c         80200b8c        0     1                 .L0 
        80200b8c         80200b8c        0     1                 .L0 
        80200b8e         80200b8e        0     1                 .L0 
        80200b8e         80200b8e        0     1                 .Lpcrel_hi53
        80200b8e         80200b8e        0     1                 .L0 
        80200b9e         80200b9e        0     1                 .L0 
        80200b9e         80200b9e        0     1                 .Lpcrel_hi68
        80200baa         80200baa        0     1                 .L0 
        80200bac         80200bac        0     1                 .L0 
        80200bb6         80200bb6        0     1                 .L0 
        80200bbe         80200bbe        0     1                 .L0 
        80200bbe         80200bbe        0     1                 .Lpcrel_hi69
        80200bd2         80200bd2        0     1                 .L0 
        80200bd2         80200bd2        0     1                 .Lpcrel_hi71
        80200be2         80200be2        0     1                 .L0 
        80200be2         80200be2        0     1                 .Lpcrel_hi35
        80200bf2         80200bf2        0     1                 .Lpcrel_hi38
        80200c02         80200c02        0     1                 .L0 
        80200c02         80200c02        0     1                 .Lpcrel_hi52
        80200c12         80200c12        0     1                 .L0 
        80200c12         80200c12        0     1                 .Lpcrel_hi54
        80200c22         80200c22        0     1                 .L0 
        80200c22         80200c22        0     1                 .Lpcrel_hi64
        80200c32         80200c32        0     1                 .L0 
        80200c32         80200c32        0     1                 .Lpcrel_hi70
        80200c42         80200c42        0     1                 .L0 
        80200c42         80200c42        0     1                 .Lpcrel_hi67
        80200c56         80200c56        0     1                 .L0 
        80200c56         80200c56        0     1                 .L0 
        80200c56         80200c56       48     2         D:\rust\bogokernel\target\riscv64gc-unknown-none-elf\debug\deps\kernel-fa0b5568b27e06bf.57vr0ejha9r127zsyddwhnbzr.039isw9.rcgu.o:(.text._ZN72_$LT$riscv..interrupt..Trap$LT$I$C$E$GT$$u20$as$u20$core..fmt..Debug$GT$3fmt17hd535e9fd60167cc7E)
        80200c56         80200c56       48     1                 _$LT$riscv..interrupt..Trap$LT$I$C$E$GT$$u20$as$u20$core..fmt..Debug$GT$::fmt::hd535e9fd60167cc7
        80200c56         80200c56        0     1                 .L0 
        80200c56         80200c56        0     1                 .L0 
        80200c56         80200c56        0     1                 $x
        80200c56         80200c56        0     1                 .L0 
        80200c5c         80200c5c        0     1                 .L0 
        80200c62         80200c62        0     1                 .L0 
        80200c64         80200c64        0     1                 .Lpcrel_hi73
        80200c64         80200c64        0     1                 .L0 
        80200c64         80200c64        0     1                 .L0 
        80200c68         80200c68        0     1                 .Lpcrel_hi74
        80200c78         80200c78        0     1                 .L0 
        80200c7a         80200c7a        0     1                 .Lpcrel_hi75
        80200c7a         80200c7a        0     1                 .L0 
        80200c7e         80200c7e        0     1                 .Lpcrel_hi76
        80200c9e         80200c9e        0     1                 .L0 
        80200c9e         80200c9e       70     2         D:\rust\bogokernel\target\riscv64gc-unknown-none-elf\debug\deps\kernel-fa0b5568b27e06bf.57vr0ejha9r127zsyddwhnbzr.039isw9.rcgu.o:(.text.after_user)
        80200c9e         80200c9e        0     1                 .L0 
        80200c9e         80200c9e        0     1                 .L0 
        80200c9e         80200c9e        0     1                 $x
        80200c9e         80200c9e        0     1                 .L0 
        80200c9e         80200c9e       70     1                 after_user
        80200ca0         80200ca0        0     1                 .L0 
        80200ca8         80200ca8        0     1                 .Lpcrel_hi77
        80200cb8         80200cb8        0     1                 .L0 
        80200cb8         80200cb8        0     1                 .L0 
        80200cc2         80200cc2        0     1                 .L0 
        80200cc6         80200cc6        0     1                 .L0 
        80200cc6         80200cc6        0     1                 .L0 
        80200cca         80200cca        0     1                 .L0 
        80200cca         80200cca        0     1                 .L0 
        80200cce         80200cce        0     1                 .L0 
        80200cd2         80200cd2        0     1                 .L0 
        80200cd2         80200cd2        0     1                 .L0 
        80200cd8         80200cd8        0     1                 .L0 
        80200cda         80200cda        0     1                 .L0 
        80200cde         80200cde        0     1                 .L0 
        80200cde         80200cde        0     1                 .L0 
        80200ce2         80200ce2        0     1                 .L0 
        80200ce2         80200ce2        0     1                 .L0 
        80200ce6         80200ce6        0     1                 .L0 
        80200cec         80200cec        0     1                 .L0 
        80200cec         80200cec        0     1                 .L0 
        80200cf0         80200cf0        0     1                 .L0 
        80200cf4         80200cf4        0     1                 .L0 
        80200cfc         80200cfc        0     1                 .L0 
        80200cfc         80200cfc        0     1                 .L0 
        80200d00         80200d00        0     1                 .L0 
        80200d08         80200d08        0     1                 .L0 
        80200d08         80200d08        0     1                 .L0 
        80200d0c         80200d0c        0     1                 .L0 
        80200d0e         80200d0e        0     1                 .L0 
        80200d0e         80200d0e     16a8     2         D:\rust\bogokernel\target\riscv64gc-unknown-none-elf\debug\deps\kernel-fa0b5568b27e06bf.57vr0ejha9r127zsyddwhnbzr.039isw9.rcgu.o:(.text.rust_start)
        80200d0e         80200d0e        0     1                 .L0 
        80200d0e         80200d0e        0     1                 .L0 
        80200d0e         80200d0e        0     1                 $x
        80200d0e         80200d0e        0     1                 .L0 
        80200d0e         80200d0e     16a8     1                 rust_start
        80200d48         80200d48        0     1                 .L0 
        80200d50         80200d50        0     1                 .Lpcrel_hi78
        80200d5e         80200d5e        0     1                 .L0 
        80200d5e         80200d5e        0     1                 .L0 
        80200d68         80200d68        0     1                 .L0 
        80200d6c         80200d6c        0     1                 .L0 
        80200d6c         80200d6c        0     1                 .L0 
        80200d70         80200d70        0     1                 .L0 
        80200d70         80200d70        0     1                 .L0 
        80200d74         80200d74        0     1                 .L0 
        80200d78         80200d78        0     1                 .L0 
        80200d78         80200d78        0     1                 .L0 
        80200d7e         80200d7e        0     1                 .L0 
        80200d80         80200d80        0     1                 .L0 
        80200d84         80200d84        0     1                 .L0 
        80200d84         80200d84        0     1                 .L0 
        80200d88         80200d88        0     1                 .L0 
        80200d88         80200d88        0     1                 .L0 
        80200d8c         80200d8c        0     1                 .L0 
        80200d92         80200d92        0     1                 .L0 
        80200d92         80200d92        0     1                 .L0 
        80200d96         80200d96        0     1                 .L0 
        80200d9a         80200d9a        0     1                 .L0 
        80200da0         80200da0        0     1                 .L0 
        80200da2         80200da2        0     1                 .L0 
        80200da4         80200da4        0     1                 .L0 
        80200da4         80200da4        0     1                 .L0 
        80200da8         80200da8        0     1                 .L0 
        80200db0         80200db0        0     1                 .L0 
        80200db0         80200db0        0     1                 .Lpcrel_hi79
        80200db0         80200db0        0     1                 .L0 
        80200dc4         80200dc4        0     1                 .L0 
        80200dc6         80200dc6        0     1                 .L0 
        80200dca         80200dca        0     1                 .L0 
        80200dcc         80200dcc        0     1                 .Lpcrel_hi81
        80200dde         80200dde        0     1                 .L0 
        80200de8         80200de8        0     1                 .L0 
        80200de8         80200de8        0     1                 .L0 
        80200dec         80200dec        0     1                 .L0 
        80200dec         80200dec        0     1                 .L0 
        80200df0         80200df0        0     1                 .L0 
        80200df0         80200df0        0     1                 .L0 
        80200df4         80200df4        0     1                 .L0 
        80200df8         80200df8        0     1                 .L0 
        80200df8         80200df8        0     1                 .L0 
        80200dfe         80200dfe        0     1                 .L0 
        80200e00         80200e00        0     1                 .L0 
        80200e04         80200e04        0     1                 .L0 
        80200e04         80200e04        0     1                 .L0 
        80200e08         80200e08        0     1                 .L0 
        80200e08         80200e08        0     1                 .L0 
        80200e0c         80200e0c        0     1                 .L0 
        80200e12         80200e12        0     1                 .L0 
        80200e12         80200e12        0     1                 .L0 
        80200e16         80200e16        0     1                 .L0 
        80200e1a         80200e1a        0     1                 .L0 
        80200e20         80200e20        0     1                 .L0 
        80200e22         80200e22        0     1                 .L0 
        80200e24         80200e24        0     1                 .L0 
        80200e24         80200e24        0     1                 .L0 
        80200e28         80200e28        0     1                 .L0 
        80200e30         80200e30        0     1                 .L0 
        80200e30         80200e30        0     1                 .L0 
        80200e32         80200e32        0     1                 .Lpcrel_hi82
        80200e32         80200e32        0     1                 .L0 
        80200e3e         80200e3e        0     1                 .Lpcrel_hi83
        80200e4a         80200e4a        0     1                 .L0 
        80200e4e         80200e4e        0     1                 .L0 
        80200e52         80200e52        0     1                 .L0 
        80200e60         80200e60        0     1                 .L0 
        80200e6a         80200e6a        0     1                 .L0 
        80200e6a         80200e6a        0     1                 .L0 
        80200e6e         80200e6e        0     1                 .L0 
        80200e6e         80200e6e        0     1                 .L0 
        80200e72         80200e72        0     1                 .L0 
        80200e72         80200e72        0     1                 .L0 
        80200e76         80200e76        0     1                 .L0 
        80200e7a         80200e7a        0     1                 .L0 
        80200e7a         80200e7a        0     1                 .L0 
        80200e80         80200e80        0     1                 .L0 
        80200e82         80200e82        0     1                 .L0 
        80200e86         80200e86        0     1                 .L0 
        80200e86         80200e86        0     1                 .L0 
        80200e8a         80200e8a        0     1                 .L0 
        80200e8a         80200e8a        0     1                 .L0 
        80200e8e         80200e8e        0     1                 .L0 
        80200e94         80200e94        0     1                 .L0 
        80200e94         80200e94        0     1                 .L0 
        80200e98         80200e98        0     1                 .L0 
        80200e9c         80200e9c        0     1                 .L0 
        80200ea2         80200ea2        0     1                 .L0 
        80200ea4         80200ea4        0     1                 .L0 
        80200ea6         80200ea6        0     1                 .L0 
        80200ea6         80200ea6        0     1                 .L0 
        80200eaa         80200eaa        0     1                 .L0 
        80200eb2         80200eb2        0     1                 .L0 
        80200eb2         80200eb2        0     1                 .L0 
        80200eb6         80200eb6        0     1                 .L0 
        80200ec4         80200ec4        0     1                 .L0 
        80200ec4         80200ec4        0     1                 .L0 
        80200ed8         80200ed8        0     1                 .L0 
        80200eda         80200eda        0     1                 .L0 
        80200ede         80200ede        0     1                 .L0 
        80200ee2         80200ee2        0     1                 .L0 
        80200ee4         80200ee4        0     1                 .Lpcrel_hi85
        80200ef6         80200ef6        0     1                 .L0 
        80200f00         80200f00        0     1                 .L0 
        80200f00         80200f00        0     1                 .L0 
        80200f04         80200f04        0     1                 .L0 
        80200f04         80200f04        0     1                 .L0 
        80200f08         80200f08        0     1                 .L0 
        80200f08         80200f08        0     1                 .L0 
        80200f0c         80200f0c        0     1                 .L0 
        80200f10         80200f10        0     1                 .L0 
        80200f10         80200f10        0     1                 .L0 
        80200f16         80200f16        0     1                 .L0 
        80200f18         80200f18        0     1                 .L0 
        80200f1c         80200f1c        0     1                 .L0 
        80200f1c         80200f1c        0     1                 .L0 
        80200f20         80200f20        0     1                 .L0 
        80200f20         80200f20        0     1                 .L0 
        80200f24         80200f24        0     1                 .L0 
        80200f2a         80200f2a        0     1                 .L0 
        80200f2a         80200f2a        0     1                 .L0 
        80200f2e         80200f2e        0     1                 .L0 
        80200f32         80200f32        0     1                 .L0 
        80200f38         80200f38        0     1                 .L0 
        80200f3a         80200f3a        0     1                 .L0 
        80200f3c         80200f3c        0     1                 .L0 
        80200f3c         80200f3c        0     1                 .L0 
        80200f40         80200f40        0     1                 .L0 
        80200f48         80200f48        0     1                 .L0 
        80200f48         80200f48        0     1                 .Lpcrel_hi86
        80200f48         80200f48        0     1                 .L0 
        80200f5e         80200f5e        0     1                 .L0 
        80200f5e         80200f5e        0     1                 .L0 
        80200f66         80200f66        0     1                 .Lpcrel_hi89
        80200f74         80200f74        0     1                 .L0 
        80200f86         80200f86        0     1                 .L0 
        80200fb0         80200fb0        0     1                 .L0 
        80200fba         80200fba        0     1                 .L0 
        80200fbe         80200fbe        0     1                 .L0 
        80200fbe         80200fbe        0     1                 .L0 
        80200fc4         80200fc4        0     1                 .L0 
        80200fc6         80200fc6        0     1                 .L0 
        80200fc8         80200fc8        0     1                 .L0 
        80200fcc         80200fcc        0     1                 .L0 
        80200fd0         80200fd0        0     1                 .L0 
        80200fdc         80200fdc        0     1                 .L0 
        80200fea         80200fea        0     1                 .L0 
        80200ff4         80200ff4        0     1                 .L0 
        80200ff6         80200ff6        0     1                 .L0 
        80200ffc         80200ffc        0     1                 .L0 
        80200ffc         80200ffc        0     1                 .L0 
        80201016         80201016        0     1                 .L0 
        80201016         80201016        0     1                 .L0 
        80201020         80201020        0     1                 .L0 
        80201020         80201020        0     1                 .L0 
        80201080         80201080        0     1                 .L0 
        80201084         80201084        0     1                 .L0 
        80201088         80201088        0     1                 .Lpcrel_hi94
        80201088         80201088        0     1                 .L0 
        80201096         80201096        0     1                 .L0 
        802010a0         802010a0        0     1                 .L0 
        802010a0         802010a0        0     1                 .L0 
        802010a4         802010a4        0     1                 .L0 
        802010a4         802010a4        0     1                 .L0 
        802010a8         802010a8        0     1                 .L0 
        802010a8         802010a8        0     1                 .L0 
        802010ac         802010ac        0     1                 .L0 
        802010b0         802010b0        0     1                 .L0 
        802010b0         802010b0        0     1                 .L0 
        802010b6         802010b6        0     1                 .L0 
        802010b8         802010b8        0     1                 .L0 
        802010bc         802010bc        0     1                 .L0 
        802010bc         802010bc        0     1                 .L0 
        802010c0         802010c0        0     1                 .L0 
        802010c0         802010c0        0     1                 .L0 
        802010c4         802010c4        0     1                 .L0 
        802010ca         802010ca        0     1                 .L0 
        802010ca         802010ca        0     1                 .L0 
        802010ce         802010ce        0     1                 .L0 
        802010d2         802010d2        0     1                 .L0 
        802010d8         802010d8        0     1                 .L0 
        802010da         802010da        0     1                 .L0 
        802010dc         802010dc        0     1                 .L0 
        802010dc         802010dc        0     1                 .L0 
        802010e0         802010e0        0     1                 .L0 
        802010e8         802010e8        0     1                 .L0 
        802010e8         802010e8        0     1                 .Lpcrel_hi95
        802010e8         802010e8        0     1                 .L0 
        802010ec         802010ec        0     1                 .Lpcrel_hi96
        802010f8         802010f8        0     1                 .L0 
        80201100         80201100        0     1                 .L0 
        80201100         80201100        0     1                 .L0 
        80201104         80201104        0     1                 .L0 
        8020110a         8020110a        0     1                 .L0 
        8020110a         8020110a        0     1                 .L0 
        8020112a         8020112a        0     1                 .L0 
        80201134         80201134        0     1                 .L0 
        80201138         80201138        0     1                 .Lpcrel_hi100
        8020114a         8020114a        0     1                 .L0 
        80201154         80201154        0     1                 .L0 
        80201154         80201154        0     1                 .L0 
        80201158         80201158        0     1                 .L0 
        80201158         80201158        0     1                 .L0 
        8020115c         8020115c        0     1                 .L0 
        8020115c         8020115c        0     1                 .L0 
        80201160         80201160        0     1                 .L0 
        80201164         80201164        0     1                 .L0 
        80201164         80201164        0     1                 .L0 
        8020116a         8020116a        0     1                 .L0 
        8020116c         8020116c        0     1                 .L0 
        80201170         80201170        0     1                 .L0 
        80201170         80201170        0     1                 .L0 
        80201174         80201174        0     1                 .L0 
        80201174         80201174        0     1                 .L0 
        80201178         80201178        0     1                 .L0 
        8020117e         8020117e        0     1                 .L0 
        8020117e         8020117e        0     1                 .L0 
        80201182         80201182        0     1                 .L0 
        80201186         80201186        0     1                 .L0 
        8020118c         8020118c        0     1                 .L0 
        8020118e         8020118e        0     1                 .L0 
        80201190         80201190        0     1                 .L0 
        80201190         80201190        0     1                 .L0 
        80201194         80201194        0     1                 .L0 
        8020119c         8020119c        0     1                 .L0 
        8020119c         8020119c        0     1                 .L0 
        802011ae         802011ae        0     1                 .L0 
        802011ae         802011ae        0     1                 .L0 
        802011b6         802011b6        0     1                 .L0 
        802011b6         802011b6        0     1                 .L0 
        802011c8         802011c8        0     1                 .L0 
        802011c8         802011c8        0     1                 .L0 
        802011da         802011da        0     1                 .L0 
        802011da         802011da        0     1                 .L0 
        802011de         802011de        0     1                 .Lpcrel_hi105
        802011de         802011de        0     1                 .L0 
        802011e2         802011e2        0     1                 .Lpcrel_hi106
        802011e2         802011e2        0     1                 .L0 
        802011ea         802011ea        0     1                 .L0 
        802011ee         802011ee        0     1                 .L0 
        802011f8         802011f8        0     1                 .L0 
        80201206         80201206        0     1                 .Lpcrel_hi107
        8020121c         8020121c        0     1                 .L0 
        8020121c         8020121c        0     1                 .L0 
        8020122c         8020122c        0     1                 .L0 
        8020122c         8020122c        0     1                 .L0 
        80201234         80201234        0     1                 .L0 
        80201234         80201234        0     1                 .L0 
        80201248         80201248        0     1                 .L0 
        80201248         80201248        0     1                 .L0 
        8020125c         8020125c        0     1                 .L0 
        8020125c         8020125c        0     1                 .L0 
        80201260         80201260        0     1                 .L0 
        80201260         80201260        0     1                 .L0 
        80201264         80201264        0     1                 .L0 
        80201264         80201264        0     1                 .L0 
        80201268         80201268        0     1                 .L0 
        80201268         80201268        0     1                 .L0 
        8020126c         8020126c        0     1                 .L0 
        8020126c         8020126c        0     1                 .L0 
        80201270         80201270        0     1                 .L0 
        80201270         80201270        0     1                 .L0 
        8020127a         8020127a        0     1                 .L0 
        8020127c         8020127c        0     1                 .L0 
        8020127e         8020127e        0     1                 .L0 
        80201284         80201284        0     1                 .L0 
        80201284         80201284        0     1                 .L0 
        8020128a         8020128a        0     1                 .L0 
        8020128a         8020128a        0     1                 .L0 
        80201294         80201294        0     1                 .L0 
        80201296         80201296        0     1                 .L0 
        80201298         80201298        0     1                 .L0 
        8020129c         8020129c        0     1                 .L0 
        8020129c         8020129c        0     1                 .L0 
        802012a2         802012a2        0     1                 .L0 
        802012a2         802012a2        0     1                 .L0 
        802012ac         802012ac        0     1                 .L0 
        802012ae         802012ae        0     1                 .L0 
        802012b2         802012b2        0     1                 .L0 
        802012b6         802012b6        0     1                 .L0 
        802012b6         802012b6        0     1                 .L0 
        802012bc         802012bc        0     1                 .L0 
        802012bc         802012bc        0     1                 .L0 
        802012c6         802012c6        0     1                 .L0 
        802012c8         802012c8        0     1                 .L0 
        802012cc         802012cc        0     1                 .L0 
        802012ce         802012ce        0     1                 .L0 
        802012ce         802012ce        0     1                 .L0 
        802012d4         802012d4        0     1                 .L0 
        802012d4         802012d4        0     1                 .L0 
        802012de         802012de        0     1                 .L0 
        802012e0         802012e0        0     1                 .L0 
        802012e4         802012e4        0     1                 .L0 
        802012e8         802012e8        0     1                 .L0 
        802012e8         802012e8        0     1                 .L0 
        802012ee         802012ee        0     1                 .L0 
        802012ee         802012ee        0     1                 .L0 
        802012f8         802012f8        0     1                 .L0 
        802012fa         802012fa        0     1                 .L0 
        802012fe         802012fe        0     1                 .L0 
        80201302         80201302        0     1                 .L0 
        80201302         80201302        0     1                 .L0 
        80201308         80201308        0     1                 .L0 
        80201308         80201308        0     1                 .L0 
        80201312         80201312        0     1                 .L0 
        80201314         80201314        0     1                 .L0 
        8020131a         8020131a        0     1                 .L0 
        8020131e         8020131e        0     1                 .L0 
        8020131e         8020131e        0     1                 .L0 
        80201324         80201324        0     1                 .L0 
        80201324         80201324        0     1                 .L0 
        8020132e         8020132e        0     1                 .L0 
        80201336         80201336        0     1                 .L0 
        80201338         80201338        0     1                 .L0 
        8020133c         8020133c        0     1                 .L0 
        8020133c         8020133c        0     1                 .L0 
        80201342         80201342        0     1                 .L0 
        80201342         80201342        0     1                 .L0 
        80201346         80201346        0     1                 .L0 
        80201348         80201348        0     1                 .L0 
        8020134c         8020134c        0     1                 .L0 
        8020134c         8020134c        0     1                 .L0 
        8020134e         8020134e        0     1                 .L0 
        80201350         80201350        0     1                 .L0 
        80201354         80201354        0     1                 .L0 
        80201354         80201354        0     1                 .L0 
        80201356         80201356        0     1                 .L0 
        80201358         80201358        0     1                 .L0 
        8020135c         8020135c        0     1                 .L0 
        8020135c         8020135c        0     1                 .L0 
        8020135e         8020135e        0     1                 .L0 
        80201360         80201360        0     1                 .L0 
        80201364         80201364        0     1                 .L0 
        80201364         80201364        0     1                 .L0 
        80201366         80201366        0     1                 .L0 
        80201368         80201368        0     1                 .L0 
        8020136c         8020136c        0     1                 .L0 
        8020136c         8020136c        0     1                 .L0 
        8020136e         8020136e        0     1                 .L0 
        80201370         80201370        0     1                 .L0 
        80201374         80201374        0     1                 .L0 
        80201374         80201374        0     1                 .L0 
        80201376         80201376        0     1                 .L0 
        8020137a         8020137a        0     1                 .L0 
        8020137e         8020137e        0     1                 .L0 
        8020137e         8020137e        0     1                 .L0 
        80201384         80201384        0     1                 .Lpcrel_hi116
        80201388         80201388        0     1                 .Lpcrel_hi117
        80201388         80201388        0     1                 .L0 
        80201390         80201390        0     1                 .L0 
        8020139a         8020139a        0     1                 .L0 
        802013a8         802013a8        0     1                 .Lpcrel_hi118
        802013c2         802013c2        0     1                 .L0 
        802013c2         802013c2        0     1                 .Lpcrel_hi119
        802013c8         802013c8        0     1                 .Lpcrel_hi120
        802013ce         802013ce        0     1                 .Lpcrel_hi121
        802013ce         802013ce        0     1                 .L0 
        802013d4         802013d4        0     1                 .Lpcrel_hi122
        802013da         802013da        0     1                 .L0 
        802013ea         802013ea        0     1                 .Lpcrel_hi123
        802013ea         802013ea        0     1                 .L0 
        802013ee         802013ee        0     1                 .L0 
        802013f6         802013f6        0     1                 .L0 
        802013fa         802013fa        0     1                 .L0 
        80201402         80201402        0     1                 .L0 
        80201406         80201406        0     1                 .L0 
        8020140e         8020140e        0     1                 .L0 
        8020140e         8020140e        0     1                 .L0 
        80201412         80201412        0     1                 .L0 
        80201412         80201412        0     1                 .L0 
        80201416         80201416        0     1                 .L0 
        8020141a         8020141a        0     1                 .L0 
        8020141a         8020141a        0     1                 .Lpcrel_hi112
        8020141a         8020141a        0     1                 .L0 
        8020142c         8020142c        0     1                 .L0 
        80201430         80201430        0     1                 .L0 
        80201436         80201436        0     1                 .L0 
        8020143a         8020143a        0     1                 .L0 
        8020143a         8020143a        0     1                 .L0 
        8020143e         8020143e        0     1                 .L0 
        8020143e         8020143e        0     1                 .L0 
        80201442         80201442        0     1                 .L0 
        8020144a         8020144a        0     1                 .Lpcrel_hi127
        8020145e         8020145e        0     1                 .L0 
        8020145e         8020145e        0     1                 .L0 
        8020146a         8020146a        0     1                 .L0 
        8020146a         8020146a        0     1                 .L0 
        80201476         80201476        0     1                 .L0 
        8020147c         8020147c        0     1                 .L0 
        8020147c         8020147c        0     1                 .L0 
        80201480         80201480        0     1                 .L0 
        80201486         80201486        0     1                 .L0 
        80201488         80201488        0     1                 .L0 
        80201490         80201490        0     1                 .L0 
        80201490         80201490        0     1                 .L0 
        80201492         80201492        0     1                 .L0 
        80201492         80201492        0     1                 .L0 
        80201498         80201498        0     1                 .L0 
        80201498         80201498        0     1                 .L0 
        8020149c         8020149c        0     1                 .L0 
[...]
           22330            22330        0     1                 .L0 
           22380            22380        0     1                 .L0 
           223b0            223b0        0     1                 .L0 
           223e0            223e0        0     1                 .L0 
           22410            22410        0     1                 .L0 
           22440            22440        0     1                 .L0 
           22480            22480        0     1                 .L0 
           224c0            224c0        0     1                 .L0 
           22510            22510        0     1                 .L0 
           22560            22560        0     1                 .L0 
           22590            22590        0     1                 .L0 
           225c0            225c0        0     1                 .L0 
           225f0            225f0        0     1                 .L0 
           22620            22620        0     1                 .L0 
           22650            22650        0     1                 .L0 
           22680            22680        0     1                 .L0 
           226c0            226c0        0     1                 .L0 
           226f0            226f0        0     1                 .L0 
           22720            22720        0     1                 .L0 
           22750            22750        0     1                 .L0 
           22780            22780        0     1                 .L0 
           227b0            227b0        0     1                 .L0 
           227e0            227e0        0     1                 .L0 
           22820            22820        0     1                 .L0 
           22850            22850        0     1                 .L0 
           24980            24980       30     1         C:\Users\Magnus\.rustup\toolchains\nightly-x86_64-pc-windows-msvc\lib\rustlib\riscv64gc-unknown-none-elf\lib\libcompiler_builtins-68e6dafd27578d1b.rlib(compiler_builtins-68e6dafd27578d1b.compiler_builtins.28f9de005c366824-cgu.158.rcgu.o):(.debug_ranges)
           24980            24980        0     1                 .L0 
           24980            24980        0     1                 $d
           249b0            249b0       30     1         C:\Users\Magnus\.rustup\toolchains\nightly-x86_64-pc-windows-msvc\lib\rustlib\riscv64gc-unknown-none-elf\lib\libcompiler_builtins-68e6dafd27578d1b.rlib(compiler_builtins-68e6dafd27578d1b.compiler_builtins.28f9de005c366824-cgu.207.rcgu.o):(.debug_ranges)
           249b0            249b0        0     1                 .L0 
           249b0            249b0        0     1                 $d
           249e0            249e0      9f0     1         C:\Users\Magnus\.rustup\toolchains\nightly-x86_64-pc-windows-msvc\lib\rustlib\riscv64gc-unknown-none-elf\lib\libcompiler_builtins-68e6dafd27578d1b.rlib(compiler_builtins-68e6dafd27578d1b.compiler_builtins.28f9de005c366824-cgu.008.rcgu.o):(.debug_ranges)
           249e0            249e0        0     1                 .L0 
           249e0            249e0        0     1                 $d
           24a10            24a10        0     1                 .L0 
           24a40            24a40        0     1                 .L0 
           24a70            24a70        0     1                 .L0 
           24ab0            24ab0        0     1                 .L0 
           24af0            24af0        0     1                 .L0 
           24b20            24b20        0     1                 .L0 
           24b50            24b50        0     1                 .L0 
           24b80            24b80        0     1                 .L0 
           24bb0            24bb0        0     1                 .L0 
           24be0            24be0        0     1                 .L0 
           24c10            24c10        0     1                 .L0 
           24c40            24c40        0     1                 .L0 
           24c70            24c70        0     1                 .L0 
           24ca0            24ca0        0     1                 .L0 
           24cd0            24cd0        0     1                 .L0 
           24d00            24d00        0     1                 .L0 
           24d30            24d30        0     1                 .L0 
           24d90            24d90        0     1                 .L0 
           24dc0            24dc0        0     1                 .L0 
           24e00            24e00        0     1                 .L0 
           24e30            24e30        0     1                 .L0 
           24e60            24e60        0     1                 .L0 
           24e90            24e90        0     1                 .L0 
           24ec0            24ec0        0     1                 .L0 
           24f00            24f00        0     1                 .L0 
           24f40            24f40        0     1                 .L0 
           24f70            24f70        0     1                 .L0 
           24fa0            24fa0        0     1                 .L0 
           24fe0            24fe0        0     1                 .L0 
           25020            25020        0     1                 .L0 
           25080            25080        0     1                 .L0 
           250b0            250b0        0     1                 .L0 
           250f0            250f0        0     1                 .L0 
           25130            25130        0     1                 .L0 
           25170            25170        0     1                 .L0 
           251a0            251a0        0     1                 .L0 
           251d0            251d0        0     1                 .L0 
           25200            25200        0     1                 .L0 
           25230            25230        0     1                 .L0 
           25260            25260        0     1                 .L0 
           25290            25290        0     1                 .L0 
           252c0            252c0        0     1                 .L0 
           25300            25300        0     1                 .L0 
           25340            25340        0     1                 .L0 
           25370            25370        0     1                 .L0 
           253d0            253d0      1a0     1         C:\Users\Magnus\.rustup\toolchains\nightly-x86_64-pc-windows-msvc\lib\rustlib\riscv64gc-unknown-none-elf\lib\libcompiler_builtins-68e6dafd27578d1b.rlib(compiler_builtins-68e6dafd27578d1b.compiler_builtins.28f9de005c366824-cgu.223.rcgu.o):(.debug_ranges)
           253d0            253d0        0     1                 .L0 
           253d0            253d0        0     1                 $d
           25410            25410        0     1                 .L0 
           25450            25450        0     1                 .L0 
           25490            25490        0     1                 .L0 
           254d0            254d0        0     1                 .L0 
           25510            25510        0     1                 .L0 
           25540            25540        0     1                 .L0 
           25570            25570      300     1         C:\Users\Magnus\.rustup\toolchains\nightly-x86_64-pc-windows-msvc\lib\rustlib\riscv64gc-unknown-none-elf\lib\libcompiler_builtins-68e6dafd27578d1b.rlib(compiler_builtins-68e6dafd27578d1b.compiler_builtins.28f9de005c366824-cgu.013.rcgu.o):(.debug_ranges)
           25570            25570        0     1                 .L0 
           25570            25570        0     1                 $d
           255a0            255a0        0     1                 .L0 
           255d0            255d0        0     1                 .L0 
           25610            25610        0     1                 .L0 
           25640            25640        0     1                 .L0 
           25670            25670        0     1                 .L0 
           256a0            256a0        0     1                 .L0 
           256d0            256d0        0     1                 .L0 
           25700            25700        0     1                 .L0 
           25730            25730        0     1                 .L0 
           25770            25770        0     1                 .L0 
           257a0            257a0        0     1                 .L0 
           257d0            257d0        0     1                 .L0 
           25800            25800        0     1                 .L0 
           25830            25830        0     1                 .L0 
           25870            25870       90     1         C:\Users\Magnus\.rustup\toolchains\nightly-x86_64-pc-windows-msvc\lib\rustlib\riscv64gc-unknown-none-elf\lib\libcompiler_builtins-68e6dafd27578d1b.rlib(compiler_builtins-68e6dafd27578d1b.compiler_builtins.28f9de005c366824-cgu.343.rcgu.o):(.debug_ranges)
           25870            25870        0     1                 .L0 
           25870            25870        0     1                 $d
           258a0            258a0        0     1                 .L0 
           258d0            258d0        0     1                 .L0 
               0                0    5dad7     1 .debug_str
               0                0    5dad7     1         <internal>:(.debug_str)
               0                0       a1     1 .comment
               0                0       a1     1         <internal>:(.comment)
               0                0       74     1 .riscv.attributes
               0                0       74     1         <internal>:(.riscv.attributes)
               0                0      eb0     8 .debug_frame
               0                0      3c0     8         D:\rust\bogokernel\target\riscv64gc-unknown-none-elf\debug\deps\kernel-fa0b5568b27e06bf.57vr0ejha9r127zsyddwhnbzr.039isw9.rcgu.o:(.debug_frame)
               0                0        0     1                 .L0 
               0                0        0     1                 $d
             3c0              3c0      548     8         D:\rust\bogokernel\target\riscv64gc-unknown-none-elf\debug\deps\libriscv-12f97313a2f4b3b2.rlib(riscv-12f97313a2f4b3b2.riscv.78458f0e7726b2ae-cgu.0.rcgu.o):(.debug_frame)
             3c0              3c0        0     1                 .L0 
             3c0              3c0        0     1                 $d
             908              908       a8     8         D:\rust\bogokernel\target\riscv64gc-unknown-none-elf\debug\deps\libriscv_pac-e3a0a477a6af16c9.rlib(riscv_pac-e3a0a477a6af16c9.riscv_pac.eba0cecd549cb8d4-cgu.0.rcgu.o):(.debug_frame)
             908              908        0     1                 .L0 
             908              908        0     1                 $d
             9b0              9b0      488     8         D:\rust\bogokernel\target\riscv64gc-unknown-none-elf\debug\deps\liblinked_list_allocator-fde430cc1c82fdfa.rlib(linked_list_allocator-fde430cc1c82fdfa.linked_list_allocator.48228f020a9ae77e-cgu.0.rcgu.o):(.debug_frame)
             9b0              9b0        0     1                 .L0 
             9b0              9b0        0     1                 $d
             e38              e38       78     8         D:\rust\bogokernel\target\riscv64gc-unknown-none-elf\debug\deps\libspinning_top-74f701bdc242520b.rlib(spinning_top-74f701bdc242520b.spinning_top.c4465a07ef79aa37-cgu.0.rcgu.o):(.debug_frame)
             e38              e38        0     1                 .L0 
             e38              e38        0     1                 $d
               0                0    2a593     1 .debug_line
               0                0     3ea7     1         D:\rust\bogokernel\target\riscv64gc-unknown-none-elf\debug\deps\kernel-fa0b5568b27e06bf.57vr0ejha9r127zsyddwhnbzr.039isw9.rcgu.o:(.debug_line)
               0                0        0     1                 .Lline_table_start0
               0                0        0     1                 $d
            3ea7             3ea7      d14     1         D:\rust\bogokernel\target\riscv64gc-unknown-none-elf\debug\deps\libriscv-12f97313a2f4b3b2.rlib(riscv-12f97313a2f4b3b2.riscv.78458f0e7726b2ae-cgu.0.rcgu.o):(.debug_line)
            3ea7             3ea7        0     1                 .Lline_table_start0
            3ea7             3ea7        0     1                 $d
            4bbb             4bbb      302     1         D:\rust\bogokernel\target\riscv64gc-unknown-none-elf\debug\deps\libriscv_pac-e3a0a477a6af16c9.rlib(riscv_pac-e3a0a477a6af16c9.riscv_pac.eba0cecd549cb8d4-cgu.0.rcgu.o):(.debug_line)
            4bbb             4bbb        0     1                 .Lline_table_start0
            4bbb             4bbb        0     1                 $d
            4ebd             4ebd     132b     1         D:\rust\bogokernel\target\riscv64gc-unknown-none-elf\debug\deps\liblinked_list_allocator-fde430cc1c82fdfa.rlib(linked_list_allocator-fde430cc1c82fdfa.linked_list_allocator.48228f020a9ae77e-cgu.0.rcgu.o):(.debug_line)
            4ebd             4ebd        0     1                 .Lline_table_start0
            4ebd             4ebd        0     1                 $d
            61e8             61e8      275     1         D:\rust\bogokernel\target\riscv64gc-unknown-none-elf\debug\deps\libspinning_top-74f701bdc242520b.rlib(spinning_top-74f701bdc242520b.spinning_top.c4465a07ef79aa37-cgu.0.rcgu.o):(.debug_line)
            61e8             61e8        0     1                 .Lline_table_start0
            61e8             61e8        0     1                 $d
            645d             645d     54df     1         C:\Users\Magnus\.rustup\toolchains\nightly-x86_64-pc-windows-msvc\lib\rustlib\riscv64gc-unknown-none-elf\lib\liballoc-3317f9e748cf927c.rlib(alloc-3317f9e748cf927c.alloc.d03166e6a028c926-cgu.0.rcgu.o):(.debug_line)
            645d             645d        0     1                 .Lline_table_start0
            645d             645d        0     1                 $d
            b93c             b93c    1c8cd     1         C:\Users\Magnus\.rustup\toolchains\nightly-x86_64-pc-windows-msvc\lib\rustlib\riscv64gc-unknown-none-elf\lib\libcore-6873ca3f970f9a34.rlib(core-6873ca3f970f9a34.core.d22cbba136389eb0-cgu.0.rcgu.o):(.debug_line)
            b93c             b93c        0     1                 .Lline_table_start0
            b93c             b93c        0     1                 $d
           28209            28209      410     1         C:\Users\Magnus\.rustup\toolchains\nightly-x86_64-pc-windows-msvc\lib\rustlib\riscv64gc-unknown-none-elf\lib\libcompiler_builtins-68e6dafd27578d1b.rlib(compiler_builtins-68e6dafd27578d1b.compiler_builtins.28f9de005c366824-cgu.158.rcgu.o):(.debug_line)
           28209            28209        0     1                 .Lline_table_start0
           28209            28209        0     1                 $d
           284e7            284e7        0     1                 .Lline_table_start1
           28619            28619      18a     1         C:\Users\Magnus\.rustup\toolchains\nightly-x86_64-pc-windows-msvc\lib\rustlib\riscv64gc-unknown-none-elf\lib\libcompiler_builtins-68e6dafd27578d1b.rlib(compiler_builtins-68e6dafd27578d1b.compiler_builtins.28f9de005c366824-cgu.207.rcgu.o):(.debug_line)
           28619            28619        0     1                 .Lline_table_start0
           28619            28619        0     1                 $d
           28708            28708        0     1                 .Lline_table_start1
           287a3            287a3       72     1         C:\Users\Magnus\.rustup\toolchains\nightly-x86_64-pc-windows-msvc\lib\rustlib\riscv64gc-unknown-none-elf\lib\libcompiler_builtins-68e6dafd27578d1b.rlib(compiler_builtins-68e6dafd27578d1b.compiler_builtins.28f9de005c366824-cgu.210.rcgu.o):(.debug_line)
           287a3            287a3        0     1                 .Lline_table_start0
           287a3            287a3        0     1                 $d
           28815            28815      b02     1         C:\Users\Magnus\.rustup\toolchains\nightly-x86_64-pc-windows-msvc\lib\rustlib\riscv64gc-unknown-none-elf\lib\libcompiler_builtins-68e6dafd27578d1b.rlib(compiler_builtins-68e6dafd27578d1b.compiler_builtins.28f9de005c366824-cgu.008.rcgu.o):(.debug_line)
           28815            28815        0     1                 .Lline_table_start0
           28815            28815        0     1                 $d
           29317            29317      4a4     1         C:\Users\Magnus\.rustup\toolchains\nightly-x86_64-pc-windows-msvc\lib\rustlib\riscv64gc-unknown-none-elf\lib\libcompiler_builtins-68e6dafd27578d1b.rlib(compiler_builtins-68e6dafd27578d1b.compiler_builtins.28f9de005c366824-cgu.223.rcgu.o):(.debug_line)
           29317            29317        0     1                 .Lline_table_start0
           29317            29317        0     1                 $d
           295c7            295c7        0     1                 .Lline_table_start1
           29711            29711        0     1                 .Lline_table_start2
           297bb            297bb      11c     1         C:\Users\Magnus\.rustup\toolchains\nightly-x86_64-pc-windows-msvc\lib\rustlib\riscv64gc-unknown-none-elf\lib\libcompiler_builtins-68e6dafd27578d1b.rlib(compiler_builtins-68e6dafd27578d1b.compiler_builtins.28f9de005c366824-cgu.247.rcgu.o):(.debug_line)
           297bb            297bb        0     1                 .Lline_table_start0
           297bb            297bb        0     1                 $d
           2987c            2987c        0     1                 .Lline_table_start1
           298d7            298d7      7d7     1         C:\Users\Magnus\.rustup\toolchains\nightly-x86_64-pc-windows-msvc\lib\rustlib\riscv64gc-unknown-none-elf\lib\libcompiler_builtins-68e6dafd27578d1b.rlib(compiler_builtins-68e6dafd27578d1b.compiler_builtins.28f9de005c366824-cgu.013.rcgu.o):(.debug_line)
           298d7            298d7        0     1                 .Lline_table_start0
           298d7            298d7        0     1                 $d
           2a0ae            2a0ae       72     1         C:\Users\Magnus\.rustup\toolchains\nightly-x86_64-pc-windows-msvc\lib\rustlib\riscv64gc-unknown-none-elf\lib\libcompiler_builtins-68e6dafd27578d1b.rlib(compiler_builtins-68e6dafd27578d1b.compiler_builtins.28f9de005c366824-cgu.323.rcgu.o):(.debug_line)
           2a0ae            2a0ae        0     1                 .Lline_table_start0
           2a0ae            2a0ae        0     1                 $d
           2a120            2a120      2fa     1         C:\Users\Magnus\.rustup\toolchains\nightly-x86_64-pc-windows-msvc\lib\rustlib\riscv64gc-unknown-none-elf\lib\libcompiler_builtins-68e6dafd27578d1b.rlib(compiler_builtins-68e6dafd27578d1b.compiler_builtins.28f9de005c366824-cgu.343.rcgu.o):(.debug_line)
           2a120            2a120        0     1                 .Lline_table_start0
           2a120            2a120        0     1                 $d
           2a30f            2a30f        0     1                 .Lline_table_start1
           2a41a            2a41a      179     1         C:\Users\Magnus\.rustup\toolchains\nightly-x86_64-pc-windows-msvc\lib\rustlib\riscv64gc-unknown-none-elf\lib\libcompiler_builtins-68e6dafd27578d1b.rlib(compiler_builtins-68e6dafd27578d1b.compiler_builtins.28f9de005c366824-cgu.350.rcgu.o):(.debug_line)
           2a41a            2a41a        0     1                 .Lline_table_start0
           2a41a            2a41a        0     1                 $d
           2a4f8            2a4f8        0     1                 .Lline_table_start1
               0                0    33e40     8 .symtab
               0                0    33e40     8         <internal>:(.symtab)
               0                0       bf     1 .shstrtab
               0                0       bf     1         <internal>:(.shstrtab)
               0                0     fd3c     1 .strtab
               0                0     fd3c     1         <internal>:(.strtab)
