             VMA              LMA     Size Align Out     In      Symbol
               0                0        0     1 KERNEL_LOAD_ADDR = 0x80200000
        80200000         80200000     47dc  4096 .text
        80200000         80200000        0     1         __text_start = .
        80200000         80200000       48     1         D:\rust\bogokernel\target\riscv64gc-unknown-none-elf\debug\deps\kernel-366f73143009ccb7.d01shk51xhat95hrwbkp0e0p4.1vgl1hw.rcgu.o:(.text.entry)
        80200000         80200000        0     1                 .Lpcrel_hi0
        80200000         80200000        0     1                 $x
        80200000         80200000        0     1                 _start
        80200022         80200022        0     1                 .Lpcrel_hi1
        8020002a         8020002a        0     1                 .Lpcrel_hi2
        8020003e         8020003e        0     1                 .Lpcrel_hi3
        80200048         80200048       72     1         D:\rust\bogokernel\target\riscv64gc-unknown-none-elf\debug\deps\kernel-366f73143009ccb7.d01shk51xhat95hrwbkp0e0p4.1vgl1hw.rcgu.o:(.text.trap)
        80200048         80200048        0     1                 $x
        80200048         80200048        0     1                 __trap_entry
        802000ba         802000ba       b0     2         D:\rust\bogokernel\target\riscv64gc-unknown-none-elf\debug\deps\kernel-366f73143009ccb7.d01shk51xhat95hrwbkp0e0p4.1vgl1hw.rcgu.o:(.text._ZN5alloc7raw_vec20RawVecInner$LT$A$GT$14current_memory17hb4799e63784acee5E)
        802000ba         802000ba       b0     1                 alloc::raw_vec::RawVecInner$LT$A$GT$::current_memory::hb4799e63784acee5
        802000ba         802000ba        0     1                 .L0 
        802000ba         802000ba        0     1                 .L0 
        802000ba         802000ba        0     1                 $x
        802000ba         802000ba        0     1                 .L0 
        802000c6         802000c6        0     1                 .L0 
        802000d0         802000d0        0     1                 .L0 
        802000d0         802000d0        0     1                 .L0 
        802000d4         802000d4        0     1                 .L0 
        802000d6         802000d6        0     1                 .L0 
        802000d6         802000d6        0     1                 .L0 
        802000da         802000da        0     1                 .L0 
        802000da         802000da        0     1                 .L0 
        802000ea         802000ea        0     1                 .L0 
        802000ea         802000ea        0     1                 .L0 
        802000ec         802000ec        0     1                 .L0 
        802000f6         802000f6        0     1                 .L0 
        802000f6         802000f6        0     1                 .L0 
        8020010c         8020010c        0     1                 .L0 
        8020010c         8020010c        0     1                 .Lpcrel_hi4
        80200118         80200118        0     1                 .L0 
        8020011a         8020011a        0     1                 .L0 
        80200124         80200124        0     1                 .L0 
        8020012c         8020012c        0     1                 .L0 
        8020012c         8020012c        0     1                 .Lpcrel_hi5
        8020012c         8020012c        0     1                 .L0 
        80200136         80200136        0     1                 .L0 
        80200136         80200136        0     1                 .Lpcrel_hi6
        80200136         80200136        0     1                 .L0 
        80200142         80200142        0     1                 .L0 
        80200144         80200144        0     1                 .L0 
        8020014e         8020014e        0     1                 .L0 
        80200156         80200156        0     1                 .L0 
        80200156         80200156        0     1                 .Lpcrel_hi7
        8020015e         8020015e        0     1                 .L0 
        8020016a         8020016a        0     1                 .L0 
        8020016a         8020016a      15e     2         D:\rust\bogokernel\target\riscv64gc-unknown-none-elf\debug\deps\kernel-366f73143009ccb7.d01shk51xhat95hrwbkp0e0p4.1vgl1hw.rcgu.o:(.text.unlikely._ZN5alloc7raw_vec11finish_grow17h1ca2902d49513219E)
        8020016a         8020016a      15e     1                 alloc::raw_vec::finish_grow::h1ca2902d49513219
        8020016a         8020016a        0     1                 .L0 
        8020016a         8020016a        0     1                 .L0 
        8020016a         8020016a        0     1                 $x
        8020016a         8020016a        0     1                 .L0 
        80200178         80200178        0     1                 .L0 
        8020017c         8020017c        0     1                 .L0 
        8020017e         8020017e        0     1                 .L0 
        8020017e         8020017e        0     1                 .L0 
        80200182         80200182        0     1                 .L0 
        80200182         80200182        0     1                 .L0 
        80200184         80200184        0     1                 .L0 
        80200184         80200184        0     1                 .L0 
        80200186         80200186        0     1                 .L0 
        80200186         80200186        0     1                 .L0 
        8020018a         8020018a        0     1                 .L0 
        8020018a         8020018a        0     1                 .L0 
        8020018c         8020018c        0     1                 .L0 
        80200196         80200196        0     1                 .L0 
        80200198         80200198        0     1                 .L0 
        80200198         80200198        0     1                 .L0 
        8020019a         8020019a        0     1                 .L0 
        8020019a         8020019a        0     1                 .L0 
        802001a2         802001a2        0     1                 .L0 
        802001a2         802001a2        0     1                 .L0 
        802001b0         802001b0        0     1                 .L0 
        802001b0         802001b0        0     1                 .Lpcrel_hi17
        802001b0         802001b0        0     1                 .L0 
        802001ba         802001ba        0     1                 .L0 
        802001ba         802001ba        0     1                 .L0 
        802001bc         802001bc        0     1                 .L0 
        802001bc         802001bc        0     1                 .L0 
        802001c4         802001c4        0     1                 .L0 
        802001c4         802001c4        0     1                 .L0 
        802001d2         802001d2        0     1                 .L0 
        802001d2         802001d2        0     1                 .Lpcrel_hi12
        802001d2         802001d2        0     1                 .L0 
        802001da         802001da        0     1                 .L0 
        802001e8         802001e8        0     1                 .L0 
        802001ec         802001ec        0     1                 .L0 
        802001ee         802001ee        0     1                 .L0 
        802001fe         802001fe        0     1                 .L0 
        8020020e         8020020e        0     1                 .L0 
        80200212         80200212        0     1                 .L0 
        80200216         80200216        0     1                 .L0 
        80200216         80200216        0     1                 .Lpcrel_hi8
        80200216         80200216        0     1                 .L0 
        80200222         80200222        0     1                 .L0 
        80200224         80200224        0     1                 .L0 
        8020022e         8020022e        0     1                 .L0 
        80200236         80200236        0     1                 .L0 
        80200236         80200236        0     1                 .Lpcrel_hi9
        8020023e         8020023e        0     1                 .L0 
        8020023e         8020023e        0     1                 .L0 
        80200240         80200240        0     1                 .L0 
        80200240         80200240        0     1                 .Lpcrel_hi13
        80200240         80200240        0     1                 .L0 
        8020024c         8020024c        0     1                 .L0 
        8020024e         8020024e        0     1                 .L0 
        80200258         80200258        0     1                 .L0 
        80200260         80200260        0     1                 .L0 
        80200260         80200260        0     1                 .Lpcrel_hi14
        80200268         80200268        0     1                 .L0 
        80200268         80200268        0     1                 .L0 
        8020026a         8020026a        0     1                 .Lpcrel_hi15
        8020026a         8020026a        0     1                 .L0 
        80200276         80200276        0     1                 .L0 
        80200278         80200278        0     1                 .L0 
        80200282         80200282        0     1                 .L0 
        8020028a         8020028a        0     1                 .L0 
        8020028a         8020028a        0     1                 .Lpcrel_hi16
        8020028a         8020028a        0     1                 .L0 
        80200294         80200294        0     1                 .L0 
        80200294         80200294        0     1                 .Lpcrel_hi10
        80200294         80200294        0     1                 .L0 
        802002a0         802002a0        0     1                 .L0 
        802002a2         802002a2        0     1                 .L0 
        802002ac         802002ac        0     1                 .L0 
        802002b4         802002b4        0     1                 .L0 
        802002b4         802002b4        0     1                 .Lpcrel_hi11
        802002bc         802002bc        0     1                 .L0 
        802002c8         802002c8        0     1                 .L0 
        802002c8         802002c8       d4     2         D:\rust\bogokernel\target\riscv64gc-unknown-none-elf\debug\deps\kernel-366f73143009ccb7.d01shk51xhat95hrwbkp0e0p4.1vgl1hw.rcgu.o:(.text._ZN5alloc7raw_vec19RawVec$LT$T$C$A$GT$8grow_one17hf0e8f77474e3d7e2E)
        802002c8         802002c8       d4     1                 alloc::raw_vec::RawVec$LT$T$C$A$GT$::grow_one::hf0e8f77474e3d7e2
        802002c8         802002c8        0     1                 .L0 
        802002c8         802002c8        0     1                 .L0 
        802002c8         802002c8        0     1                 $x
        802002c8         802002c8        0     1                 .L0 
        802002d4         802002d4        0     1                 .L0 
        802002d6         802002d6        0     1                 .L0 
        802002d6         802002d6        0     1                 .L0 
        802002d8         802002d8        0     1                 .L0 
        802002dc         802002dc        0     1                 .L0 
        802002e2         802002e2        0     1                 .L0 
        802002e2         802002e2        0     1                 .L0 
        802002e6         802002e6        0     1                 .L0 
        802002e8         802002e8        0     1                 .L0 
        802002e8         802002e8        0     1                 .L0 
        802002f6         802002f6        0     1                 .L0 
        802002f6         802002f6        0     1                 .L0 
        802002fa         802002fa        0     1                 .L0 
        802002fa         802002fa        0     1                 .L0 
        802002fc         802002fc        0     1                 .L0 
        80200306         80200306        0     1                 .L0 
        8020030a         8020030a        0     1                 .L0 
        8020030a         8020030a        0     1                 .L0 
        80200326         80200326        0     1                 .L0 
        80200328         80200328        0     1                 .L0 
        8020032a         8020032a        0     1                 .L0 
        8020032e         8020032e        0     1                 .L0 
        8020032e         8020032e        0     1                 .L0 
        80200330         80200330        0     1                 .L0 
        80200330         80200330        0     1                 .Lpcrel_hi18
        80200330         80200330        0     1                 .L0 
        8020033c         8020033c        0     1                 .L0 
        8020033e         8020033e        0     1                 .L0 
        80200348         80200348        0     1                 .L0 
        80200350         80200350        0     1                 .L0 
        80200350         80200350        0     1                 .Lpcrel_hi19
        80200364         80200364        0     1                 .L0 
        8020036a         8020036a        0     1                 .L0 
        80200376         80200376        0     1                 .L0 
        8020037c         8020037c        0     1                 .L0 
        80200380         80200380        0     1                 .L0 
        80200380         80200380        0     1                 .L0 
        8020038c         8020038c        0     1                 .L0 
        8020038c         8020038c        0     1                 .Lpcrel_hi20
        8020039c         8020039c        0     1                 .L0 
        8020039c         8020039c        0     1                 .L0 
        8020039c         8020039c      11e     2         D:\rust\bogokernel\target\riscv64gc-unknown-none-elf\debug\deps\kernel-366f73143009ccb7.d01shk51xhat95hrwbkp0e0p4.1vgl1hw.rcgu.o:(.text._RNvCs4pED7du1fNF_7___rustc17rust_begin_unwind)
        8020039c         8020039c        0     1                 .L0 
        8020039c         8020039c        0     1                 .L0 
        8020039c         8020039c        0     1                 $x
        8020039c         8020039c        0     1                 .L0 
        8020039c         8020039c      11e     1                 __rustc::rust_begin_unwind
        802003ae         802003ae        0     1                 .L0 
        802003b4         802003b4        0     1                 .Lpcrel_hi21
        802003c4         802003c4        0     1                 .L0 
        802003c4         802003c4        0     1                 .L0 
        802003ce         802003ce        0     1                 .L0 
        802003d2         802003d2        0     1                 .L0 
        802003d2         802003d2        0     1                 .L0 
        802003d6         802003d6        0     1                 .L0 
        802003d6         802003d6        0     1                 .L0 
        802003da         802003da        0     1                 .L0 
        802003de         802003de        0     1                 .L0 
        802003de         802003de        0     1                 .L0 
        802003e4         802003e4        0     1                 .L0 
        802003e6         802003e6        0     1                 .L0 
        802003ea         802003ea        0     1                 .L0 
        802003ea         802003ea        0     1                 .L0 
        802003ee         802003ee        0     1                 .L0 
        802003ee         802003ee        0     1                 .L0 
        802003f2         802003f2        0     1                 .L0 
        802003f8         802003f8        0     1                 .L0 
        802003f8         802003f8        0     1                 .L0 
        802003fc         802003fc        0     1                 .L0 
        80200400         80200400        0     1                 .L0 
        80200408         80200408        0     1                 .L0 
        80200408         80200408        0     1                 .L0 
        8020040c         8020040c        0     1                 .L0 
        80200414         80200414        0     1                 .L0 
        80200414         80200414        0     1                 .L0 
        8020041a         8020041a        0     1                 .L0 
        8020041a         8020041a        0     1                 .Lpcrel_hi22
        80200420         80200420        0     1                 .Lpcrel_hi23
        80200426         80200426        0     1                 .L0 
        80200426         80200426        0     1                 .Lpcrel_hi24
        80200432         80200432        0     1                 .L0 
        8020043a         8020043a        0     1                 .L0 
        80200446         80200446        0     1                 .L0 
        8020044a         8020044a        0     1                 .L0 
        8020044c         8020044c        0     1                 .L0 
        8020044e         8020044e        0     1                 .L0 
        8020045a         8020045a        0     1                 .L0 
        80200462         80200462        0     1                 .L0 
        80200464         80200464        0     1                 .Lpcrel_hi25
        8020047c         8020047c        0     1                 .L0 
        80200480         80200480        0     1                 .Lpcrel_hi26
        80200484         80200484        0     1                 .Lpcrel_hi27
        80200484         80200484        0     1                 .L0 
        8020048a         8020048a        0     1                 .L0 
        80200494         80200494        0     1                 .L0 
        802004a0         802004a0        0     1                 .L0 
        802004a2         802004a2        0     1                 .L0 
        802004b4         802004b4        0     1                 .L0 
        802004b8         802004b8        0     1                 .L0 
        802004ba         802004ba        0     1                 .L0 
        802004ba         802004ba       36     2         D:\rust\bogokernel\target\riscv64gc-unknown-none-elf\debug\deps\kernel-366f73143009ccb7.d01shk51xhat95hrwbkp0e0p4.1vgl1hw.rcgu.o:(.text._ZN76_$LT$core..panic..panic_info..PanicMessage$u20$as$u20$core..fmt..Display$GT$3fmt17h1db35bdad7d9691fE)
        802004ba         802004ba       36     1                 _$LT$core..panic..panic_info..PanicMessage$u20$as$u20$core..fmt..Display$GT$::fmt::h1db35bdad7d9691f
        802004ba         802004ba        0     1                 .L0 
        802004ba         802004ba        0     1                 .L0 
        802004ba         802004ba        0     1                 $x
        802004ba         802004ba        0     1                 .L0 
        802004c0         802004c0        0     1                 .L0 
        802004c4         802004c4        0     1                 .L0 
        802004d0         802004d0        0     1                 .L0 
        802004ea         802004ea        0     1                 .L0 
        802004f0         802004f0        0     1                 .L0 
        802004f0         802004f0      7f0     2         D:\rust\bogokernel\target\riscv64gc-unknown-none-elf\debug\deps\kernel-366f73143009ccb7.d01shk51xhat95hrwbkp0e0p4.1vgl1hw.rcgu.o:(.text.rust_start)
        802004f0         802004f0        0     1                 .L0 
        802004f0         802004f0        0     1                 .L0 
        802004f0         802004f0        0     1                 $x
        802004f0         802004f0        0     1                 .L0 
        802004f0         802004f0      7f0     1                 rust_start
        8020050e         8020050e        0     1                 .L0 
        80200516         80200516        0     1                 .Lpcrel_hi28
        80200524         80200524        0     1                 .L0 
        80200524         80200524        0     1                 .L0 
        8020052e         8020052e        0     1                 .L0 
        80200532         80200532        0     1                 .L0 
        80200532         80200532        0     1                 .L0 
        80200536         80200536        0     1                 .L0 
        80200536         80200536        0     1                 .L0 
        8020053a         8020053a        0     1                 .L0 
        8020053e         8020053e        0     1                 .L0 
        8020053e         8020053e        0     1                 .L0 
        80200544         80200544        0     1                 .L0 
        80200546         80200546        0     1                 .L0 
        8020054a         8020054a        0     1                 .L0 
        8020054a         8020054a        0     1                 .L0 
        8020054e         8020054e        0     1                 .L0 
        8020054e         8020054e        0     1                 .L0 
        80200552         80200552        0     1                 .L0 
        80200558         80200558        0     1                 .L0 
        80200558         80200558        0     1                 .L0 
        8020055c         8020055c        0     1                 .L0 
        80200560         80200560        0     1                 .L0 
        80200566         80200566        0     1                 .L0 
        80200568         80200568        0     1                 .L0 
        8020056a         8020056a        0     1                 .L0 
        8020056a         8020056a        0     1                 .L0 
        8020056e         8020056e        0     1                 .L0 
        80200576         80200576        0     1                 .L0 
        80200576         80200576        0     1                 .Lpcrel_hi29
        80200576         80200576        0     1                 .L0 
        80200584         80200584        0     1                 .L0 
        8020058c         8020058c        0     1                 .L0 
        80200590         80200590        0     1                 .L0 
        8020059a         8020059a        0     1                 .L0 
        8020059a         8020059a        0     1                 .L0 
        8020059e         8020059e        0     1                 .L0 
        8020059e         8020059e        0     1                 .L0 
        802005b0         802005b0        0     1                 .L0 
        802005b2         802005b2        0     1                 .L0 
        802005b6         802005b6        0     1                 .L0 
        802005ba         802005ba        0     1                 .L0 
        802005ba         802005ba        0     1                 .Lpcrel_hi31
        802005c6         802005c6        0     1                 .L0 
        802005c6         802005c6        0     1                 .L0 
        802005ca         802005ca        0     1                 .L0 
        802005d8         802005d8        0     1                 .Lpcrel_hi34
        802005e8         802005e8        0     1                 .L0 
        80200616         80200616        0     1                 .L0 
        80200620         80200620        0     1                 .L0 
        80200624         80200624        0     1                 .L0 
        80200624         80200624        0     1                 .L0 
        8020062a         8020062a        0     1                 .L0 
        8020062a         8020062a        0     1                 .L0 
        8020062e         8020062e        0     1                 .L0 
        8020062e         8020062e        0     1                 .L0 
        80200636         80200636        0     1                 .L0 
        80200644         80200644        0     1                 .L0 
        80200652         80200652        0     1                 .L0 
        8020065c         8020065c        0     1                 .L0 
        8020065e         8020065e        0     1                 .L0 
        80200666         80200666        0     1                 .L0 
        80200666         80200666        0     1                 .L0 
        8020067a         8020067a        0     1                 .L0 
        8020067a         8020067a        0     1                 .L0 
        80200684         80200684        0     1                 .L0 
        80200684         80200684        0     1                 .L0 
        80200688         80200688        0     1                 .L0 
        80200688         80200688        0     1                 .L0 
        8020068e         8020068e        0     1                 .L0 
        8020068e         8020068e        0     1                 .L0 
        80200696         80200696        0     1                 .L0 
        80200696         80200696        0     1                 .L0 
        8020069a         8020069a        0     1                 .L0 
        802006a8         802006a8        0     1                 .L0 
        802006b6         802006b6        0     1                 .L0 
        802006c0         802006c0        0     1                 .L0 
        802006c2         802006c2        0     1                 .L0 
        802006c8         802006c8        0     1                 .L0 
        802006cc         802006cc        0     1                 .L0 
        802006cc         802006cc        0     1                 .L0 
        802006dc         802006dc        0     1                 .L0 
        802006e2         802006e2        0     1                 .L0 
        802006e2         802006e2        0     1                 .L0 
        802006ea         802006ea        0     1                 .L0 
        802006ea         802006ea        0     1                 .L0 
        802006ee         802006ee        0     1                 .L0 
        802006fc         802006fc        0     1                 .L0 
        8020070a         8020070a        0     1                 .L0 
        80200714         80200714        0     1                 .L0 
        80200716         80200716        0     1                 .L0 
        8020071c         8020071c        0     1                 .L0 
        8020071c         8020071c        0     1                 .L0 
        80200728         80200728        0     1                 .L0 
        80200728         80200728        0     1                 .L0 
        8020073a         8020073a        0     1                 .L0 
        8020073c         8020073c        0     1                 .Lpcrel_hi47
        80200740         80200740        0     1                 .L0 
        80200748         80200748        0     1                 .L0 
        8020074c         8020074c        0     1                 .L0 
        80200750         80200750        0     1                 .L0 
        8020075e         8020075e        0     1                 .L0 
        80200768         80200768        0     1                 .L0 
        80200768         80200768        0     1                 .L0 
        8020076c         8020076c        0     1                 .L0 
        8020076c         8020076c        0     1                 .L0 
        80200770         80200770        0     1                 .L0 
        80200770         80200770        0     1                 .L0 
        80200774         80200774        0     1                 .L0 
        80200778         80200778        0     1                 .L0 
        80200778         80200778        0     1                 .L0 
        8020077e         8020077e        0     1                 .L0 
        80200780         80200780        0     1                 .L0 
        80200784         80200784        0     1                 .L0 
        80200784         80200784        0     1                 .L0 
        80200788         80200788        0     1                 .L0 
        80200788         80200788        0     1                 .L0 
        8020078c         8020078c        0     1                 .L0 
        80200792         80200792        0     1                 .L0 
        80200792         80200792        0     1                 .L0 
        80200796         80200796        0     1                 .L0 
        8020079a         8020079a        0     1                 .L0 
        802007a0         802007a0        0     1                 .L0 
        802007a2         802007a2        0     1                 .L0 
        802007a4         802007a4        0     1                 .L0 
        802007a4         802007a4        0     1                 .L0 
        802007a8         802007a8        0     1                 .L0 
        802007b0         802007b0        0     1                 .L0 
        802007b0         802007b0        0     1                 .Lpcrel_hi48
        802007b0         802007b0        0     1                 .L0 
        802007b4         802007b4        0     1                 .Lpcrel_hi49
        802007c4         802007c4        0     1                 .L0 
        802007c4         802007c4        0     1                 .L0 
        802007c8         802007c8        0     1                 .L0 
        802007cc         802007cc        0     1                 .L0 
        802007cc         802007cc        0     1                 .L0 
        802007ea         802007ea        0     1                 .L0 
        802007f4         802007f4        0     1                 .L0 
        802007f8         802007f8        0     1                 .Lpcrel_hi53
        8020080a         8020080a        0     1                 .L0 
        80200814         80200814        0     1                 .L0 
        80200814         80200814        0     1                 .L0 
        80200818         80200818        0     1                 .L0 
        80200818         80200818        0     1                 .L0 
        8020081c         8020081c        0     1                 .L0 
        8020081c         8020081c        0     1                 .L0 
        80200820         80200820        0     1                 .L0 
        80200824         80200824        0     1                 .L0 
        80200824         80200824        0     1                 .L0 
        8020082a         8020082a        0     1                 .L0 
        8020082c         8020082c        0     1                 .L0 
        80200830         80200830        0     1                 .L0 
        80200830         80200830        0     1                 .L0 
        80200834         80200834        0     1                 .L0 
        80200834         80200834        0     1                 .L0 
        80200838         80200838        0     1                 .L0 
        8020083e         8020083e        0     1                 .L0 
        8020083e         8020083e        0     1                 .L0 
        80200842         80200842        0     1                 .L0 
        80200846         80200846        0     1                 .L0 
        8020084c         8020084c        0     1                 .L0 
        8020084e         8020084e        0     1                 .L0 
        80200850         80200850        0     1                 .L0 
        80200850         80200850        0     1                 .L0 
        80200854         80200854        0     1                 .L0 
        8020085c         8020085c        0     1                 .L0 
        8020085c         8020085c        0     1                 .L0 
        8020086e         8020086e        0     1                 .L0 
        8020086e         8020086e        0     1                 .L0 
        80200876         80200876        0     1                 .L0 
        80200876         80200876        0     1                 .L0 
        80200888         80200888        0     1                 .L0 
        80200888         80200888        0     1                 .L0 
        80200896         80200896        0     1                 .L0 
        80200896         80200896        0     1                 .L0 
        8020089a         8020089a        0     1                 .L0 
        8020089a         8020089a        0     1                 .L0 
        8020089e         8020089e        0     1                 .Lpcrel_hi58
        8020089e         8020089e        0     1                 .L0 
        802008a2         802008a2        0     1                 .Lpcrel_hi59
        802008a2         802008a2        0     1                 .L0 
        802008aa         802008aa        0     1                 .L0 
        802008ae         802008ae        0     1                 .L0 
        802008b8         802008b8        0     1                 .L0 
        802008c6         802008c6        0     1                 .Lpcrel_hi60
        802008dc         802008dc        0     1                 .L0 
        802008dc         802008dc        0     1                 .L0 
        802008ec         802008ec        0     1                 .L0 
        802008ec         802008ec        0     1                 .L0 
        802008f4         802008f4        0     1                 .L0 
        802008f4         802008f4        0     1                 .L0 
        80200908         80200908        0     1                 .L0 
        80200908         80200908        0     1                 .L0 
        80200918         80200918        0     1                 .L0 
        80200918         80200918        0     1                 .L0 
        8020091c         8020091c        0     1                 .L0 
        8020091e         8020091e        0     1                 .L0 
        80200922         80200922        0     1                 .L0 
        80200922         80200922        0     1                 .L0 
        80200926         80200926        0     1                 .L0 
        80200926         80200926        0     1                 .L0 
        8020092a         8020092a        0     1                 .L0 
        8020092c         8020092c        0     1                 .L0 
        8020092c         8020092c        0     1                 .L0 
        8020092e         8020092e        0     1                 .L0 
        80200938         80200938        0     1                 .L0 
        8020093a         8020093a        0     1                 .L0 
        8020093e         8020093e        0     1                 .L0 
        80200940         80200940        0     1                 .L0 
        80200942         80200942        0     1                 .L0 
        80200948         80200948        0     1                 .L0 
        80200948         80200948        0     1                 .L0 
        80200952         80200952        0     1                 .L0 
        80200954         80200954        0     1                 .L0 
        80200956         80200956        0     1                 .L0 
        80200958         80200958        0     1                 .L0 
        8020095a         8020095a        0     1                 .L0 
        80200960         80200960        0     1                 .L0 
        80200960         80200960        0     1                 .L0 
        8020096a         8020096a        0     1                 .L0 
        8020096c         8020096c        0     1                 .L0 
        80200970         80200970        0     1                 .L0 
        80200974         80200974        0     1                 .L0 
        80200974         80200974        0     1                 .L0 
        8020097a         8020097a        0     1                 .L0 
        8020097a         8020097a        0     1                 .L0 
        80200984         80200984        0     1                 .L0 
        80200986         80200986        0     1                 .L0 
        8020098a         8020098a        0     1                 .L0 
        8020098c         8020098c        0     1                 .L0 
        8020098c         8020098c        0     1                 .L0 
        80200992         80200992        0     1                 .L0 
        80200992         80200992        0     1                 .L0 
        8020099c         8020099c        0     1                 .L0 
        8020099e         8020099e        0     1                 .L0 
        802009a2         802009a2        0     1                 .L0 
        802009a6         802009a6        0     1                 .L0 
        802009a6         802009a6        0     1                 .L0 
        802009ac         802009ac        0     1                 .L0 
        802009ac         802009ac        0     1                 .L0 
        802009b6         802009b6        0     1                 .L0 
        802009b8         802009b8        0     1                 .L0 
        802009bc         802009bc        0     1                 .L0 
        802009c0         802009c0        0     1                 .L0 
        802009c0         802009c0        0     1                 .L0 
        802009c6         802009c6        0     1                 .L0 
        802009c6         802009c6        0     1                 .L0 
        802009d0         802009d0        0     1                 .L0 
        802009d2         802009d2        0     1                 .L0 
        802009d8         802009d8        0     1                 .L0 
        802009dc         802009dc        0     1                 .L0 
        802009dc         802009dc        0     1                 .L0 
        802009e2         802009e2        0     1                 .L0 
        802009e2         802009e2        0     1                 .L0 
        802009ec         802009ec        0     1                 .L0 
        802009f4         802009f4        0     1                 .L0 
        802009f6         802009f6        0     1                 .L0 
        802009fa         802009fa        0     1                 .L0 
        802009fa         802009fa        0     1                 .L0 
        802009fe         802009fe        0     1                 .L0 
        802009fe         802009fe        0     1                 .L0 
        80200a02         80200a02        0     1                 .L0 
        80200a02         80200a02        0     1                 .L0 
        80200a08         80200a08        0     1                 .L0 
        80200a08         80200a08        0     1                 .L0 
        80200a0a         80200a0a        0     1                 .L0 
        80200a0a         80200a0a        0     1                 .L0 
        80200a10         80200a10        0     1                 .L0 
        80200a10         80200a10        0     1                 .L0 
        80200a12         80200a12        0     1                 .L0 
        80200a12         80200a12        0     1                 .L0 
        80200a18         80200a18        0     1                 .L0 
        80200a18         80200a18        0     1                 .L0 
        80200a1a         80200a1a        0     1                 .L0 
        80200a1a         80200a1a        0     1                 .L0 
        80200a20         80200a20        0     1                 .L0 
        80200a20         80200a20        0     1                 .L0 
        80200a22         80200a22        0     1                 .L0 
        80200a22         80200a22        0     1                 .L0 
        80200a28         80200a28        0     1                 .L0 
        80200a28         80200a28        0     1                 .L0 
        80200a2a         80200a2a        0     1                 .L0 
        80200a2a         80200a2a        0     1                 .L0 
        80200a30         80200a30        0     1                 .L0 
        80200a30         80200a30        0     1                 .L0 
        80200a32         80200a32        0     1                 .L0 
        80200a32         80200a32        0     1                 .L0 
        80200a3a         80200a3a        0     1                 .L0 
        80200a3a         80200a3a        0     1                 .L0 
        80200a3e         80200a3e        0     1                 .Lpcrel_hi69
        80200a42         80200a42        0     1                 .Lpcrel_hi70
        80200a42         80200a42        0     1                 .L0 
        80200a4a         80200a4a        0     1                 .L0 
        80200a54         80200a54        0     1                 .L0 
        80200a62         80200a62        0     1                 .Lpcrel_hi71
        80200a78         80200a78        0     1                 .L0 
        80200a7c         80200a7c        0     1                 .L0 
        80200a7e         80200a7e        0     1                 .L0 
        80200a7e         80200a7e        0     1                 .L0 
        80200a82         80200a82        0     1                 .L0 
        80200a82         80200a82        0     1                 .L0 
        80200a86         80200a86        0     1                 .L0 
        80200a86         80200a86        0     1                 .L0 
        80200a8a         80200a8a        0     1                 .L0 
        80200a8e         80200a8e        0     1                 .L0 
        80200a8e         80200a8e        0     1                 .Lpcrel_hi65
        80200a8e         80200a8e        0     1                 .L0 
        80200aa0         80200aa0        0     1                 .L0 
        80200aa0         80200aa0        0     1                 .Lpcrel_hi35
        80200ab6         80200ab6        0     1                 .Lpcrel_hi36
        80200ac8         80200ac8        0     1                 .L0 
        80200ac8         80200ac8        0     1                 .Lpcrel_hi66
        80200adc         80200adc        0     1                 .L0 
        80200ae6         80200ae6        0     1                 .Lpcrel_hi67
        80200ae6         80200ae6        0     1                 .L0 
        80200af0         80200af0        0     1                 .L0 
        80200af0         80200af0        0     1                 .Lpcrel_hi32
        80200af0         80200af0        0     1                 .L0 
        80200b06         80200b06        0     1                 .Lpcrel_hi33
        80200b18         80200b18        0     1                 .L0 
        80200b18         80200b18        0     1                 .Lpcrel_hi51
        80200b2e         80200b2e        0     1                 .Lpcrel_hi52
        80200b40         80200b40        0     1                 .L0 
        80200b40         80200b40        0     1                 .Lpcrel_hi54
        80200b54         80200b54        0     1                 .L0 
        80200b5e         80200b5e        0     1                 .Lpcrel_hi55
        80200b66         80200b66        0     1                 .L0 
        80200b66         80200b66        0     1                 .L0 
        80200b68         80200b68        0     1                 .L0 
        80200b68         80200b68        0     1                 .Lpcrel_hi56
        80200b68         80200b68        0     1                 .L0 
        80200b7c         80200b7c        0     1                 .L0 
        80200b86         80200b86        0     1                 .Lpcrel_hi57
        80200b8e         80200b8e        0     1                 .L0 
        80200b8e         80200b8e        0     1                 .L0 
        80200b90         80200b90        0     1                 .L0 
        80200b90         80200b90        0     1                 .L0 
        80200b9c         80200b9c        0     1                 .L0 
        80200b9c         80200b9c        0     1                 .Lpcrel_hi61
        80200ba4         80200ba4        0     1                 .L0 
        80200ba6         80200ba6        0     1                 .L0 
        80200bb0         80200bb0        0     1                 .L0 
        80200bb8         80200bb8        0     1                 .L0 
        80200bb8         80200bb8        0     1                 .Lpcrel_hi62
        80200bc0         80200bc0        0     1                 .L0 
        80200bc0         80200bc0        0     1                 .L0 
        80200bc2         80200bc2        0     1                 .L0 
        80200bc2         80200bc2        0     1                 .Lpcrel_hi63
        80200bc2         80200bc2        0     1                 .L0 
        80200bce         80200bce        0     1                 .L0 
        80200bd0         80200bd0        0     1                 .L0 
        80200bda         80200bda        0     1                 .L0 
        80200be2         80200be2        0     1                 .L0 
        80200be2         80200be2        0     1                 .Lpcrel_hi64
        80200bea         80200bea        0     1                 .L0 
        80200bf6         80200bf6        0     1                 .L0 
        80200bf6         80200bf6        0     1                 .Lpcrel_hi39
        80200c0c         80200c0c        0     1                 .Lpcrel_hi40
        80200c1e         80200c1e        0     1                 .L0 
        80200c1e         80200c1e        0     1                 .Lpcrel_hi43
        80200c34         80200c34        0     1                 .Lpcrel_hi44
        80200c46         80200c46        0     1                 .L0 
        80200c46         80200c46        0     1                 .Lpcrel_hi38
        80200c56         80200c56        0     1                 .Lpcrel_hi37
        80200c68         80200c68        0     1                 .L0 
        80200c68         80200c68        0     1                 .Lpcrel_hi68
        80200c78         80200c78        0     1                 .L0 
        80200c78         80200c78        0     1                 .Lpcrel_hi30
        80200c88         80200c88        0     1                 .L0 
        80200c88         80200c88        0     1                 .Lpcrel_hi41
        80200c9c         80200c9c        0     1                 .Lpcrel_hi42
        80200cac         80200cac        0     1                 .L0 
        80200cac         80200cac        0     1                 .Lpcrel_hi45
        80200cc0         80200cc0        0     1                 .Lpcrel_hi46
        80200cd0         80200cd0        0     1                 .L0 
        80200cd0         80200cd0        0     1                 .Lpcrel_hi50
        80200ce0         80200ce0        0     1                 .L0 
        80200ce0         80200ce0        0     1                 .L0 
        80200ce0         80200ce0      19a     2         D:\rust\bogokernel\target\riscv64gc-unknown-none-elf\debug\deps\kernel-366f73143009ccb7.d01shk51xhat95hrwbkp0e0p4.1vgl1hw.rcgu.o:(.text._ZN61_$LT$riscv_pac..result..Error$u20$as$u20$core..fmt..Debug$GT$3fmt17h04c61a78f846b018E)
        80200ce0         80200ce0      19a     1                 _$LT$riscv_pac..result..Error$u20$as$u20$core..fmt..Debug$GT$::fmt::h04c61a78f846b018
        80200ce0         80200ce0        0     1                 .L0 
        80200ce0         80200ce0        0     1                 .L0 
        80200ce0         80200ce0        0     1                 $x
        80200ce0         80200ce0        0     1                 .L0 
        80200ce8         80200ce8        0     1                 .Lpcrel_hi72
        80200cfa         80200cfa        0     1                 .L0 
        80200d06         80200d06        0     1                 .Lpcrel_hi73
        80200d06         80200d06        0     1                 .L0 
        80200d06         80200d06        0     1                 .L0 
        80200d10         80200d10        0     1                 .Lpcrel_hi74
        80200d14         80200d14        0     1                 .Lpcrel_hi75
        80200d18         80200d18        0     1                 .Lpcrel_hi76
        80200d1c         80200d1c        0     1                 .Lpcrel_hi77
        80200d20         80200d20        0     1                 .Lpcrel_hi78
        80200d50         80200d50        0     1                 .L0 
        80200d50         80200d50        0     1                 .L0 
        80200d54         80200d54        0     1                 .Lpcrel_hi96
        80200d54         80200d54        0     1                 .L0 
        80200d58         80200d58        0     1                 .Lpcrel_hi97
        80200d70         80200d70        0     1                 .L0 
        80200d72         80200d72        0     1                 .L0 
        80200d72         80200d72        0     1                 .L0 
        80200d7a         80200d7a        0     1                 .Lpcrel_hi86
        80200d7a         80200d7a        0     1                 .L0 
        80200d7a         80200d7a        0     1                 .L0 
        80200d84         80200d84        0     1                 .Lpcrel_hi87
        80200d88         80200d88        0     1                 .Lpcrel_hi88
        80200d8c         80200d8c        0     1                 .Lpcrel_hi89
        80200d90         80200d90        0     1                 .Lpcrel_hi90
        80200dae         80200dae        0     1                 .L0 
        80200dae         80200dae        0     1                 .L0 
        80200db6         80200db6        0     1                 .Lpcrel_hi91
        80200db6         80200db6        0     1                 .L0 
        80200dc0         80200dc0        0     1                 .Lpcrel_hi92
        80200dc4         80200dc4        0     1                 .Lpcrel_hi93
        80200dc8         80200dc8        0     1                 .Lpcrel_hi94
        80200dcc         80200dcc        0     1                 .Lpcrel_hi95
        80200df6         80200df6        0     1                 .L0 
        80200df8         80200df8        0     1                 .L0 
        80200df8         80200df8        0     1                 .L0 
        80200e04         80200e04        0     1                 .Lpcrel_hi79
        80200e04         80200e04        0     1                 .L0 
        80200e0e         80200e0e        0     1                 .Lpcrel_hi80
        80200e12         80200e12        0     1                 .Lpcrel_hi81
        80200e18         80200e18        0     1                 .Lpcrel_hi82
        80200e1c         80200e1c        0     1                 .Lpcrel_hi83
        80200e20         80200e20        0     1                 .Lpcrel_hi84
        80200e24         80200e24        0     1                 .Lpcrel_hi85
        80200e64         80200e64        0     1                 .L0 
        80200e64         80200e64        0     1                 .Lpcrel_hi98
        80200e7a         80200e7a        0     1                 .L0 
        80200e7a         80200e7a       2a     2         D:\rust\bogokernel\target\riscv64gc-unknown-none-elf\debug\deps\kernel-366f73143009ccb7.d01shk51xhat95hrwbkp0e0p4.1vgl1hw.rcgu.o:(.text._ZN4core3fmt3num52_$LT$impl$u20$core..fmt..Debug$u20$for$u20$usize$GT$3fmt17h2d675aedec41fdc4E)
        80200e7a         80200e7a       2a     1                 core::fmt::num::_$LT$impl$u20$core..fmt..Debug$u20$for$u20$usize$GT$::fmt::h2d675aedec41fdc4
        80200e7a         80200e7a        0     1                 .L0 
        80200e7a         80200e7a        0     1                 .L0 
        80200e7a         80200e7a        0     1                 $x
        80200e7a         80200e7a        0     1                 .L0 
        80200e7e         80200e7e        0     1                 .L0 
        80200e86         80200e86        0     1                 .L0 
        80200e8c         80200e8c        0     1                 .L0 
        80200ea4         80200ea4        0     1                 .L0 
        80200ea4         80200ea4       70     2         D:\rust\bogokernel\target\riscv64gc-unknown-none-elf\debug\deps\kernel-366f73143009ccb7.d01shk51xhat95hrwbkp0e0p4.1vgl1hw.rcgu.o:(.text.after_user)
        80200ea4         80200ea4        0     1                 .L0 
        80200ea4         80200ea4        0     1                 .L0 
        80200ea4         80200ea4        0     1                 $x
        80200ea4         80200ea4        0     1                 .L0 
        80200ea4         80200ea4       70     1                 after_user
        80200ea6         80200ea6        0     1                 .L0 
        80200eae         80200eae        0     1                 .Lpcrel_hi99
        80200ebe         80200ebe        0     1                 .L0 
        80200ebe         80200ebe        0     1                 .L0 
        80200ec8         80200ec8        0     1                 .L0 
        80200ecc         80200ecc        0     1                 .L0 
        80200ecc         80200ecc        0     1                 .L0 
        80200ed0         80200ed0        0     1                 .L0 
        80200ed0         80200ed0        0     1                 .L0 
        80200ed4         80200ed4        0     1                 .L0 
        80200ed8         80200ed8        0     1                 .L0 
        80200ed8         80200ed8        0     1                 .L0 
        80200ede         80200ede        0     1                 .L0 
        80200ee0         80200ee0        0     1                 .L0 
        80200ee4         80200ee4        0     1                 .L0 
        80200ee4         80200ee4        0     1                 .L0 
        80200ee8         80200ee8        0     1                 .L0 
        80200ee8         80200ee8        0     1                 .L0 
        80200eec         80200eec        0     1                 .L0 
        80200ef2         80200ef2        0     1                 .L0 
        80200ef2         80200ef2        0     1                 .L0 
        80200ef6         80200ef6        0     1                 .L0 
        80200efa         80200efa        0     1                 .L0 
        80200f02         80200f02        0     1                 .L0 
        80200f02         80200f02        0     1                 .L0 
        80200f06         80200f06        0     1                 .L0 
        80200f0e         80200f0e        0     1                 .L0 
        80200f0e         80200f0e        0     1                 .L0 
        80200f12         80200f12        0     1                 .L0 
        80200f14         80200f14        0     1                 .L0 
        80200f14         80200f14      282     2         D:\rust\bogokernel\target\riscv64gc-unknown-none-elf\debug\deps\kernel-366f73143009ccb7.d01shk51xhat95hrwbkp0e0p4.1vgl1hw.rcgu.o:(.text.rust_trap)
        80200f14         80200f14        0     1                 .L0 
        80200f14         80200f14        0     1                 .L0 
        80200f14         80200f14        0     1                 $x
        80200f14         80200f14        0     1                 .L0 
        80200f14         80200f14      282     1                 rust_trap
        80200f1a         80200f1a        0     1                 .L0 
        80200f1e         80200f1e        0     1                 .L0 
        80200f26         80200f26        0     1                 .L0 
        80200f26         80200f26        0     1                 .L0 
        80200f2a         80200f2a        0     1                 .L0 
        80200f2e         80200f2e        0     1                 .L0 
        80200f2e         80200f2e        0     1                 .L0 
        80200f32         80200f32        0     1                 .L0 
        80200f46         80200f46        0     1                 .L0 
        80200f4a         80200f4a        0     1                 .L0 
        80200f4a         80200f4a        0     1                 .L0 
        80200f4e         80200f4e        0     1                 .L0 
        80200f4e         80200f4e        0     1                 .L0 
        80200f54         80200f54        0     1                 .L0 
        80200f54         80200f54        0     1                 .L0 
        80200f58         80200f58        0     1                 .L0 
        80200f58         80200f58        0     1                 .L0 
        80200f5c         80200f5c        0     1                 .L0 
        80200f6c         80200f6c        0     1                 .L0 
        80200f72         80200f72        0     1                 .L0 
        80200f72         80200f72        0     1                 .L0 
        80200f7a         80200f7a        0     1                 .L0 
        80200f7a         80200f7a        0     1                 .L0 
        80200f7e         80200f7e        0     1                 .L0 
        80200f7e         80200f7e        0     1                 .L0 
        80200f84         80200f84        0     1                 .L0 
        80200f86         80200f86        0     1                 .L0 
        80200f8a         80200f8a        0     1                 .L0 
        80200f90         80200f90        0     1                 .L0 
        80200f90         80200f90        0     1                 .L0 
        80200f94         80200f94        0     1                 .L0 
        80200f96         80200f96        0     1                 .L0 
        80200f9a         80200f9a        0     1                 .L0 
        80200f9c         80200f9c        0     1                 .Lpcrel_hi122
        80200fac         80200fac        0     1                 .L0 
        80200fac         80200fac        0     1                 .L0 
        80200fae         80200fae        0     1                 .L0 
        80200fb0         80200fb0        0     1                 .L0 
        80200fb4         80200fb4        0     1                 .L0 
        80200fb4         80200fb4        0     1                 .L0 
        80200fbe         80200fbe        0     1                 .L0 
        80200fbe         80200fbe        0     1                 .L0 
        80200fc2         80200fc2        0     1                 .L0 
        80200fc2         80200fc2        0     1                 .L0 
        80200fd4         80200fd4        0     1                 .L0 
        80200fd6         80200fd6        0     1                 .L0 
        80200fda         80200fda        0     1                 .L0 
        80200fde         80200fde        0     1                 .L0 
        80200fde         80200fde        0     1                 .Lpcrel_hi103
        80200fec         80200fec        0     1                 .L0 
        80200ff2         80200ff2        0     1                 .Lpcrel_hi105
        80200ff2         80200ff2        0     1                 .L0 
        80200ffa         80200ffa        0     1                 .Lpcrel_hi106
        80201002         80201002        0     1                 .L0 
        8020100e         8020100e        0     1                 .L0 
        80201010         80201010        0     1                 .L0 
        80201010         80201010        0     1                 .L0 
        80201014         80201014        0     1                 .L0 
        80201016         80201016        0     1                 .Lpcrel_hi108
        8020101a         8020101a        0     1                 .Lpcrel_hi109
        8020101a         8020101a        0     1                 .L0 
        80201022         80201022        0     1                 .L0 
        8020102c         8020102c        0     1                 .L0 
        8020102c         8020102c        0     1                 .L0 
        8020103a         8020103a        0     1                 .Lpcrel_hi110
        80201050         80201050        0     1                 .L0 
        80201050         80201050        0     1                 .L0 
        80201058         80201058        0     1                 .Lpcrel_hi111
        80201058         80201058        0     1                 .L0 
        8020105e         8020105e        0     1                 .Lpcrel_hi112
        80201062         80201062        0     1                 .L0 
        80201062         80201062        0     1                 .Lpcrel_hi113
        8020106a         8020106a        0     1                 .L0 
        8020106e         8020106e        0     1                 .L0 
        80201080         80201080        0     1                 .L0 
        80201082         80201082        0     1                 .L0 
        80201082         80201082        0     1                 .Lpcrel_hi114
        8020109a         8020109a        0     1                 .Lpcrel_hi115
        802010ae         802010ae        0     1                 .L0 
        802010ae         802010ae        0     1                 .L0 
        802010b4         802010b4        0     1                 .L0 
        802010b4         802010b4        0     1                 .L0 
        802010ba         802010ba        0     1                 .L0 
        802010ba         802010ba        0     1                 .L0 
        802010be         802010be        0     1                 .L0 
        802010c4         802010c4        0     1                 .Lpcrel_hi100
        802010c4         802010c4        0     1                 .L0 
        802010c8         802010c8        0     1                 .Lpcrel_hi101
        802010cc         802010cc        0     1                 .Lpcrel_hi102
        802010ea         802010ea        0     1                 .L0 
        802010f0         802010f0        0     1                 .L0 
        802010f0         802010f0        0     1                 .Lpcrel_hi119
        802010f4         802010f4        0     1                 .Lpcrel_hi120
        802010f4         802010f4        0     1                 .L0 
        802010f8         802010f8        0     1                 .L0 
        80201102         80201102        0     1                 .L0 
        8020110e         8020110e        0     1                 .L0 
        80201110         80201110        0     1                 .L0 
        80201110         80201110        0     1                 .L0 
        80201112         80201112        0     1                 .Lpcrel_hi121
        80201120         80201120        0     1                 .L0 
        80201120         80201120        0     1                 .L0 
        80201122         80201122        0     1                 .Lpcrel_hi116
        80201122         80201122        0     1                 .L0 
        80201126         80201126        0     1                 .L0 
        80201126         80201126        0     1                 .Lpcrel_hi117
        8020112c         8020112c        0     1                 .L0 
        80201136         80201136        0     1                 .L0 
        80201144         80201144        0     1                 .Lpcrel_hi118
        80201150         80201150        0     1                 .L0 
        8020115c         8020115c        0     1                 .L0 
        80201160         80201160        0     1                 .L0 
        80201168         80201168        0     1                 .L0 
        80201176         80201176        0     1                 .L0 
        80201176         80201176        0     1                 .Lpcrel_hi104
        80201176         80201176        0     1                 .L0 
        80201186         80201186        0     1                 .Lpcrel_hi107
        80201196         80201196        0     1                 .L0 
        80201196         80201196        0     1                 .L0 
        80201196         80201196       48     2         D:\rust\bogokernel\target\riscv64gc-unknown-none-elf\debug\deps\kernel-366f73143009ccb7.d01shk51xhat95hrwbkp0e0p4.1vgl1hw.rcgu.o:(.text._ZN72_$LT$riscv..interrupt..Trap$LT$I$C$E$GT$$u20$as$u20$core..fmt..Debug$GT$3fmt17hc8c0c768da14aa6eE)
        80201196         80201196       48     1                 _$LT$riscv..interrupt..Trap$LT$I$C$E$GT$$u20$as$u20$core..fmt..Debug$GT$::fmt::hc8c0c768da14aa6e
        80201196         80201196        0     1                 .L0 
        80201196         80201196        0     1                 .L0 
        80201196         80201196        0     1                 $x
        80201196         80201196        0     1                 .L0 
        8020119c         8020119c        0     1                 .L0 
        802011a2         802011a2        0     1                 .L0 
        802011a4         802011a4        0     1                 .Lpcrel_hi123
        802011a4         802011a4        0     1                 .L0 
        802011a4         802011a4        0     1                 .L0 
        802011a8         802011a8        0     1                 .Lpcrel_hi124
        802011b8         802011b8        0     1                 .L0 
        802011ba         802011ba        0     1                 .Lpcrel_hi125
        802011ba         802011ba        0     1                 .L0 
        802011be         802011be        0     1                 .Lpcrel_hi126
        802011de         802011de        0     1                 .L0 
        802011de         802011de      124     2         D:\rust\bogokernel\target\riscv64gc-unknown-none-elf\debug\deps\kernel-366f73143009ccb7.d01shk51xhat95hrwbkp0e0p4.1vgl1hw.rcgu.o:(.text._RNvCs4pED7du1fNF_7___rustc14___rust_realloc)
        802011de         802011de        0     1                 .L0 
        802011de         802011de        0     1                 .L0 
        802011de         802011de        0     1                 $x
        802011de         802011de        0     1                 .L0 
        802011de         802011de      124     1                 __rustc::__rust_realloc
        802011f6         802011f6        0     1                 .L0 
        802011f6         802011f6        0     1                 .L0 
        80201204         80201204        0     1                 .L0 
        80201204         80201204        0     1                 .L0 
        80201212         80201212        0     1                 .L0 
        80201212         80201212        0     1                 .Lpcrel_hi131
        80201212         80201212        0     1                 .L0 
        80201228         80201228        0     1                 .L0 
        80201228         80201228        0     1                 .L0 
        8020122a         8020122a        0     1                 .L0 
        8020122a         8020122a        0     1                 .L0 
        8020122e         8020122e        0     1                 .L0 
        80201230         80201230        0     1                 .L0 
        80201230         80201230        0     1                 .L0 
        80201236         80201236        0     1                 .L0 
        80201236         80201236        0     1                 .L0 
        8020123a         8020123a        0     1                 .L0 
        80201240         80201240        0     1                 .L0 
        80201244         80201244        0     1                 .L0 
        80201248         80201248        0     1                 .L0 
        80201248         80201248        0     1                 .L0 
        80201256         80201256        0     1                 .L0 
        80201268         80201268        0     1                 .L0 
        8020127a         8020127a        0     1                 .L0 
        8020127a         8020127a        0     1                 .Lpcrel_hi132
        80201286         80201286        0     1                 .L0 
        80201288         80201288        0     1                 .L0 
        80201292         80201292        0     1                 .L0 
        8020129a         8020129a        0     1                 .L0 
        8020129a         8020129a        0     1                 .Lpcrel_hi133
        8020129a         8020129a        0     1                 .L0 
        802012a4         802012a4        0     1                 .L0 
        802012a4         802012a4        0     1                 .Lpcrel_hi127
        802012a4         802012a4        0     1                 .L0 
        802012b0         802012b0        0     1                 .L0 
        802012b2         802012b2        0     1                 .L0 
        802012bc         802012bc        0     1                 .L0 
        802012c4         802012c4        0     1                 .L0 
        802012c4         802012c4        0     1                 .Lpcrel_hi128
        802012cc         802012cc        0     1                 .L0 
        802012cc         802012cc        0     1                 .L0 
        802012ce         802012ce        0     1                 .L0 
        802012ce         802012ce        0     1                 .Lpcrel_hi129
        802012ce         802012ce        0     1                 .L0 
        802012da         802012da        0     1                 .L0 
        802012dc         802012dc        0     1                 .L0 
        802012e6         802012e6        0     1                 .L0 
        802012ee         802012ee        0     1                 .L0 
        802012ee         802012ee        0     1                 .Lpcrel_hi130
        802012f6         802012f6        0     1                 .L0 
        80201302         80201302        0     1                 .L0 
        80201302         80201302      118     2         D:\rust\bogokernel\target\riscv64gc-unknown-none-elf\debug\deps\kernel-366f73143009ccb7.d01shk51xhat95hrwbkp0e0p4.1vgl1hw.rcgu.o:(.text._ZN4core3fmt5Write10write_char17ha22a2efc91265ad7E)
        80201302         80201302      118     1                 core::fmt::Write::write_char::ha22a2efc91265ad7
        80201302         80201302        0     1                 .L0 
        80201302         80201302        0     1                 .L0 
        80201302         80201302        0     1                 $x
        80201302         80201302        0     1                 .L0 
        8020130a         8020130a        0     1                 .L0 
        8020130a         8020130a        0     1                 .L0 
        8020130e         8020130e        0     1                 .L0 
        8020130e         8020130e        0     1                 .L0 
        80201310         80201310        0     1                 .L0 
        80201310         80201310        0     1                 .L0 
        80201316         80201316        0     1                 .L0 
        80201316         80201316        0     1                 .L0 
        8020131c         8020131c        0     1                 .L0 
        8020131c         8020131c        0     1                 .L0 
        8020131e         8020131e        0     1                 .L0 
        8020131e         8020131e        0     1                 .L0 
        80201322         80201322        0     1                 .L0 
        80201328         80201328        0     1                 .L0 
        80201328         80201328        0     1                 .L0 
        80201340         80201340        0     1                 .L0 
        80201342         80201342        0     1                 .L0 
        80201342         80201342        0     1                 .L0 
        8020134c         8020134c        0     1                 .L0 
        8020134c         8020134c        0     1                 .L0 
        80201350         80201350        0     1                 .L0 
        80201350         80201350        0     1                 .L0 
        80201354         80201354        0     1                 .L0 
        8020135c         8020135c        0     1                 .L0 
        8020135e         8020135e        0     1                 .L0 
        80201362         80201362        0     1                 .L0 
        8020136c         8020136c        0     1                 .L0 
        8020136c         8020136c        0     1                 .L0 
        80201370         80201370        0     1                 .L0 
        80201370         80201370        0     1                 .L0 
        80201374         80201374        0     1                 .L0 
        80201378         80201378        0     1                 .L0 
        8020137e         8020137e        0     1                 .L0 
        80201380         80201380        0     1                 .L0 
        80201384         80201384        0     1                 .L0 
        80201384         80201384        0     1                 .L0 
        80201388         80201388        0     1                 .L0 
        80201388         80201388        0     1                 .L0 
        8020138c         8020138c        0     1                 .L0 
        80201392         80201392        0     1                 .L0 
        80201392         80201392        0     1                 .L0 
        80201396         80201396        0     1                 .L0 
        8020139a         8020139a        0     1                 .L0 
        802013a0         802013a0        0     1                 .L0 
        802013a2         802013a2        0     1                 .L0 
        802013a4         802013a4        0     1                 .L0 
        802013a4         802013a4        0     1                 .L0 
        802013a8         802013a8        0     1                 .L0 
        802013b0         802013b0        0     1                 .L0 
        802013b0         802013b0        0     1                 .L0 
        802013b6         802013b6        0     1                 .L0 
        802013b6         802013b6        0     1                 .L0 
        802013bc         802013bc        0     1                 .L0 
        802013bc         802013bc        0     1                 .L0 
        802013de         802013de        0     1                 .L0 
        802013e4         802013e4        0     1                 .L0 
        80201418         80201418        0     1                 .L0 
        8020141a         8020141a        0     1                 .L0 
        8020141a         8020141a        0     1                 .L0 
        8020141a         8020141a       34     2         D:\rust\bogokernel\target\riscv64gc-unknown-none-elf\debug\deps\kernel-366f73143009ccb7.d01shk51xhat95hrwbkp0e0p4.1vgl1hw.rcgu.o:(.text._ZN4core3fmt5Write9write_fmt17hb5fb308c35181c6aE)
        8020141a         8020141a       34     1                 core::fmt::Write::write_fmt::hb5fb308c35181c6a
        8020141a         8020141a        0     1                 .L0 
        8020141a         8020141a        0     1                 .L0 
        8020141a         8020141a        0     1                 $x
        8020141a         8020141a        0     1                 .L0 
        8020141e         8020141e        0     1                 .L0 
        80201436         80201436        0     1                 .Lpcrel_hi143
        8020144e         8020144e        0     1                 .L0 
        8020144e         8020144e       5e     2         D:\rust\bogokernel\target\riscv64gc-unknown-none-elf\debug\deps\kernel-366f73143009ccb7.d01shk51xhat95hrwbkp0e0p4.1vgl1hw.rcgu.o:(.text._ZN55_$LT$kernel..uart..Uart$u20$as$u20$core..fmt..Write$GT$9write_str17h57dde6be6ca449bdE)
        8020144e         8020144e       5e     1                 _$LT$kernel..uart..Uart$u20$as$u20$core..fmt..Write$GT$::write_str::h57dde6be6ca449bd
        8020144e         8020144e        0     1                 .L0 
        8020144e         8020144e        0     1                 .L0 
        8020144e         8020144e        0     1                 $x
        8020144e         8020144e        0     1                 .L0 
        80201452         80201452        0     1                 .L0 
        80201454         80201454        0     1                 .L0 
        8020145a         8020145a        0     1                 .L0 
        80201464         80201464        0     1                 .L0 
        80201464         80201464        0     1                 .L0 
        80201468         80201468        0     1                 .L0 
        80201468         80201468        0     1                 .L0 
        8020146c         8020146c        0     1                 .L0 
        80201470         80201470        0     1                 .L0 
        80201476         80201476        0     1                 .L0 
        80201478         80201478        0     1                 .L0 
        8020147c         8020147c        0     1                 .L0 
        8020147c         8020147c        0     1                 .L0 
        80201480         80201480        0     1                 .L0 
        80201480         80201480        0     1                 .L0 
        80201484         80201484        0     1                 .L0 
        8020148a         8020148a        0     1                 .L0 
        8020148a         8020148a        0     1                 .L0 
        8020148e         8020148e        0     1                 .L0 
        80201492         80201492        0     1                 .L0 
        80201498         80201498        0     1                 .L0 
        8020149a         8020149a        0     1                 .L0 
        8020149c         8020149c        0     1                 .L0 
        8020149c         8020149c        0     1                 .L0 
        802014a0         802014a0        0     1                 .L0 
        802014a8         802014a8        0     1                 .L0 
        802014a8         802014a8        0     1                 .L0 
        802014ac         802014ac        0     1                 .L0 
        802014ac         802014ac       2a     2         D:\rust\bogokernel\target\riscv64gc-unknown-none-elf\debug\deps\kernel-366f73143009ccb7.d01shk51xhat95hrwbkp0e0p4.1vgl1hw.rcgu.o:(.text._ZN42_$LT$$RF$T$u20$as$u20$core..fmt..Debug$GT$3fmt17h0a6cae5f486117afE)
        802014ac         802014ac       2a     1                 _$LT$$RF$T$u20$as$u20$core..fmt..Debug$GT$::fmt::h0a6cae5f486117af
        802014ac         802014ac        0     1                 .L0 
        802014ac         802014ac        0     1                 .L0 
        802014ac         802014ac        0     1                 $x
        802014ac         802014ac        0     1                 .L0 
        802014ae         802014ae        0     1                 .L0 
        802014ae         802014ae        0     1                 .Lpcrel_hi144
        802014b4         802014b4        0     1                 .Lpcrel_hi145
        802014d6         802014d6        0     1                 .L0 
        802014d6         802014d6       48     2         D:\rust\bogokernel\target\riscv64gc-unknown-none-elf\debug\deps\kernel-366f73143009ccb7.d01shk51xhat95hrwbkp0e0p4.1vgl1hw.rcgu.o:(.text._ZN42_$LT$$RF$T$u20$as$u20$core..fmt..Debug$GT$3fmt17h72d239f3af179875E)
        802014d6         802014d6       48     1                 _$LT$$RF$T$u20$as$u20$core..fmt..Debug$GT$::fmt::h72d239f3af179875
        802014d6         802014d6        0     1                 .L0 
        802014d6         802014d6        0     1                 .L0 
        802014d6         802014d6        0     1                 $x
        802014d6         802014d6        0     1                 .L0 
        802014d8         802014d8        0     1                 .L0 
        802014d8         802014d8        0     1                 .L0 
        802014e2         802014e2        0     1                 .L0 
        802014e4         802014e4        0     1                 .L0 
        802014e8         802014e8        0     1                 .Lpcrel_hi147
        802014e8         802014e8        0     1                 .L0 
        802014fa         802014fa        0     1                 .Lpcrel_hi146
        8020150c         8020150c        0     1                 .Lpcrel_hi148
[...]
           1ee60            1ee60        0     1                 .L0 
           1eeb0            1eeb0        0     1                 .L0 
           1eee0            1eee0        0     1                 .L0 
           1ef10            1ef10        0     1                 .L0 
           1ef40            1ef40        0     1                 .L0 
           1ef70            1ef70        0     1                 .L0 
           1efb0            1efb0        0     1                 .L0 
           1eff0            1eff0        0     1                 .L0 
           1f040            1f040        0     1                 .L0 
           1f090            1f090        0     1                 .L0 
           1f0c0            1f0c0        0     1                 .L0 
           1f0f0            1f0f0        0     1                 .L0 
           1f120            1f120        0     1                 .L0 
           1f150            1f150        0     1                 .L0 
           1f180            1f180        0     1                 .L0 
           1f1b0            1f1b0        0     1                 .L0 
           1f1f0            1f1f0        0     1                 .L0 
           1f220            1f220        0     1                 .L0 
           1f250            1f250        0     1                 .L0 
           1f280            1f280        0     1                 .L0 
           1f2b0            1f2b0        0     1                 .L0 
           1f2e0            1f2e0        0     1                 .L0 
           1f310            1f310        0     1                 .L0 
           1f350            1f350        0     1                 .L0 
           1f380            1f380        0     1                 .L0 
           214b0            214b0       30     1         C:\Users\Magnus\.rustup\toolchains\nightly-x86_64-pc-windows-msvc\lib\rustlib\riscv64gc-unknown-none-elf\lib\libcompiler_builtins-68e6dafd27578d1b.rlib(compiler_builtins-68e6dafd27578d1b.compiler_builtins.28f9de005c366824-cgu.158.rcgu.o):(.debug_ranges)
           214b0            214b0        0     1                 .L0 
           214b0            214b0        0     1                 $d
           214e0            214e0       30     1         C:\Users\Magnus\.rustup\toolchains\nightly-x86_64-pc-windows-msvc\lib\rustlib\riscv64gc-unknown-none-elf\lib\libcompiler_builtins-68e6dafd27578d1b.rlib(compiler_builtins-68e6dafd27578d1b.compiler_builtins.28f9de005c366824-cgu.207.rcgu.o):(.debug_ranges)
           214e0            214e0        0     1                 .L0 
           214e0            214e0        0     1                 $d
           21510            21510      9f0     1         C:\Users\Magnus\.rustup\toolchains\nightly-x86_64-pc-windows-msvc\lib\rustlib\riscv64gc-unknown-none-elf\lib\libcompiler_builtins-68e6dafd27578d1b.rlib(compiler_builtins-68e6dafd27578d1b.compiler_builtins.28f9de005c366824-cgu.008.rcgu.o):(.debug_ranges)
           21510            21510        0     1                 .L0 
           21510            21510        0     1                 $d
           21540            21540        0     1                 .L0 
           21570            21570        0     1                 .L0 
           215a0            215a0        0     1                 .L0 
           215e0            215e0        0     1                 .L0 
           21620            21620        0     1                 .L0 
           21650            21650        0     1                 .L0 
           21680            21680        0     1                 .L0 
           216b0            216b0        0     1                 .L0 
           216e0            216e0        0     1                 .L0 
           21710            21710        0     1                 .L0 
           21740            21740        0     1                 .L0 
           21770            21770        0     1                 .L0 
           217a0            217a0        0     1                 .L0 
           217d0            217d0        0     1                 .L0 
           21800            21800        0     1                 .L0 
           21830            21830        0     1                 .L0 
           21860            21860        0     1                 .L0 
           218c0            218c0        0     1                 .L0 
           218f0            218f0        0     1                 .L0 
           21930            21930        0     1                 .L0 
           21960            21960        0     1                 .L0 
           21990            21990        0     1                 .L0 
           219c0            219c0        0     1                 .L0 
           219f0            219f0        0     1                 .L0 
           21a30            21a30        0     1                 .L0 
           21a70            21a70        0     1                 .L0 
           21aa0            21aa0        0     1                 .L0 
           21ad0            21ad0        0     1                 .L0 
           21b10            21b10        0     1                 .L0 
           21b50            21b50        0     1                 .L0 
           21bb0            21bb0        0     1                 .L0 
           21be0            21be0        0     1                 .L0 
           21c20            21c20        0     1                 .L0 
           21c60            21c60        0     1                 .L0 
           21ca0            21ca0        0     1                 .L0 
           21cd0            21cd0        0     1                 .L0 
           21d00            21d00        0     1                 .L0 
           21d30            21d30        0     1                 .L0 
           21d60            21d60        0     1                 .L0 
           21d90            21d90        0     1                 .L0 
           21dc0            21dc0        0     1                 .L0 
           21df0            21df0        0     1                 .L0 
           21e30            21e30        0     1                 .L0 
           21e70            21e70        0     1                 .L0 
           21ea0            21ea0        0     1                 .L0 
           21f00            21f00      1a0     1         C:\Users\Magnus\.rustup\toolchains\nightly-x86_64-pc-windows-msvc\lib\rustlib\riscv64gc-unknown-none-elf\lib\libcompiler_builtins-68e6dafd27578d1b.rlib(compiler_builtins-68e6dafd27578d1b.compiler_builtins.28f9de005c366824-cgu.223.rcgu.o):(.debug_ranges)
           21f00            21f00        0     1                 .L0 
           21f00            21f00        0     1                 $d
           21f40            21f40        0     1                 .L0 
           21f80            21f80        0     1                 .L0 
           21fc0            21fc0        0     1                 .L0 
           22000            22000        0     1                 .L0 
           22040            22040        0     1                 .L0 
           22070            22070        0     1                 .L0 
           220a0            220a0      300     1         C:\Users\Magnus\.rustup\toolchains\nightly-x86_64-pc-windows-msvc\lib\rustlib\riscv64gc-unknown-none-elf\lib\libcompiler_builtins-68e6dafd27578d1b.rlib(compiler_builtins-68e6dafd27578d1b.compiler_builtins.28f9de005c366824-cgu.013.rcgu.o):(.debug_ranges)
           220a0            220a0        0     1                 .L0 
           220a0            220a0        0     1                 $d
           220d0            220d0        0     1                 .L0 
           22100            22100        0     1                 .L0 
           22140            22140        0     1                 .L0 
           22170            22170        0     1                 .L0 
           221a0            221a0        0     1                 .L0 
           221d0            221d0        0     1                 .L0 
           22200            22200        0     1                 .L0 
           22230            22230        0     1                 .L0 
           22260            22260        0     1                 .L0 
           222a0            222a0        0     1                 .L0 
           222d0            222d0        0     1                 .L0 
           22300            22300        0     1                 .L0 
           22330            22330        0     1                 .L0 
           22360            22360        0     1                 .L0 
           223a0            223a0       90     1         C:\Users\Magnus\.rustup\toolchains\nightly-x86_64-pc-windows-msvc\lib\rustlib\riscv64gc-unknown-none-elf\lib\libcompiler_builtins-68e6dafd27578d1b.rlib(compiler_builtins-68e6dafd27578d1b.compiler_builtins.28f9de005c366824-cgu.343.rcgu.o):(.debug_ranges)
           223a0            223a0        0     1                 .L0 
           223a0            223a0        0     1                 $d
           223d0            223d0        0     1                 .L0 
           22400            22400        0     1                 .L0 
               0                0    5938a     1 .debug_str
               0                0    5938a     1         <internal>:(.debug_str)
               0                0       a1     1 .comment
               0                0       a1     1         <internal>:(.comment)
               0                0       74     1 .riscv.attributes
               0                0       74     1         <internal>:(.riscv.attributes)
               0                0      e70     8 .debug_frame
               0                0      380     8         D:\rust\bogokernel\target\riscv64gc-unknown-none-elf\debug\deps\kernel-366f73143009ccb7.d01shk51xhat95hrwbkp0e0p4.1vgl1hw.rcgu.o:(.debug_frame)
               0                0        0     1                 .L0 
               0                0        0     1                 $d
             380              380      488     8         D:\rust\bogokernel\target\riscv64gc-unknown-none-elf\debug\deps\liblinked_list_allocator-fde430cc1c82fdfa.rlib(linked_list_allocator-fde430cc1c82fdfa.linked_list_allocator.48228f020a9ae77e-cgu.0.rcgu.o):(.debug_frame)
             380              380        0     1                 .L0 
             380              380        0     1                 $d
             808              808       78     8         D:\rust\bogokernel\target\riscv64gc-unknown-none-elf\debug\deps\libspinning_top-74f701bdc242520b.rlib(spinning_top-74f701bdc242520b.spinning_top.c4465a07ef79aa37-cgu.0.rcgu.o):(.debug_frame)
             808              808        0     1                 .L0 
             808              808        0     1                 $d
             880              880      548     8         D:\rust\bogokernel\target\riscv64gc-unknown-none-elf\debug\deps\libriscv-12f97313a2f4b3b2.rlib(riscv-12f97313a2f4b3b2.riscv.78458f0e7726b2ae-cgu.0.rcgu.o):(.debug_frame)
             880              880        0     1                 .L0 
             880              880        0     1                 $d
             dc8              dc8       a8     8         D:\rust\bogokernel\target\riscv64gc-unknown-none-elf\debug\deps\libriscv_pac-e3a0a477a6af16c9.rlib(riscv_pac-e3a0a477a6af16c9.riscv_pac.eba0cecd549cb8d4-cgu.0.rcgu.o):(.debug_frame)
             dc8              dc8        0     1                 .L0 
             dc8              dc8        0     1                 $d
               0                0    288d8     1 .debug_line
               0                0     21ec     1         D:\rust\bogokernel\target\riscv64gc-unknown-none-elf\debug\deps\kernel-366f73143009ccb7.d01shk51xhat95hrwbkp0e0p4.1vgl1hw.rcgu.o:(.debug_line)
               0                0        0     1                 .Lline_table_start0
               0                0        0     1                 $d
            21ec             21ec     132b     1         D:\rust\bogokernel\target\riscv64gc-unknown-none-elf\debug\deps\liblinked_list_allocator-fde430cc1c82fdfa.rlib(linked_list_allocator-fde430cc1c82fdfa.linked_list_allocator.48228f020a9ae77e-cgu.0.rcgu.o):(.debug_line)
            21ec             21ec        0     1                 .Lline_table_start0
            21ec             21ec        0     1                 $d
            3517             3517      275     1         D:\rust\bogokernel\target\riscv64gc-unknown-none-elf\debug\deps\libspinning_top-74f701bdc242520b.rlib(spinning_top-74f701bdc242520b.spinning_top.c4465a07ef79aa37-cgu.0.rcgu.o):(.debug_line)
            3517             3517        0     1                 .Lline_table_start0
            3517             3517        0     1                 $d
            378c             378c      d14     1         D:\rust\bogokernel\target\riscv64gc-unknown-none-elf\debug\deps\libriscv-12f97313a2f4b3b2.rlib(riscv-12f97313a2f4b3b2.riscv.78458f0e7726b2ae-cgu.0.rcgu.o):(.debug_line)
            378c             378c        0     1                 .Lline_table_start0
            378c             378c        0     1                 $d
            44a0             44a0      302     1         D:\rust\bogokernel\target\riscv64gc-unknown-none-elf\debug\deps\libriscv_pac-e3a0a477a6af16c9.rlib(riscv_pac-e3a0a477a6af16c9.riscv_pac.eba0cecd549cb8d4-cgu.0.rcgu.o):(.debug_line)
            44a0             44a0        0     1                 .Lline_table_start0
            44a0             44a0        0     1                 $d
            47a2             47a2     54df     1         C:\Users\Magnus\.rustup\toolchains\nightly-x86_64-pc-windows-msvc\lib\rustlib\riscv64gc-unknown-none-elf\lib\liballoc-3317f9e748cf927c.rlib(alloc-3317f9e748cf927c.alloc.d03166e6a028c926-cgu.0.rcgu.o):(.debug_line)
            47a2             47a2        0     1                 .Lline_table_start0
            47a2             47a2        0     1                 $d
            9c81             9c81    1c8cd     1         C:\Users\Magnus\.rustup\toolchains\nightly-x86_64-pc-windows-msvc\lib\rustlib\riscv64gc-unknown-none-elf\lib\libcore-6873ca3f970f9a34.rlib(core-6873ca3f970f9a34.core.d22cbba136389eb0-cgu.0.rcgu.o):(.debug_line)
            9c81             9c81        0     1                 .Lline_table_start0
            9c81             9c81        0     1                 $d
           2654e            2654e      410     1         C:\Users\Magnus\.rustup\toolchains\nightly-x86_64-pc-windows-msvc\lib\rustlib\riscv64gc-unknown-none-elf\lib\libcompiler_builtins-68e6dafd27578d1b.rlib(compiler_builtins-68e6dafd27578d1b.compiler_builtins.28f9de005c366824-cgu.158.rcgu.o):(.debug_line)
           2654e            2654e        0     1                 .Lline_table_start0
           2654e            2654e        0     1                 $d
           2682c            2682c        0     1                 .Lline_table_start1
           2695e            2695e      18a     1         C:\Users\Magnus\.rustup\toolchains\nightly-x86_64-pc-windows-msvc\lib\rustlib\riscv64gc-unknown-none-elf\lib\libcompiler_builtins-68e6dafd27578d1b.rlib(compiler_builtins-68e6dafd27578d1b.compiler_builtins.28f9de005c366824-cgu.207.rcgu.o):(.debug_line)
           2695e            2695e        0     1                 .Lline_table_start0
           2695e            2695e        0     1                 $d
           26a4d            26a4d        0     1                 .Lline_table_start1
           26ae8            26ae8       72     1         C:\Users\Magnus\.rustup\toolchains\nightly-x86_64-pc-windows-msvc\lib\rustlib\riscv64gc-unknown-none-elf\lib\libcompiler_builtins-68e6dafd27578d1b.rlib(compiler_builtins-68e6dafd27578d1b.compiler_builtins.28f9de005c366824-cgu.210.rcgu.o):(.debug_line)
           26ae8            26ae8        0     1                 .Lline_table_start0
           26ae8            26ae8        0     1                 $d
           26b5a            26b5a      b02     1         C:\Users\Magnus\.rustup\toolchains\nightly-x86_64-pc-windows-msvc\lib\rustlib\riscv64gc-unknown-none-elf\lib\libcompiler_builtins-68e6dafd27578d1b.rlib(compiler_builtins-68e6dafd27578d1b.compiler_builtins.28f9de005c366824-cgu.008.rcgu.o):(.debug_line)
           26b5a            26b5a        0     1                 .Lline_table_start0
           26b5a            26b5a        0     1                 $d
           2765c            2765c      4a4     1         C:\Users\Magnus\.rustup\toolchains\nightly-x86_64-pc-windows-msvc\lib\rustlib\riscv64gc-unknown-none-elf\lib\libcompiler_builtins-68e6dafd27578d1b.rlib(compiler_builtins-68e6dafd27578d1b.compiler_builtins.28f9de005c366824-cgu.223.rcgu.o):(.debug_line)
           2765c            2765c        0     1                 .Lline_table_start0
           2765c            2765c        0     1                 $d
           2790c            2790c        0     1                 .Lline_table_start1
           27a56            27a56        0     1                 .Lline_table_start2
           27b00            27b00      11c     1         C:\Users\Magnus\.rustup\toolchains\nightly-x86_64-pc-windows-msvc\lib\rustlib\riscv64gc-unknown-none-elf\lib\libcompiler_builtins-68e6dafd27578d1b.rlib(compiler_builtins-68e6dafd27578d1b.compiler_builtins.28f9de005c366824-cgu.247.rcgu.o):(.debug_line)
           27b00            27b00        0     1                 .Lline_table_start0
           27b00            27b00        0     1                 $d
           27bc1            27bc1        0     1                 .Lline_table_start1
           27c1c            27c1c      7d7     1         C:\Users\Magnus\.rustup\toolchains\nightly-x86_64-pc-windows-msvc\lib\rustlib\riscv64gc-unknown-none-elf\lib\libcompiler_builtins-68e6dafd27578d1b.rlib(compiler_builtins-68e6dafd27578d1b.compiler_builtins.28f9de005c366824-cgu.013.rcgu.o):(.debug_line)
           27c1c            27c1c        0     1                 .Lline_table_start0
           27c1c            27c1c        0     1                 $d
           283f3            283f3       72     1         C:\Users\Magnus\.rustup\toolchains\nightly-x86_64-pc-windows-msvc\lib\rustlib\riscv64gc-unknown-none-elf\lib\libcompiler_builtins-68e6dafd27578d1b.rlib(compiler_builtins-68e6dafd27578d1b.compiler_builtins.28f9de005c366824-cgu.323.rcgu.o):(.debug_line)
           283f3            283f3        0     1                 .Lline_table_start0
           283f3            283f3        0     1                 $d
           28465            28465      2fa     1         C:\Users\Magnus\.rustup\toolchains\nightly-x86_64-pc-windows-msvc\lib\rustlib\riscv64gc-unknown-none-elf\lib\libcompiler_builtins-68e6dafd27578d1b.rlib(compiler_builtins-68e6dafd27578d1b.compiler_builtins.28f9de005c366824-cgu.343.rcgu.o):(.debug_line)
           28465            28465        0     1                 .Lline_table_start0
           28465            28465        0     1                 $d
           28654            28654        0     1                 .Lline_table_start1
           2875f            2875f      179     1         C:\Users\Magnus\.rustup\toolchains\nightly-x86_64-pc-windows-msvc\lib\rustlib\riscv64gc-unknown-none-elf\lib\libcompiler_builtins-68e6dafd27578d1b.rlib(compiler_builtins-68e6dafd27578d1b.compiler_builtins.28f9de005c366824-cgu.350.rcgu.o):(.debug_line)
           2875f            2875f        0     1                 .Lline_table_start0
           2875f            2875f        0     1                 $d
           2883d            2883d        0     1                 .Lline_table_start1
               0                0    27630     8 .symtab
               0                0    27630     8         <internal>:(.symtab)
               0                0       bf     1 .shstrtab
               0                0       bf     1         <internal>:(.shstrtab)
               0                0     c5fd     1 .strtab
               0                0     c5fd     1         <internal>:(.strtab)
